10.0.0.1 - - [14/Jun/2024:07:47:14 +0000] "GET /submit_form HTTP/2.0" 200 2894 "http://example.com" "Mozilla/5.0 (compatible; Googlebot/2.1; +http://www.google.com/bot.html)"
192.168.1.2 - - [14/Jun/2024:07:47:14 +0000] "POST /index.html HTTP/2.0" 302 4859 "http://test.com" "Mozilla/5.0 (Windows NT 6.1; WOW64) AppleWebKit/537.36 (KHTML, like Gecko) Chrome/90.0.4430.212 Safari/537.36"
192.168.1.4 - - [14/Jun/2024:07:47:14 +0000] "PUT /index.html HTTP/1.1" 200 1451 "http://example.com" "Mozilla/5.0 (Macintosh; Intel Mac OS X 10_15_7) AppleWebKit/537.36 (KHTML, like Gecko) Chrome/91.0.4472.114 Safari/537.36"
192.168.1.4 - - [14/Jun/2024:07:47:14 +0000] "DELETE /robots.txt HTTP/1.0" 302 1385 "http://test.com" "Mozilla/5.0 (Windows NT 6.1; WOW64) AppleWebKit/537.36 (KHTML, like Gecko) Chrome/90.0.4430.212 Safari/537.36"
192.168.1.2 - - [14/Jun/2024:07:47:14 +0000] "GET /robots.txt HTTP/1.1" 404 3638 "http://localhost" "Mozilla/5.0 (Macintosh; Intel Mac OS X 10_15_7) AppleWebKit/537.36 (KHTML, like Gecko) Chrome/91.0.4472.114 Safari/537.36"
192.168.1.1 - - [14/Jun/2024:07:47:14 +0000] "DELETE /submit_form HTTP/2.0" 200 4931 "http://localhost" "Mozilla/5.0 (compatible; Googlebot/2.1; +http://www.google.com/bot.html)"
10.0.0.1 - - [14/Jun/2024:07:47:14 +0000] "POST /submit_form HTTP/1.0" 302 661 "http://test.com" "Mozilla/5.0 (Macintosh; Intel Mac OS X 10_15_7) AppleWebKit/537.36 (KHTML, like Gecko) Chrome/91.0.4472.114 Safari/537.36"
192.168.1.3 - - [14/Jun/2024:07:47:14 +0000] "DELETE /image.jpg HTTP/1.0" 200 4169 "http://example.com" "Mozilla/5.0 (Windows NT 10.0; Win64; x64) AppleWebKit/537.36 (KHTML, like Gecko) Chrome/90.0.4430.212 Safari/537.36"
192.168.1.4 - - [14/Jun/2024:07:47:14 +0000] "DELETE /submit_form HTTP/1.1" 302 4114 "http://test.com" "Mozilla/5.0 (Windows NT 10.0; Win64; x64) AppleWebKit/537.36 (KHTML, like Gecko) Chrome/90.0.4430.212 Safari/537.36"
192.168.1.3 - - [14/Jun/2024:07:47:14 +0000] "PUT /submit_form HTTP/1.0" 200 2670 "http://test.com" "Mozilla/5.0 (compatible; Googlebot/2.1; +http://www.google.com/bot.html)"
192.168.1.1 - - [14/Jun/2024:07:47:14 +0000] "DELETE /submit_form HTTP/2.0" 302 3261 "http://localhost" "Mozilla/5.0 (Macintosh; Intel Mac OS X 10_15_7) AppleWebKit/537.36 (KHTML, like Gecko) Chrome/91.0.4472.114 Safari/537.36"
192.168.1.2 - - [14/Jun/2024:07:47:14 +0000] "DELETE /index.html HTTP/1.0" 404 4942 "http://example.com" "Mozilla/5.0 (Macintosh; Intel Mac OS X 10_15_7) AppleWebKit/537.36 (KHTML, like Gecko) Chrome/91.0.4472.114 Safari/537.36"
192.168.1.4 - - [14/Jun/2024:07:47:14 +0000] "GET /robots.txt HTTP/1.0" 302 1323 "http://localhost" "Mozilla/5.0 (Windows NT 6.1; WOW64) AppleWebKit/537.36 (KHTML, like Gecko) Chrome/90.0.4430.212 Safari/537.36"
192.168.1.1 - - [14/Jun/2024:07:47:14 +0000] "DELETE /submit_form HTTP/2.0" 302 1746 "http://example.com" "Mozilla/5.0 (Windows NT 6.1; WOW64) AppleWebKit/537.36 (KHTML, like Gecko) Chrome/90.0.4430.212 Safari/537.36"
192.168.1.2 - - [14/Jun/2024:07:47:14 +0000] "GET /index.html HTTP/1.1" 404 4470 "http://test.com" "Mozilla/5.0 (Macintosh; Intel Mac OS X 10_15_7) AppleWebKit/537.36 (KHTML, like Gecko) Chrome/91.0.4472.114 Safari/537.36"
192.168.1.4 - - [14/Jun/2024:07:47:14 +0000] "PUT /index.html HTTP/2.0" 302 4283 "http://localhost" "Mozilla/5.0 (Macintosh; Intel Mac OS X 10_15_7) AppleWebKit/537.36 (KHTML, like Gecko) Chrome/91.0.4472.114 Safari/537.36"
192.168.1.4 - - [14/Jun/2024:07:47:14 +0000] "PUT /submit_form HTTP/2.0" 200 922 "http://localhost" "Mozilla/5.0 (Windows NT 10.0; Win64; x64) AppleWebKit/537.36 (KHTML, like Gecko) Chrome/90.0.4430.212 Safari/537.36"
10.0.0.1 - - [14/Jun/2024:07:47:14 +0000] "DELETE /submit_form HTTP/1.1" 302 2224 "http://localhost" "Mozilla/5.0 (Windows NT 10.0; Win64; x64) AppleWebKit/537.36 (KHTML, like Gecko) Chrome/90.0.4430.212 Safari/537.36"
192.168.1.3 - - [14/Jun/2024:07:47:14 +0000] "GET /robots.txt HTTP/1.0" 200 523 "http://localhost" "Mozilla/5.0 (Windows NT 6.1; WOW64) AppleWebKit/537.36 (KHTML, like Gecko) Chrome/90.0.4430.212 Safari/537.36"
192.168.1.4 - - [14/Jun/2024:07:47:14 +0000] "POST /robots.txt HTTP/1.0" 302 160 "http://localhost" "Mozilla/5.0 (Windows NT 6.1; WOW64) AppleWebKit/537.36 (KHTML, like Gecko) Chrome/90.0.4430.212 Safari/537.36"
10.0.0.1 - - [14/Jun/2024:07:47:14 +0000] "PUT /robots.txt HTTP/1.0" 404 4983 "http://test.com" "Mozilla/5.0 (Windows NT 6.1; WOW64) AppleWebKit/537.36 (KHTML, like Gecko) Chrome/90.0.4430.212 Safari/537.36"
10.0.0.1 - - [14/Jun/2024:07:47:14 +0000] "DELETE /submit_form HTTP/2.0" 302 1513 "http://test.com" "Mozilla/5.0 (Windows NT 6.1; WOW64) AppleWebKit/537.36 (KHTML, like Gecko) Chrome/90.0.4430.212 Safari/537.36"
192.168.1.2 - - [14/Jun/2024:07:47:14 +0000] "POST /image.jpg HTTP/1.0" 302 186 "http://localhost" "Mozilla/5.0 (Macintosh; Intel Mac OS X 10_15_7) AppleWebKit/537.36 (KHTML, like Gecko) Chrome/91.0.4472.114 Safari/537.36"
192.168.1.2 - - [14/Jun/2024:07:47:14 +0000] "GET /submit_form HTTP/2.0" 500 2029 "http://localhost" "Mozilla/5.0 (Macintosh; Intel Mac OS X 10_15_7) AppleWebKit/537.36 (KHTML, like Gecko) Chrome/91.0.4472.114 Safari/537.36"
192.168.1.1 - - [14/Jun/2024:07:47:14 +0000] "PUT /submit_form HTTP/1.0" 302 771 "http://test.com" "Mozilla/5.0 (Windows NT 10.0; Win64; x64) AppleWebKit/537.36 (KHTML, like Gecko) Chrome/90.0.4430.212 Safari/537.36"
192.168.1.2 - - [14/Jun/2024:07:47:14 +0000] "PUT /robots.txt HTTP/1.1" 302 3496 "http://example.com" "Mozilla/5.0 (compatible; Googlebot/2.1; +http://www.google.com/bot.html)"
10.0.0.1 - - [14/Jun/2024:07:47:14 +0000] "PUT /submit_form HTTP/2.0" 200 4791 "http://test.com" "Mozilla/5.0 (Macintosh; Intel Mac OS X 10_15_7) AppleWebKit/537.36 (KHTML, like Gecko) Chrome/91.0.4472.114 Safari/537.36"
192.168.1.2 - - [14/Jun/2024:07:47:14 +0000] "GET /index.html HTTP/1.1" 200 2706 "http://example.com" "Mozilla/5.0 (Macintosh; Intel Mac OS X 10_15_7) AppleWebKit/537.36 (KHTML, like Gecko) Chrome/91.0.4472.114 Safari/537.36"
192.168.1.1 - - [14/Jun/2024:07:47:14 +0000] "GET /index.html HTTP/2.0" 500 4559 "http://localhost" "Mozilla/5.0 (Macintosh; Intel Mac OS X 10_15_7) AppleWebKit/537.36 (KHTML, like Gecko) Chrome/91.0.4472.114 Safari/537.36"
192.168.1.4 - - [14/Jun/2024:07:47:14 +0000] "PUT /image.jpg HTTP/1.0" 500 2059 "http://localhost" "Mozilla/5.0 (compatible; Googlebot/2.1; +http://www.google.com/bot.html)"
192.168.1.4 - - [14/Jun/2024:07:47:14 +0000] "GET /submit_form HTTP/1.1" 302 4134 "http://test.com" "Mozilla/5.0 (Windows NT 10.0; Win64; x64) AppleWebKit/537.36 (KHTML, like Gecko) Chrome/90.0.4430.212 Safari/537.36"
192.168.1.2 - - [14/Jun/2024:07:47:14 +0000] "DELETE /robots.txt HTTP/2.0" 302 1922 "http://test.com" "Mozilla/5.0 (Windows NT 10.0; Win64; x64) AppleWebKit/537.36 (KHTML, like Gecko) Chrome/90.0.4430.212 Safari/537.36"
192.168.1.2 - - [14/Jun/2024:07:47:14 +0000] "GET /index.html HTTP/1.1" 302 4489 "http://localhost" "Mozilla/5.0 (compatible; Googlebot/2.1; +http://www.google.com/bot.html)"
192.168.1.1 - - [14/Jun/2024:07:47:14 +0000] "POST /image.jpg HTTP/1.1" 200 3519 "http://test.com" "Mozilla/5.0 (Windows NT 6.1; WOW64) AppleWebKit/537.36 (KHTML, like Gecko) Chrome/90.0.4430.212 Safari/537.36"
192.168.1.1 - - [14/Jun/2024:07:47:14 +0000] "PUT /robots.txt HTTP/1.1" 500 3629 "http://example.com" "Mozilla/5.0 (compatible; Googlebot/2.1; +http://www.google.com/bot.html)"
192.168.1.1 - - [14/Jun/2024:07:47:14 +0000] "GET /index.html HTTP/1.0" 200 797 "http://test.com" "Mozilla/5.0 (Windows NT 6.1; WOW64) AppleWebKit/537.36 (KHTML, like Gecko) Chrome/90.0.4430.212 Safari/537.36"
10.0.0.1 - - [14/Jun/2024:07:47:14 +0000] "DELETE /robots.txt HTTP/1.1" 302 4045 "http://localhost" "Mozilla/5.0 (compatible; Googlebot/2.1; +http://www.google.com/bot.html)"
10.0.0.1 - - [14/Jun/2024:07:47:14 +0000] "GET /image.jpg HTTP/2.0" 404 273 "http://test.com" "Mozilla/5.0 (Windows NT 10.0; Win64; x64) AppleWebKit/537.36 (KHTML, like Gecko) Chrome/90.0.4430.212 Safari/537.36"
10.0.0.1 - - [14/Jun/2024:07:47:14 +0000] "DELETE /submit_form HTTP/2.0" 404 1573 "http://test.com" "Mozilla/5.0 (Windows NT 6.1; WOW64) AppleWebKit/537.36 (KHTML, like Gecko) Chrome/90.0.4430.212 Safari/537.36"
192.168.1.2 - - [14/Jun/2024:07:47:14 +0000] "POST /image.jpg HTTP/1.0" 302 2467 "http://test.com" "Mozilla/5.0 (Windows NT 6.1; WOW64) AppleWebKit/537.36 (KHTML, like Gecko) Chrome/90.0.4430.212 Safari/537.36"
10.0.0.1 - - [14/Jun/2024:07:47:14 +0000] "PUT /submit_form HTTP/1.1" 500 402 "http://example.com" "Mozilla/5.0 (Macintosh; Intel Mac OS X 10_15_7) AppleWebKit/537.36 (KHTML, like Gecko) Chrome/91.0.4472.114 Safari/537.36"
192.168.1.2 - - [14/Jun/2024:07:47:14 +0000] "PUT /index.html HTTP/1.1" 404 1543 "http://test.com" "Mozilla/5.0 (compatible; Googlebot/2.1; +http://www.google.com/bot.html)"
192.168.1.2 - - [14/Jun/2024:07:47:14 +0000] "POST /image.jpg HTTP/1.1" 404 691 "http://example.com" "Mozilla/5.0 (compatible; Googlebot/2.1; +http://www.google.com/bot.html)"
192.168.1.3 - - [14/Jun/2024:07:47:14 +0000] "GET /submit_form HTTP/1.0" 200 3436 "http://localhost" "Mozilla/5.0 (Windows NT 6.1; WOW64) AppleWebKit/537.36 (KHTML, like Gecko) Chrome/90.0.4430.212 Safari/537.36"
192.168.1.4 - - [14/Jun/2024:07:47:14 +0000] "DELETE /robots.txt HTTP/2.0" 404 1199 "http://localhost" "Mozilla/5.0 (Macintosh; Intel Mac OS X 10_15_7) AppleWebKit/537.36 (KHTML, like Gecko) Chrome/91.0.4472.114 Safari/537.36"
192.168.1.3 - - [14/Jun/2024:07:47:14 +0000] "PUT /image.jpg HTTP/1.1" 200 3044 "http://test.com" "Mozilla/5.0 (Macintosh; Intel Mac OS X 10_15_7) AppleWebKit/537.36 (KHTML, like Gecko) Chrome/91.0.4472.114 Safari/537.36"
192.168.1.1 - - [14/Jun/2024:07:47:14 +0000] "DELETE /image.jpg HTTP/1.1" 500 789 "http://example.com" "Mozilla/5.0 (compatible; Googlebot/2.1; +http://www.google.com/bot.html)"
192.168.1.4 - - [14/Jun/2024:07:47:14 +0000] "GET /image.jpg HTTP/2.0" 200 1429 "http://example.com" "Mozilla/5.0 (Windows NT 10.0; Win64; x64) AppleWebKit/537.36 (KHTML, like Gecko) Chrome/90.0.4430.212 Safari/537.36"
192.168.1.2 - - [14/Jun/2024:07:47:14 +0000] "DELETE /robots.txt HTTP/1.1" 500 369 "http://test.com" "Mozilla/5.0 (Windows NT 6.1; WOW64) AppleWebKit/537.36 (KHTML, like Gecko) Chrome/90.0.4430.212 Safari/537.36"
192.168.1.3 - - [14/Jun/2024:07:47:14 +0000] "PUT /image.jpg HTTP/1.1" 500 415 "http://localhost" "Mozilla/5.0 (Windows NT 10.0; Win64; x64) AppleWebKit/537.36 (KHTML, like Gecko) Chrome/90.0.4430.212 Safari/537.36"
192.168.1.4 - - [14/Jun/2024:07:47:14 +0000] "GET /index.html HTTP/1.1" 200 1146 "http://localhost" "Mozilla/5.0 (compatible; Googlebot/2.1; +http://www.google.com/bot.html)"
192.168.1.4 - - [14/Jun/2024:07:47:14 +0000] "GET /image.jpg HTTP/1.1" 500 3307 "http://example.com" "Mozilla/5.0 (compatible; Googlebot/2.1; +http://www.google.com/bot.html)"
192.168.1.4 - - [14/Jun/2024:07:47:14 +0000] "POST /image.jpg HTTP/2.0" 302 200 "http://localhost" "Mozilla/5.0 (compatible; Googlebot/2.1; +http://www.google.com/bot.html)"
192.168.1.2 - - [14/Jun/2024:07:47:14 +0000] "POST /index.html HTTP/1.1" 200 275 "http://example.com" "Mozilla/5.0 (Macintosh; Intel Mac OS X 10_15_7) AppleWebKit/537.36 (KHTML, like Gecko) Chrome/91.0.4472.114 Safari/537.36"
192.168.1.1 - - [14/Jun/2024:07:47:14 +0000] "PUT /submit_form HTTP/1.1" 200 1256 "http://localhost" "Mozilla/5.0 (Windows NT 6.1; WOW64) AppleWebKit/537.36 (KHTML, like Gecko) Chrome/90.0.4430.212 Safari/537.36"
192.168.1.3 - - [14/Jun/2024:07:47:14 +0000] "PUT /image.jpg HTTP/1.0" 404 1578 "http://example.com" "Mozilla/5.0 (Windows NT 6.1; WOW64) AppleWebKit/537.36 (KHTML, like Gecko) Chrome/90.0.4430.212 Safari/537.36"
192.168.1.1 - - [14/Jun/2024:07:47:14 +0000] "GET /submit_form HTTP/1.0" 500 3800 "http://localhost" "Mozilla/5.0 (Macintosh; Intel Mac OS X 10_15_7) AppleWebKit/537.36 (KHTML, like Gecko) Chrome/91.0.4472.114 Safari/537.36"
10.0.0.1 - - [14/Jun/2024:07:47:14 +0000] "GET /submit_form HTTP/2.0" 500 1113 "http://example.com" "Mozilla/5.0 (Windows NT 6.1; WOW64) AppleWebKit/537.36 (KHTML, like Gecko) Chrome/90.0.4430.212 Safari/537.36"
192.168.1.2 - - [14/Jun/2024:07:47:14 +0000] "DELETE /index.html HTTP/1.0" 404 4483 "http://test.com" "Mozilla/5.0 (Macintosh; Intel Mac OS X 10_15_7) AppleWebKit/537.36 (KHTML, like Gecko) Chrome/91.0.4472.114 Safari/537.36"
192.168.1.1 - - [14/Jun/2024:07:47:14 +0000] "GET /image.jpg HTTP/1.0" 200 4746 "http://test.com" "Mozilla/5.0 (Windows NT 6.1; WOW64) AppleWebKit/537.36 (KHTML, like Gecko) Chrome/90.0.4430.212 Safari/537.36"
192.168.1.1 - - [14/Jun/2024:07:47:14 +0000] "POST /index.html HTTP/2.0" 302 3413 "http://example.com" "Mozilla/5.0 (Macintosh; Intel Mac OS X 10_15_7) AppleWebKit/537.36 (KHTML, like Gecko) Chrome/91.0.4472.114 Safari/537.36"
192.168.1.4 - - [14/Jun/2024:07:47:14 +0000] "POST /index.html HTTP/1.1" 404 3591 "http://test.com" "Mozilla/5.0 (Macintosh; Intel Mac OS X 10_15_7) AppleWebKit/537.36 (KHTML, like Gecko) Chrome/91.0.4472.114 Safari/537.36"
192.168.1.3 - - [14/Jun/2024:07:47:14 +0000] "DELETE /robots.txt HTTP/1.0" 500 2122 "http://localhost" "Mozilla/5.0 (Macintosh; Intel Mac OS X 10_15_7) AppleWebKit/537.36 (KHTML, like Gecko) Chrome/91.0.4472.114 Safari/537.36"
192.168.1.3 - - [14/Jun/2024:07:47:14 +0000] "POST /image.jpg HTTP/2.0" 302 2138 "http://localhost" "Mozilla/5.0 (compatible; Googlebot/2.1; +http://www.google.com/bot.html)"
192.168.1.4 - - [14/Jun/2024:07:47:14 +0000] "GET /robots.txt HTTP/2.0" 302 1934 "http://example.com" "Mozilla/5.0 (Macintosh; Intel Mac OS X 10_15_7) AppleWebKit/537.36 (KHTML, like Gecko) Chrome/91.0.4472.114 Safari/537.36"
192.168.1.3 - - [14/Jun/2024:07:47:14 +0000] "POST /index.html HTTP/1.0" 200 2717 "http://localhost" "Mozilla/5.0 (compatible; Googlebot/2.1; +http://www.google.com/bot.html)"
192.168.1.4 - - [14/Jun/2024:07:47:14 +0000] "PUT /robots.txt HTTP/1.0" 500 3380 "http://test.com" "Mozilla/5.0 (Windows NT 10.0; Win64; x64) AppleWebKit/537.36 (KHTML, like Gecko) Chrome/90.0.4430.212 Safari/537.36"
192.168.1.4 - - [14/Jun/2024:07:47:14 +0000] "DELETE /submit_form HTTP/1.1" 302 4102 "http://test.com" "Mozilla/5.0 (compatible; Googlebot/2.1; +http://www.google.com/bot.html)"
192.168.1.3 - - [14/Jun/2024:07:47:14 +0000] "PUT /robots.txt HTTP/2.0" 404 1644 "http://localhost" "Mozilla/5.0 (Windows NT 6.1; WOW64) AppleWebKit/537.36 (KHTML, like Gecko) Chrome/90.0.4430.212 Safari/537.36"
192.168.1.3 - - [14/Jun/2024:07:47:14 +0000] "POST /index.html HTTP/1.0" 404 916 "http://test.com" "Mozilla/5.0 (compatible; Googlebot/2.1; +http://www.google.com/bot.html)"
192.168.1.4 - - [14/Jun/2024:07:47:14 +0000] "POST /image.jpg HTTP/2.0" 302 526 "http://localhost" "Mozilla/5.0 (Windows NT 6.1; WOW64) AppleWebKit/537.36 (KHTML, like Gecko) Chrome/90.0.4430.212 Safari/537.36"
192.168.1.3 - - [14/Jun/2024:07:47:14 +0000] "PUT /robots.txt HTTP/1.1" 200 1294 "http://test.com" "Mozilla/5.0 (Windows NT 6.1; WOW64) AppleWebKit/537.36 (KHTML, like Gecko) Chrome/90.0.4430.212 Safari/537.36"
10.0.0.1 - - [14/Jun/2024:07:47:14 +0000] "PUT /submit_form HTTP/2.0" 200 3798 "http://localhost" "Mozilla/5.0 (Macintosh; Intel Mac OS X 10_15_7) AppleWebKit/537.36 (KHTML, like Gecko) Chrome/91.0.4472.114 Safari/537.36"
192.168.1.2 - - [14/Jun/2024:07:47:14 +0000] "PUT /robots.txt HTTP/1.1" 200 2644 "http://localhost" "Mozilla/5.0 (Windows NT 6.1; WOW64) AppleWebKit/537.36 (KHTML, like Gecko) Chrome/90.0.4430.212 Safari/537.36"
192.168.1.3 - - [14/Jun/2024:07:47:14 +0000] "PUT /robots.txt HTTP/2.0" 302 3557 "http://localhost" "Mozilla/5.0 (Windows NT 10.0; Win64; x64) AppleWebKit/537.36 (KHTML, like Gecko) Chrome/90.0.4430.212 Safari/537.36"
192.168.1.1 - - [14/Jun/2024:07:47:14 +0000] "PUT /submit_form HTTP/1.1" 302 4329 "http://example.com" "Mozilla/5.0 (Macintosh; Intel Mac OS X 10_15_7) AppleWebKit/537.36 (KHTML, like Gecko) Chrome/91.0.4472.114 Safari/537.36"
10.0.0.1 - - [14/Jun/2024:07:47:14 +0000] "GET /robots.txt HTTP/2.0" 404 588 "http://example.com" "Mozilla/5.0 (Windows NT 10.0; Win64; x64) AppleWebKit/537.36 (KHTML, like Gecko) Chrome/90.0.4430.212 Safari/537.36"
192.168.1.4 - - [14/Jun/2024:07:47:14 +0000] "GET /index.html HTTP/2.0" 200 4434 "http://localhost" "Mozilla/5.0 (compatible; Googlebot/2.1; +http://www.google.com/bot.html)"
192.168.1.3 - - [14/Jun/2024:07:47:14 +0000] "GET /index.html HTTP/1.0" 302 4867 "http://localhost" "Mozilla/5.0 (Windows NT 6.1; WOW64) AppleWebKit/537.36 (KHTML, like Gecko) Chrome/90.0.4430.212 Safari/537.36"
192.168.1.1 - - [14/Jun/2024:07:47:14 +0000] "POST /index.html HTTP/1.0" 302 4003 "http://test.com" "Mozilla/5.0 (compatible; Googlebot/2.1; +http://www.google.com/bot.html)"
10.0.0.1 - - [14/Jun/2024:07:47:14 +0000] "POST /image.jpg HTTP/1.0" 302 4202 "http://localhost" "Mozilla/5.0 (Windows NT 6.1; WOW64) AppleWebKit/537.36 (KHTML, like Gecko) Chrome/90.0.4430.212 Safari/537.36"
192.168.1.3 - - [14/Jun/2024:07:47:14 +0000] "GET /submit_form HTTP/1.0" 302 936 "http://localhost" "Mozilla/5.0 (Macintosh; Intel Mac OS X 10_15_7) AppleWebKit/537.36 (KHTML, like Gecko) Chrome/91.0.4472.114 Safari/537.36"
192.168.1.3 - - [14/Jun/2024:07:47:14 +0000] "GET /image.jpg HTTP/1.1" 500 1099 "http://test.com" "Mozilla/5.0 (compatible; Googlebot/2.1; +http://www.google.com/bot.html)"
192.168.1.3 - - [14/Jun/2024:07:47:14 +0000] "GET /robots.txt HTTP/1.0" 500 1378 "http://example.com" "Mozilla/5.0 (Macintosh; Intel Mac OS X 10_15_7) AppleWebKit/537.36 (KHTML, like Gecko) Chrome/91.0.4472.114 Safari/537.36"
192.168.1.1 - - [14/Jun/2024:07:47:14 +0000] "GET /index.html HTTP/2.0" 404 2072 "http://example.com" "Mozilla/5.0 (Windows NT 10.0; Win64; x64) AppleWebKit/537.36 (KHTML, like Gecko) Chrome/90.0.4430.212 Safari/537.36"
192.168.1.2 - - [14/Jun/2024:07:47:14 +0000] "PUT /robots.txt HTTP/1.0" 302 1879 "http://example.com" "Mozilla/5.0 (Macintosh; Intel Mac OS X 10_15_7) AppleWebKit/537.36 (KHTML, like Gecko) Chrome/91.0.4472.114 Safari/537.36"
192.168.1.2 - - [14/Jun/2024:07:47:14 +0000] "PUT /robots.txt HTTP/1.1" 200 4345 "http://localhost" "Mozilla/5.0 (Windows NT 10.0; Win64; x64) AppleWebKit/537.36 (KHTML, like Gecko) Chrome/90.0.4430.212 Safari/537.36"
10.0.0.1 - - [14/Jun/2024:07:47:14 +0000] "DELETE /image.jpg HTTP/1.0" 302 2780 "http://test.com" "Mozilla/5.0 (compatible; Googlebot/2.1; +http://www.google.com/bot.html)"
10.0.0.1 - - [14/Jun/2024:07:47:14 +0000] "POST /robots.txt HTTP/1.0" 302 916 "http://localhost" "Mozilla/5.0 (Macintosh; Intel Mac OS X 10_15_7) AppleWebKit/537.36 (KHTML, like Gecko) Chrome/91.0.4472.114 Safari/537.36"
192.168.1.2 - - [14/Jun/2024:07:47:14 +0000] "PUT /robots.txt HTTP/2.0" 404 3755 "http://example.com" "Mozilla/5.0 (Windows NT 6.1; WOW64) AppleWebKit/537.36 (KHTML, like Gecko) Chrome/90.0.4430.212 Safari/537.36"
10.0.0.1 - - [14/Jun/2024:07:47:14 +0000] "DELETE /robots.txt HTTP/1.0" 500 2369 "http://localhost" "Mozilla/5.0 (Windows NT 6.1; WOW64) AppleWebKit/537.36 (KHTML, like Gecko) Chrome/90.0.4430.212 Safari/537.36"
192.168.1.4 - - [14/Jun/2024:07:47:14 +0000] "POST /submit_form HTTP/2.0" 500 4203 "http://test.com" "Mozilla/5.0 (Macintosh; Intel Mac OS X 10_15_7) AppleWebKit/537.36 (KHTML, like Gecko) Chrome/91.0.4472.114 Safari/537.36"
10.0.0.1 - - [14/Jun/2024:07:47:14 +0000] "POST /index.html HTTP/2.0" 200 1758 "http://localhost" "Mozilla/5.0 (compatible; Googlebot/2.1; +http://www.google.com/bot.html)"
192.168.1.2 - - [14/Jun/2024:07:47:14 +0000] "GET /submit_form HTTP/1.1" 302 3615 "http://test.com" "Mozilla/5.0 (Windows NT 6.1; WOW64) AppleWebKit/537.36 (KHTML, like Gecko) Chrome/90.0.4430.212 Safari/537.36"
10.0.0.1 - - [14/Jun/2024:07:47:14 +0000] "DELETE /robots.txt HTTP/1.1" 302 3121 "http://localhost" "Mozilla/5.0 (Windows NT 10.0; Win64; x64) AppleWebKit/537.36 (KHTML, like Gecko) Chrome/90.0.4430.212 Safari/537.36"
192.168.1.1 - - [14/Jun/2024:07:47:14 +0000] "DELETE /index.html HTTP/2.0" 302 3441 "http://test.com" "Mozilla/5.0 (Macintosh; Intel Mac OS X 10_15_7) AppleWebKit/537.36 (KHTML, like Gecko) Chrome/91.0.4472.114 Safari/537.36"
192.168.1.3 - - [14/Jun/2024:07:47:14 +0000] "DELETE /image.jpg HTTP/2.0" 500 3739 "http://example.com" "Mozilla/5.0 (Windows NT 6.1; WOW64) AppleWebKit/537.36 (KHTML, like Gecko) Chrome/90.0.4430.212 Safari/537.36"
192.168.1.3 - - [14/Jun/2024:07:47:14 +0000] "POST /index.html HTTP/2.0" 200 2272 "http://test.com" "Mozilla/5.0 (Windows NT 6.1; WOW64) AppleWebKit/537.36 (KHTML, like Gecko) Chrome/90.0.4430.212 Safari/537.36"
192.168.1.3 - - [14/Jun/2024:07:47:14 +0000] "DELETE /submit_form HTTP/2.0" 200 2219 "http://example.com" "Mozilla/5.0 (compatible; Googlebot/2.1; +http://www.google.com/bot.html)"
192.168.1.1 - - [14/Jun/2024:07:47:14 +0000] "GET /robots.txt HTTP/1.1" 302 1024 "http://test.com" "Mozilla/5.0 (Windows NT 10.0; Win64; x64) AppleWebKit/537.36 (KHTML, like Gecko) Chrome/90.0.4430.212 Safari/537.36"
192.168.1.2 - - [14/Jun/2024:07:47:14 +0000] "DELETE /robots.txt HTTP/1.0" 302 2841 "http://test.com" "Mozilla/5.0 (Windows NT 10.0; Win64; x64) AppleWebKit/537.36 (KHTML, like Gecko) Chrome/90.0.4430.212 Safari/537.36"
192.168.1.2 - - [14/Jun/2024:07:47:14 +0000] "PUT /image.jpg HTTP/1.0" 404 4377 "http://test.com" "Mozilla/5.0 (compatible; Googlebot/2.1; +http://www.google.com/bot.html)"
192.168.1.3 - - [14/Jun/2024:07:47:14 +0000] "POST /image.jpg HTTP/2.0" 302 2629 "http://example.com" "Mozilla/5.0 (Windows NT 10.0; Win64; x64) AppleWebKit/537.36 (KHTML, like Gecko) Chrome/90.0.4430.212 Safari/537.36"
192.168.1.3 - - [14/Jun/2024:07:47:14 +0000] "POST /index.html HTTP/1.1" 404 2373 "http://test.com" "Mozilla/5.0 (Windows NT 10.0; Win64; x64) AppleWebKit/537.36 (KHTML, like Gecko) Chrome/90.0.4430.212 Safari/537.36"
192.168.1.1 - - [14/Jun/2024:07:47:14 +0000] "GET /image.jpg HTTP/2.0" 500 2228 "http://test.com" "Mozilla/5.0 (Macintosh; Intel Mac OS X 10_15_7) AppleWebKit/537.36 (KHTML, like Gecko) Chrome/91.0.4472.114 Safari/537.36"
192.168.1.2 - - [14/Jun/2024:07:47:14 +0000] "GET /submit_form HTTP/1.0" 404 439 "http://localhost" "Mozilla/5.0 (Macintosh; Intel Mac OS X 10_15_7) AppleWebKit/537.36 (KHTML, like Gecko) Chrome/91.0.4472.114 Safari/537.36"
10.0.0.1 - - [14/Jun/2024:07:47:14 +0000] "PUT /submit_form HTTP/1.0" 404 229 "http://example.com" "Mozilla/5.0 (Windows NT 6.1; WOW64) AppleWebKit/537.36 (KHTML, like Gecko) Chrome/90.0.4430.212 Safari/537.36"
192.168.1.2 - - [14/Jun/2024:07:47:14 +0000] "POST /submit_form HTTP/1.0" 302 199 "http://test.com" "Mozilla/5.0 (Windows NT 10.0; Win64; x64) AppleWebKit/537.36 (KHTML, like Gecko) Chrome/90.0.4430.212 Safari/537.36"
10.0.0.1 - - [14/Jun/2024:07:47:14 +0000] "GET /index.html HTTP/2.0" 200 1021 "http://test.com" "Mozilla/5.0 (Macintosh; Intel Mac OS X 10_15_7) AppleWebKit/537.36 (KHTML, like Gecko) Chrome/91.0.4472.114 Safari/537.36"
10.0.0.1 - - [14/Jun/2024:07:47:14 +0000] "PUT /image.jpg HTTP/2.0" 500 2327 "http://test.com" "Mozilla/5.0 (Windows NT 6.1; WOW64) AppleWebKit/537.36 (KHTML, like Gecko) Chrome/90.0.4430.212 Safari/537.36"
192.168.1.3 - - [14/Jun/2024:07:47:14 +0000] "DELETE /index.html HTTP/2.0" 500 1056 "http://localhost" "Mozilla/5.0 (Windows NT 6.1; WOW64) AppleWebKit/537.36 (KHTML, like Gecko) Chrome/90.0.4430.212 Safari/537.36"
192.168.1.2 - - [14/Jun/2024:07:47:14 +0000] "GET /image.jpg HTTP/1.0" 500 4311 "http://test.com" "Mozilla/5.0 (Macintosh; Intel Mac OS X 10_15_7) AppleWebKit/537.36 (KHTML, like Gecko) Chrome/91.0.4472.114 Safari/537.36"
192.168.1.4 - - [14/Jun/2024:07:47:14 +0000] "DELETE /submit_form HTTP/1.0" 302 4474 "http://test.com" "Mozilla/5.0 (Windows NT 10.0; Win64; x64) AppleWebKit/537.36 (KHTML, like Gecko) Chrome/90.0.4430.212 Safari/537.36"
192.168.1.2 - - [14/Jun/2024:07:47:14 +0000] "DELETE /submit_form HTTP/1.1" 404 4613 "http://test.com" "Mozilla/5.0 (Macintosh; Intel Mac OS X 10_15_7) AppleWebKit/537.36 (KHTML, like Gecko) Chrome/91.0.4472.114 Safari/537.36"
192.168.1.3 - - [14/Jun/2024:07:47:14 +0000] "DELETE /submit_form HTTP/1.0" 500 1798 "http://localhost" "Mozilla/5.0 (Windows NT 10.0; Win64; x64) AppleWebKit/537.36 (KHTML, like Gecko) Chrome/90.0.4430.212 Safari/537.36"
192.168.1.1 - - [14/Jun/2024:07:47:14 +0000] "POST /submit_form HTTP/1.0" 500 3282 "http://test.com" "Mozilla/5.0 (compatible; Googlebot/2.1; +http://www.google.com/bot.html)"
192.168.1.4 - - [14/Jun/2024:07:47:14 +0000] "DELETE /submit_form HTTP/1.1" 200 4353 "http://example.com" "Mozilla/5.0 (Windows NT 6.1; WOW64) AppleWebKit/537.36 (KHTML, like Gecko) Chrome/90.0.4430.212 Safari/537.36"
192.168.1.4 - - [14/Jun/2024:07:47:14 +0000] "POST /image.jpg HTTP/2.0" 500 3048 "http://example.com" "Mozilla/5.0 (Macintosh; Intel Mac OS X 10_15_7) AppleWebKit/537.36 (KHTML, like Gecko) Chrome/91.0.4472.114 Safari/537.36"
10.0.0.1 - - [14/Jun/2024:07:47:14 +0000] "POST /image.jpg HTTP/1.0" 200 4677 "http://example.com" "Mozilla/5.0 (Windows NT 6.1; WOW64) AppleWebKit/537.36 (KHTML, like Gecko) Chrome/90.0.4430.212 Safari/537.36"
192.168.1.2 - - [14/Jun/2024:07:47:14 +0000] "PUT /submit_form HTTP/2.0" 404 1037 "http://test.com" "Mozilla/5.0 (Macintosh; Intel Mac OS X 10_15_7) AppleWebKit/537.36 (KHTML, like Gecko) Chrome/91.0.4472.114 Safari/537.36"
10.0.0.1 - - [14/Jun/2024:07:47:14 +0000] "DELETE /robots.txt HTTP/2.0" 500 2613 "http://localhost" "Mozilla/5.0 (Windows NT 6.1; WOW64) AppleWebKit/537.36 (KHTML, like Gecko) Chrome/90.0.4430.212 Safari/537.36"
192.168.1.1 - - [14/Jun/2024:07:47:14 +0000] "POST /index.html HTTP/1.0" 500 1990 "http://localhost" "Mozilla/5.0 (compatible; Googlebot/2.1; +http://www.google.com/bot.html)"
192.168.1.4 - - [14/Jun/2024:07:47:14 +0000] "GET /submit_form HTTP/2.0" 302 2866 "http://test.com" "Mozilla/5.0 (Macintosh; Intel Mac OS X 10_15_7) AppleWebKit/537.36 (KHTML, like Gecko) Chrome/91.0.4472.114 Safari/537.36"
192.168.1.3 - - [14/Jun/2024:07:47:14 +0000] "GET /robots.txt HTTP/2.0" 200 961 "http://example.com" "Mozilla/5.0 (Windows NT 10.0; Win64; x64) AppleWebKit/537.36 (KHTML, like Gecko) Chrome/90.0.4430.212 Safari/537.36"
10.0.0.1 - - [14/Jun/2024:07:47:14 +0000] "PUT /index.html HTTP/1.0" 302 4517 "http://localhost" "Mozilla/5.0 (compatible; Googlebot/2.1; +http://www.google.com/bot.html)"
10.0.0.1 - - [14/Jun/2024:07:47:14 +0000] "DELETE /index.html HTTP/2.0" 404 534 "http://localhost" "Mozilla/5.0 (Macintosh; Intel Mac OS X 10_15_7) AppleWebKit/537.36 (KHTML, like Gecko) Chrome/91.0.4472.114 Safari/537.36"
192.168.1.1 - - [14/Jun/2024:07:47:14 +0000] "PUT /image.jpg HTTP/1.1" 200 503 "http://test.com" "Mozilla/5.0 (compatible; Googlebot/2.1; +http://www.google.com/bot.html)"
192.168.1.4 - - [14/Jun/2024:07:47:14 +0000] "POST /image.jpg HTTP/1.0" 404 3566 "http://test.com" "Mozilla/5.0 (Windows NT 6.1; WOW64) AppleWebKit/537.36 (KHTML, like Gecko) Chrome/90.0.4430.212 Safari/537.36"
10.0.0.1 - - [14/Jun/2024:07:47:14 +0000] "PUT /image.jpg HTTP/1.0" 302 4958 "http://example.com" "Mozilla/5.0 (Windows NT 6.1; WOW64) AppleWebKit/537.36 (KHTML, like Gecko) Chrome/90.0.4430.212 Safari/537.36"
192.168.1.1 - - [14/Jun/2024:07:47:14 +0000] "GET /image.jpg HTTP/1.0" 200 314 "http://example.com" "Mozilla/5.0 (compatible; Googlebot/2.1; +http://www.google.com/bot.html)"
192.168.1.3 - - [14/Jun/2024:07:47:14 +0000] "DELETE /index.html HTTP/1.1" 200 2759 "http://example.com" "Mozilla/5.0 (Windows NT 6.1; WOW64) AppleWebKit/537.36 (KHTML, like Gecko) Chrome/90.0.4430.212 Safari/537.36"
192.168.1.3 - - [14/Jun/2024:07:47:14 +0000] "POST /image.jpg HTTP/1.0" 302 2442 "http://localhost" "Mozilla/5.0 (Windows NT 10.0; Win64; x64) AppleWebKit/537.36 (KHTML, like Gecko) Chrome/90.0.4430.212 Safari/537.36"
192.168.1.1 - - [14/Jun/2024:07:47:14 +0000] "DELETE /index.html HTTP/1.1" 500 4703 "http://test.com" "Mozilla/5.0 (Macintosh; Intel Mac OS X 10_15_7) AppleWebKit/537.36 (KHTML, like Gecko) Chrome/91.0.4472.114 Safari/537.36"
192.168.1.3 - - [14/Jun/2024:07:47:14 +0000] "POST /image.jpg HTTP/2.0" 200 878 "http://test.com" "Mozilla/5.0 (Macintosh; Intel Mac OS X 10_15_7) AppleWebKit/537.36 (KHTML, like Gecko) Chrome/91.0.4472.114 Safari/537.36"
192.168.1.2 - - [14/Jun/2024:07:47:14 +0000] "PUT /robots.txt HTTP/1.0" 404 4527 "http://example.com" "Mozilla/5.0 (compatible; Googlebot/2.1; +http://www.google.com/bot.html)"
192.168.1.4 - - [14/Jun/2024:07:47:14 +0000] "PUT /image.jpg HTTP/2.0" 500 3528 "http://example.com" "Mozilla/5.0 (compatible; Googlebot/2.1; +http://www.google.com/bot.html)"
192.168.1.1 - - [14/Jun/2024:07:47:14 +0000] "POST /submit_form HTTP/1.0" 302 1609 "http://test.com" "Mozilla/5.0 (Macintosh; Intel Mac OS X 10_15_7) AppleWebKit/537.36 (KHTML, like Gecko) Chrome/91.0.4472.114 Safari/537.36"
192.168.1.2 - - [14/Jun/2024:07:47:14 +0000] "POST /submit_form HTTP/1.0" 404 4954 "http://example.com" "Mozilla/5.0 (compatible; Googlebot/2.1; +http://www.google.com/bot.html)"
10.0.0.1 - - [14/Jun/2024:07:47:14 +0000] "GET /index.html HTTP/2.0" 404 3139 "http://test.com" "Mozilla/5.0 (Windows NT 6.1; WOW64) AppleWebKit/537.36 (KHTML, like Gecko) Chrome/90.0.4430.212 Safari/537.36"
192.168.1.2 - - [14/Jun/2024:07:47:14 +0000] "POST /index.html HTTP/1.1" 500 1745 "http://localhost" "Mozilla/5.0 (compatible; Googlebot/2.1; +http://www.google.com/bot.html)"
192.168.1.4 - - [14/Jun/2024:07:47:14 +0000] "GET /submit_form HTTP/1.0" 500 2942 "http://test.com" "Mozilla/5.0 (compatible; Googlebot/2.1; +http://www.google.com/bot.html)"
10.0.0.1 - - [14/Jun/2024:07:47:14 +0000] "PUT /submit_form HTTP/2.0" 200 799 "http://example.com" "Mozilla/5.0 (Windows NT 10.0; Win64; x64) AppleWebKit/537.36 (KHTML, like Gecko) Chrome/90.0.4430.212 Safari/537.36"
192.168.1.1 - - [14/Jun/2024:07:47:14 +0000] "DELETE /submit_form HTTP/2.0" 200 711 "http://test.com" "Mozilla/5.0 (Windows NT 6.1; WOW64) AppleWebKit/537.36 (KHTML, like Gecko) Chrome/90.0.4430.212 Safari/537.36"
10.0.0.1 - - [14/Jun/2024:07:47:14 +0000] "PUT /index.html HTTP/1.1" 404 3615 "http://example.com" "Mozilla/5.0 (compatible; Googlebot/2.1; +http://www.google.com/bot.html)"
192.168.1.3 - - [14/Jun/2024:07:47:14 +0000] "POST /image.jpg HTTP/1.1" 200 3737 "http://test.com" "Mozilla/5.0 (Macintosh; Intel Mac OS X 10_15_7) AppleWebKit/537.36 (KHTML, like Gecko) Chrome/91.0.4472.114 Safari/537.36"
192.168.1.3 - - [14/Jun/2024:07:47:14 +0000] "POST /submit_form HTTP/1.0" 200 2621 "http://test.com" "Mozilla/5.0 (Macintosh; Intel Mac OS X 10_15_7) AppleWebKit/537.36 (KHTML, like Gecko) Chrome/91.0.4472.114 Safari/537.36"
192.168.1.4 - - [14/Jun/2024:07:47:14 +0000] "GET /submit_form HTTP/1.0" 500 2657 "http://example.com" "Mozilla/5.0 (compatible; Googlebot/2.1; +http://www.google.com/bot.html)"
192.168.1.3 - - [14/Jun/2024:07:47:14 +0000] "GET /image.jpg HTTP/1.1" 500 1211 "http://localhost" "Mozilla/5.0 (compatible; Googlebot/2.1; +http://www.google.com/bot.html)"
192.168.1.1 - - [14/Jun/2024:07:47:14 +0000] "POST /submit_form HTTP/2.0" 404 2313 "http://example.com" "Mozilla/5.0 (Windows NT 10.0; Win64; x64) AppleWebKit/537.36 (KHTML, like Gecko) Chrome/90.0.4430.212 Safari/537.36"
10.0.0.1 - - [14/Jun/2024:07:47:14 +0000] "GET /image.jpg HTTP/1.1" 500 2473 "http://example.com" "Mozilla/5.0 (Windows NT 6.1; WOW64) AppleWebKit/537.36 (KHTML, like Gecko) Chrome/90.0.4430.212 Safari/537.36"
192.168.1.2 - - [14/Jun/2024:07:47:14 +0000] "POST /submit_form HTTP/1.0" 200 3881 "http://localhost" "Mozilla/5.0 (Windows NT 10.0; Win64; x64) AppleWebKit/537.36 (KHTML, like Gecko) Chrome/90.0.4430.212 Safari/537.36"
192.168.1.4 - - [14/Jun/2024:07:47:14 +0000] "POST /robots.txt HTTP/1.1" 404 1487 "http://example.com" "Mozilla/5.0 (Windows NT 6.1; WOW64) AppleWebKit/537.36 (KHTML, like Gecko) Chrome/90.0.4430.212 Safari/537.36"
10.0.0.1 - - [14/Jun/2024:07:47:14 +0000] "DELETE /robots.txt HTTP/1.1" 500 3871 "http://test.com" "Mozilla/5.0 (Windows NT 10.0; Win64; x64) AppleWebKit/537.36 (KHTML, like Gecko) Chrome/90.0.4430.212 Safari/537.36"
192.168.1.4 - - [14/Jun/2024:07:47:14 +0000] "GET /image.jpg HTTP/2.0" 200 1415 "http://example.com" "Mozilla/5.0 (compatible; Googlebot/2.1; +http://www.google.com/bot.html)"
192.168.1.2 - - [14/Jun/2024:07:47:14 +0000] "DELETE /robots.txt HTTP/2.0" 302 3521 "http://example.com" "Mozilla/5.0 (Windows NT 6.1; WOW64) AppleWebKit/537.36 (KHTML, like Gecko) Chrome/90.0.4430.212 Safari/537.36"
192.168.1.2 - - [14/Jun/2024:07:47:14 +0000] "DELETE /submit_form HTTP/1.1" 404 2646 "http://localhost" "Mozilla/5.0 (Windows NT 10.0; Win64; x64) AppleWebKit/537.36 (KHTML, like Gecko) Chrome/90.0.4430.212 Safari/537.36"
192.168.1.1 - - [14/Jun/2024:07:47:14 +0000] "GET /submit_form HTTP/1.1" 500 1783 "http://example.com" "Mozilla/5.0 (Macintosh; Intel Mac OS X 10_15_7) AppleWebKit/537.36 (KHTML, like Gecko) Chrome/91.0.4472.114 Safari/537.36"
10.0.0.1 - - [14/Jun/2024:07:47:14 +0000] "PUT /robots.txt HTTP/1.1" 500 874 "http://localhost" "Mozilla/5.0 (Windows NT 6.1; WOW64) AppleWebKit/537.36 (KHTML, like Gecko) Chrome/90.0.4430.212 Safari/537.36"
192.168.1.4 - - [14/Jun/2024:07:47:14 +0000] "DELETE /index.html HTTP/1.1" 500 4773 "http://example.com" "Mozilla/5.0 (Macintosh; Intel Mac OS X 10_15_7) AppleWebKit/537.36 (KHTML, like Gecko) Chrome/91.0.4472.114 Safari/537.36"
10.0.0.1 - - [14/Jun/2024:07:47:14 +0000] "DELETE /robots.txt HTTP/2.0" 302 2831 "http://test.com" "Mozilla/5.0 (Macintosh; Intel Mac OS X 10_15_7) AppleWebKit/537.36 (KHTML, like Gecko) Chrome/91.0.4472.114 Safari/537.36"
192.168.1.1 - - [14/Jun/2024:07:47:14 +0000] "DELETE /submit_form HTTP/2.0" 302 2273 "http://localhost" "Mozilla/5.0 (Windows NT 10.0; Win64; x64) AppleWebKit/537.36 (KHTML, like Gecko) Chrome/90.0.4430.212 Safari/537.36"
10.0.0.1 - - [14/Jun/2024:07:47:14 +0000] "GET /index.html HTTP/1.1" 404 4681 "http://example.com" "Mozilla/5.0 (Windows NT 6.1; WOW64) AppleWebKit/537.36 (KHTML, like Gecko) Chrome/90.0.4430.212 Safari/537.36"
192.168.1.2 - - [14/Jun/2024:07:47:14 +0000] "DELETE /index.html HTTP/2.0" 500 4371 "http://example.com" "Mozilla/5.0 (Macintosh; Intel Mac OS X 10_15_7) AppleWebKit/537.36 (KHTML, like Gecko) Chrome/91.0.4472.114 Safari/537.36"
192.168.1.1 - - [14/Jun/2024:07:47:14 +0000] "PUT /index.html HTTP/1.1" 500 2452 "http://test.com" "Mozilla/5.0 (Macintosh; Intel Mac OS X 10_15_7) AppleWebKit/537.36 (KHTML, like Gecko) Chrome/91.0.4472.114 Safari/537.36"
192.168.1.3 - - [14/Jun/2024:07:47:14 +0000] "GET /robots.txt HTTP/1.1" 302 661 "http://test.com" "Mozilla/5.0 (Windows NT 10.0; Win64; x64) AppleWebKit/537.36 (KHTML, like Gecko) Chrome/90.0.4430.212 Safari/537.36"
10.0.0.1 - - [14/Jun/2024:07:47:14 +0000] "GET /submit_form HTTP/2.0" 200 3421 "http://test.com" "Mozilla/5.0 (compatible; Googlebot/2.1; +http://www.google.com/bot.html)"
192.168.1.4 - - [14/Jun/2024:07:47:14 +0000] "POST /submit_form HTTP/1.0" 200 4839 "http://localhost" "Mozilla/5.0 (Macintosh; Intel Mac OS X 10_15_7) AppleWebKit/537.36 (KHTML, like Gecko) Chrome/91.0.4472.114 Safari/537.36"
192.168.1.4 - - [14/Jun/2024:07:47:14 +0000] "GET /submit_form HTTP/1.1" 302 2524 "http://localhost" "Mozilla/5.0 (Windows NT 6.1; WOW64) AppleWebKit/537.36 (KHTML, like Gecko) Chrome/90.0.4430.212 Safari/537.36"
192.168.1.1 - - [14/Jun/2024:07:47:14 +0000] "PUT /index.html HTTP/2.0" 500 4386 "http://test.com" "Mozilla/5.0 (Windows NT 10.0; Win64; x64) AppleWebKit/537.36 (KHTML, like Gecko) Chrome/90.0.4430.212 Safari/537.36"
192.168.1.3 - - [14/Jun/2024:07:47:14 +0000] "POST /image.jpg HTTP/2.0" 302 4156 "http://example.com" "Mozilla/5.0 (Macintosh; Intel Mac OS X 10_15_7) AppleWebKit/537.36 (KHTML, like Gecko) Chrome/91.0.4472.114 Safari/537.36"
192.168.1.3 - - [14/Jun/2024:07:47:14 +0000] "GET /image.jpg HTTP/1.0" 500 870 "http://test.com" "Mozilla/5.0 (Windows NT 10.0; Win64; x64) AppleWebKit/537.36 (KHTML, like Gecko) Chrome/90.0.4430.212 Safari/537.36"
192.168.1.1 - - [14/Jun/2024:07:47:14 +0000] "PUT /robots.txt HTTP/2.0" 302 4165 "http://example.com" "Mozilla/5.0 (compatible; Googlebot/2.1; +http://www.google.com/bot.html)"
192.168.1.1 - - [14/Jun/2024:07:47:14 +0000] "DELETE /robots.txt HTTP/1.1" 500 4684 "http://example.com" "Mozilla/5.0 (Windows NT 6.1; WOW64) AppleWebKit/537.36 (KHTML, like Gecko) Chrome/90.0.4430.212 Safari/537.36"
192.168.1.1 - - [14/Jun/2024:07:47:14 +0000] "DELETE /submit_form HTTP/2.0" 500 2587 "http://test.com" "Mozilla/5.0 (Windows NT 10.0; Win64; x64) AppleWebKit/537.36 (KHTML, like Gecko) Chrome/90.0.4430.212 Safari/537.36"
192.168.1.3 - - [14/Jun/2024:07:47:14 +0000] "DELETE /submit_form HTTP/1.1" 404 2775 "http://example.com" "Mozilla/5.0 (Windows NT 6.1; WOW64) AppleWebKit/537.36 (KHTML, like Gecko) Chrome/90.0.4430.212 Safari/537.36"
192.168.1.1 - - [14/Jun/2024:07:47:14 +0000] "POST /submit_form HTTP/2.0" 404 4582 "http://example.com" "Mozilla/5.0 (Windows NT 6.1; WOW64) AppleWebKit/537.36 (KHTML, like Gecko) Chrome/90.0.4430.212 Safari/537.36"
192.168.1.3 - - [14/Jun/2024:07:47:14 +0000] "GET /robots.txt HTTP/2.0" 302 4360 "http://localhost" "Mozilla/5.0 (Macintosh; Intel Mac OS X 10_15_7) AppleWebKit/537.36 (KHTML, like Gecko) Chrome/91.0.4472.114 Safari/537.36"
192.168.1.3 - - [14/Jun/2024:07:47:14 +0000] "PUT /image.jpg HTTP/1.1" 500 1034 "http://example.com" "Mozilla/5.0 (compatible; Googlebot/2.1; +http://www.google.com/bot.html)"
192.168.1.2 - - [14/Jun/2024:07:47:14 +0000] "GET /submit_form HTTP/2.0" 500 1656 "http://test.com" "Mozilla/5.0 (Macintosh; Intel Mac OS X 10_15_7) AppleWebKit/537.36 (KHTML, like Gecko) Chrome/91.0.4472.114 Safari/537.36"
192.168.1.4 - - [14/Jun/2024:07:47:14 +0000] "POST /index.html HTTP/2.0" 200 1406 "http://test.com" "Mozilla/5.0 (Macintosh; Intel Mac OS X 10_15_7) AppleWebKit/537.36 (KHTML, like Gecko) Chrome/91.0.4472.114 Safari/537.36"
192.168.1.3 - - [14/Jun/2024:07:47:14 +0000] "GET /submit_form HTTP/2.0" 500 4493 "http://test.com" "Mozilla/5.0 (Windows NT 6.1; WOW64) AppleWebKit/537.36 (KHTML, like Gecko) Chrome/90.0.4430.212 Safari/537.36"
192.168.1.2 - - [14/Jun/2024:07:47:14 +0000] "DELETE /robots.txt HTTP/1.0" 500 385 "http://test.com" "Mozilla/5.0 (Windows NT 6.1; WOW64) AppleWebKit/537.36 (KHTML, like Gecko) Chrome/90.0.4430.212 Safari/537.36"
192.168.1.1 - - [14/Jun/2024:07:47:14 +0000] "GET /robots.txt HTTP/1.1" 200 4075 "http://localhost" "Mozilla/5.0 (Macintosh; Intel Mac OS X 10_15_7) AppleWebKit/537.36 (KHTML, like Gecko) Chrome/91.0.4472.114 Safari/537.36"
10.0.0.1 - - [14/Jun/2024:07:47:14 +0000] "GET /index.html HTTP/1.0" 500 3072 "http://test.com" "Mozilla/5.0 (Macintosh; Intel Mac OS X 10_15_7) AppleWebKit/537.36 (KHTML, like Gecko) Chrome/91.0.4472.114 Safari/537.36"
192.168.1.1 - - [14/Jun/2024:07:47:14 +0000] "POST /image.jpg HTTP/1.1" 302 4252 "http://localhost" "Mozilla/5.0 (Windows NT 6.1; WOW64) AppleWebKit/537.36 (KHTML, like Gecko) Chrome/90.0.4430.212 Safari/537.36"
10.0.0.1 - - [14/Jun/2024:07:47:14 +0000] "GET /image.jpg HTTP/2.0" 404 3728 "http://example.com" "Mozilla/5.0 (Macintosh; Intel Mac OS X 10_15_7) AppleWebKit/537.36 (KHTML, like Gecko) Chrome/91.0.4472.114 Safari/537.36"
192.168.1.4 - - [14/Jun/2024:07:47:14 +0000] "GET /submit_form HTTP/1.1" 302 4955 "http://example.com" "Mozilla/5.0 (Macintosh; Intel Mac OS X 10_15_7) AppleWebKit/537.36 (KHTML, like Gecko) Chrome/91.0.4472.114 Safari/537.36"
192.168.1.4 - - [14/Jun/2024:07:47:14 +0000] "DELETE /index.html HTTP/2.0" 500 2629 "http://example.com" "Mozilla/5.0 (Windows NT 10.0; Win64; x64) AppleWebKit/537.36 (KHTML, like Gecko) Chrome/90.0.4430.212 Safari/537.36"
192.168.1.3 - - [14/Jun/2024:07:47:14 +0000] "POST /robots.txt HTTP/1.1" 302 2075 "http://example.com" "Mozilla/5.0 (Windows NT 6.1; WOW64) AppleWebKit/537.36 (KHTML, like Gecko) Chrome/90.0.4430.212 Safari/537.36"
192.168.1.4 - - [14/Jun/2024:07:47:14 +0000] "GET /index.html HTTP/1.1" 200 3812 "http://localhost" "Mozilla/5.0 (compatible; Googlebot/2.1; +http://www.google.com/bot.html)"
192.168.1.4 - - [14/Jun/2024:07:47:14 +0000] "DELETE /robots.txt HTTP/2.0" 302 1896 "http://localhost" "Mozilla/5.0 (Windows NT 10.0; Win64; x64) AppleWebKit/537.36 (KHTML, like Gecko) Chrome/90.0.4430.212 Safari/537.36"
192.168.1.1 - - [14/Jun/2024:07:47:14 +0000] "POST /robots.txt HTTP/1.1" 302 1999 "http://localhost" "Mozilla/5.0 (Windows NT 10.0; Win64; x64) AppleWebKit/537.36 (KHTML, like Gecko) Chrome/90.0.4430.212 Safari/537.36"
192.168.1.3 - - [14/Jun/2024:07:47:14 +0000] "PUT /image.jpg HTTP/1.1" 200 2892 "http://test.com" "Mozilla/5.0 (Windows NT 10.0; Win64; x64) AppleWebKit/537.36 (KHTML, like Gecko) Chrome/90.0.4430.212 Safari/537.36"
192.168.1.3 - - [14/Jun/2024:07:47:14 +0000] "POST /robots.txt HTTP/1.0" 500 2170 "http://test.com" "Mozilla/5.0 (compatible; Googlebot/2.1; +http://www.google.com/bot.html)"
192.168.1.1 - - [14/Jun/2024:07:47:14 +0000] "POST /image.jpg HTTP/1.0" 500 3568 "http://example.com" "Mozilla/5.0 (compatible; Googlebot/2.1; +http://www.google.com/bot.html)"
10.0.0.1 - - [14/Jun/2024:07:47:14 +0000] "GET /image.jpg HTTP/1.1" 500 3752 "http://test.com" "Mozilla/5.0 (Windows NT 6.1; WOW64) AppleWebKit/537.36 (KHTML, like Gecko) Chrome/90.0.4430.212 Safari/537.36"
192.168.1.2 - - [14/Jun/2024:07:47:14 +0000] "PUT /robots.txt HTTP/2.0" 500 1175 "http://test.com" "Mozilla/5.0 (compatible; Googlebot/2.1; +http://www.google.com/bot.html)"
10.0.0.1 - - [14/Jun/2024:07:47:14 +0000] "DELETE /robots.txt HTTP/2.0" 302 2208 "http://example.com" "Mozilla/5.0 (Windows NT 10.0; Win64; x64) AppleWebKit/537.36 (KHTML, like Gecko) Chrome/90.0.4430.212 Safari/537.36"
192.168.1.4 - - [14/Jun/2024:07:47:14 +0000] "PUT /index.html HTTP/1.1" 404 3867 "http://test.com" "Mozilla/5.0 (Windows NT 6.1; WOW64) AppleWebKit/537.36 (KHTML, like Gecko) Chrome/90.0.4430.212 Safari/537.36"
10.0.0.1 - - [14/Jun/2024:07:47:14 +0000] "PUT /robots.txt HTTP/1.1" 302 2454 "http://test.com" "Mozilla/5.0 (Macintosh; Intel Mac OS X 10_15_7) AppleWebKit/537.36 (KHTML, like Gecko) Chrome/91.0.4472.114 Safari/537.36"
192.168.1.4 - - [14/Jun/2024:07:47:14 +0000] "PUT /submit_form HTTP/1.1" 200 711 "http://localhost" "Mozilla/5.0 (Macintosh; Intel Mac OS X 10_15_7) AppleWebKit/537.36 (KHTML, like Gecko) Chrome/91.0.4472.114 Safari/537.36"
10.0.0.1 - - [14/Jun/2024:07:47:14 +0000] "GET /robots.txt HTTP/1.0" 500 1201 "http://localhost" "Mozilla/5.0 (Windows NT 10.0; Win64; x64) AppleWebKit/537.36 (KHTML, like Gecko) Chrome/90.0.4430.212 Safari/537.36"
192.168.1.2 - - [14/Jun/2024:07:47:14 +0000] "POST /index.html HTTP/2.0" 302 4793 "http://example.com" "Mozilla/5.0 (Windows NT 6.1; WOW64) AppleWebKit/537.36 (KHTML, like Gecko) Chrome/90.0.4430.212 Safari/537.36"
10.0.0.1 - - [14/Jun/2024:07:47:14 +0000] "DELETE /submit_form HTTP/1.0" 500 1126 "http://example.com" "Mozilla/5.0 (Macintosh; Intel Mac OS X 10_15_7) AppleWebKit/537.36 (KHTML, like Gecko) Chrome/91.0.4472.114 Safari/537.36"
192.168.1.2 - - [14/Jun/2024:07:47:14 +0000] "PUT /index.html HTTP/1.0" 500 2114 "http://localhost" "Mozilla/5.0 (Windows NT 6.1; WOW64) AppleWebKit/537.36 (KHTML, like Gecko) Chrome/90.0.4430.212 Safari/537.36"
192.168.1.4 - - [14/Jun/2024:07:47:14 +0000] "PUT /robots.txt HTTP/1.1" 302 486 "http://localhost" "Mozilla/5.0 (Windows NT 10.0; Win64; x64) AppleWebKit/537.36 (KHTML, like Gecko) Chrome/90.0.4430.212 Safari/537.36"
10.0.0.1 - - [14/Jun/2024:07:47:14 +0000] "POST /submit_form HTTP/2.0" 302 311 "http://example.com" "Mozilla/5.0 (Windows NT 10.0; Win64; x64) AppleWebKit/537.36 (KHTML, like Gecko) Chrome/90.0.4430.212 Safari/537.36"
192.168.1.3 - - [14/Jun/2024:07:47:14 +0000] "POST /image.jpg HTTP/2.0" 404 3014 "http://example.com" "Mozilla/5.0 (compatible; Googlebot/2.1; +http://www.google.com/bot.html)"
192.168.1.4 - - [14/Jun/2024:07:47:14 +0000] "GET /index.html HTTP/1.1" 404 1173 "http://example.com" "Mozilla/5.0 (Windows NT 6.1; WOW64) AppleWebKit/537.36 (KHTML, like Gecko) Chrome/90.0.4430.212 Safari/537.36"
192.168.1.3 - - [14/Jun/2024:07:47:14 +0000] "DELETE /image.jpg HTTP/1.1" 404 1358 "http://example.com" "Mozilla/5.0 (Macintosh; Intel Mac OS X 10_15_7) AppleWebKit/537.36 (KHTML, like Gecko) Chrome/91.0.4472.114 Safari/537.36"
192.168.1.1 - - [14/Jun/2024:07:47:14 +0000] "DELETE /index.html HTTP/1.0" 404 1330 "http://test.com" "Mozilla/5.0 (Windows NT 10.0; Win64; x64) AppleWebKit/537.36 (KHTML, like Gecko) Chrome/90.0.4430.212 Safari/537.36"
192.168.1.3 - - [14/Jun/2024:07:47:14 +0000] "PUT /submit_form HTTP/1.0" 500 1867 "http://test.com" "Mozilla/5.0 (Macintosh; Intel Mac OS X 10_15_7) AppleWebKit/537.36 (KHTML, like Gecko) Chrome/91.0.4472.114 Safari/537.36"
192.168.1.2 - - [14/Jun/2024:07:47:14 +0000] "GET /robots.txt HTTP/1.1" 302 4144 "http://localhost" "Mozilla/5.0 (Windows NT 10.0; Win64; x64) AppleWebKit/537.36 (KHTML, like Gecko) Chrome/90.0.4430.212 Safari/537.36"
192.168.1.2 - - [14/Jun/2024:07:47:14 +0000] "DELETE /index.html HTTP/1.1" 200 3165 "http://localhost" "Mozilla/5.0 (compatible; Googlebot/2.1; +http://www.google.com/bot.html)"
192.168.1.1 - - [14/Jun/2024:07:47:14 +0000] "DELETE /image.jpg HTTP/1.0" 500 2359 "http://example.com" "Mozilla/5.0 (Windows NT 6.1; WOW64) AppleWebKit/537.36 (KHTML, like Gecko) Chrome/90.0.4430.212 Safari/537.36"
192.168.1.3 - - [14/Jun/2024:07:47:14 +0000] "POST /submit_form HTTP/2.0" 302 185 "http://localhost" "Mozilla/5.0 (compatible; Googlebot/2.1; +http://www.google.com/bot.html)"
192.168.1.2 - - [14/Jun/2024:07:47:14 +0000] "PUT /submit_form HTTP/1.0" 500 4936 "http://example.com" "Mozilla/5.0 (compatible; Googlebot/2.1; +http://www.google.com/bot.html)"
10.0.0.1 - - [14/Jun/2024:07:47:14 +0000] "PUT /submit_form HTTP/1.1" 500 4758 "http://test.com" "Mozilla/5.0 (Windows NT 6.1; WOW64) AppleWebKit/537.36 (KHTML, like Gecko) Chrome/90.0.4430.212 Safari/537.36"
10.0.0.1 - - [14/Jun/2024:07:47:14 +0000] "PUT /submit_form HTTP/1.1" 404 2363 "http://example.com" "Mozilla/5.0 (Windows NT 6.1; WOW64) AppleWebKit/537.36 (KHTML, like Gecko) Chrome/90.0.4430.212 Safari/537.36"
192.168.1.4 - - [14/Jun/2024:07:47:14 +0000] "PUT /submit_form HTTP/1.0" 302 1849 "http://test.com" "Mozilla/5.0 (Windows NT 10.0; Win64; x64) AppleWebKit/537.36 (KHTML, like Gecko) Chrome/90.0.4430.212 Safari/537.36"
192.168.1.1 - - [14/Jun/2024:07:47:14 +0000] "DELETE /robots.txt HTTP/2.0" 500 3794 "http://example.com" "Mozilla/5.0 (Windows NT 6.1; WOW64) AppleWebKit/537.36 (KHTML, like Gecko) Chrome/90.0.4430.212 Safari/537.36"
192.168.1.1 - - [14/Jun/2024:07:47:14 +0000] "PUT /index.html HTTP/2.0" 200 3429 "http://test.com" "Mozilla/5.0 (compatible; Googlebot/2.1; +http://www.google.com/bot.html)"
192.168.1.3 - - [14/Jun/2024:07:47:14 +0000] "GET /image.jpg HTTP/2.0" 200 4398 "http://test.com" "Mozilla/5.0 (Windows NT 6.1; WOW64) AppleWebKit/537.36 (KHTML, like Gecko) Chrome/90.0.4430.212 Safari/537.36"
192.168.1.1 - - [14/Jun/2024:07:47:14 +0000] "DELETE /submit_form HTTP/1.0" 404 3273 "http://localhost" "Mozilla/5.0 (Windows NT 10.0; Win64; x64) AppleWebKit/537.36 (KHTML, like Gecko) Chrome/90.0.4430.212 Safari/537.36"
192.168.1.2 - - [14/Jun/2024:07:47:14 +0000] "DELETE /submit_form HTTP/2.0" 200 4049 "http://example.com" "Mozilla/5.0 (Macintosh; Intel Mac OS X 10_15_7) AppleWebKit/537.36 (KHTML, like Gecko) Chrome/91.0.4472.114 Safari/537.36"
192.168.1.2 - - [14/Jun/2024:07:47:14 +0000] "POST /submit_form HTTP/1.1" 200 383 "http://test.com" "Mozilla/5.0 (Macintosh; Intel Mac OS X 10_15_7) AppleWebKit/537.36 (KHTML, like Gecko) Chrome/91.0.4472.114 Safari/537.36"
192.168.1.1 - - [14/Jun/2024:07:47:14 +0000] "GET /index.html HTTP/1.0" 302 535 "http://test.com" "Mozilla/5.0 (compatible; Googlebot/2.1; +http://www.google.com/bot.html)"
192.168.1.1 - - [14/Jun/2024:07:47:14 +0000] "DELETE /submit_form HTTP/1.1" 200 3573 "http://example.com" "Mozilla/5.0 (Windows NT 10.0; Win64; x64) AppleWebKit/537.36 (KHTML, like Gecko) Chrome/90.0.4430.212 Safari/537.36"
192.168.1.2 - - [14/Jun/2024:07:47:14 +0000] "GET /index.html HTTP/1.1" 404 4127 "http://test.com" "Mozilla/5.0 (Macintosh; Intel Mac OS X 10_15_7) AppleWebKit/537.36 (KHTML, like Gecko) Chrome/91.0.4472.114 Safari/537.36"
192.168.1.4 - - [14/Jun/2024:07:47:14 +0000] "POST /submit_form HTTP/2.0" 500 730 "http://test.com" "Mozilla/5.0 (Windows NT 6.1; WOW64) AppleWebKit/537.36 (KHTML, like Gecko) Chrome/90.0.4430.212 Safari/537.36"
192.168.1.4 - - [14/Jun/2024:07:47:14 +0000] "GET /image.jpg HTTP/2.0" 200 3477 "http://test.com" "Mozilla/5.0 (Windows NT 10.0; Win64; x64) AppleWebKit/537.36 (KHTML, like Gecko) Chrome/90.0.4430.212 Safari/537.36"
10.0.0.1 - - [14/Jun/2024:07:47:14 +0000] "DELETE /submit_form HTTP/1.0" 200 2846 "http://localhost" "Mozilla/5.0 (compatible; Googlebot/2.1; +http://www.google.com/bot.html)"
10.0.0.1 - - [14/Jun/2024:07:47:14 +0000] "PUT /image.jpg HTTP/1.0" 500 3682 "http://example.com" "Mozilla/5.0 (compatible; Googlebot/2.1; +http://www.google.com/bot.html)"
10.0.0.1 - - [14/Jun/2024:07:47:14 +0000] "GET /image.jpg HTTP/2.0" 302 1372 "http://localhost" "Mozilla/5.0 (Windows NT 6.1; WOW64) AppleWebKit/537.36 (KHTML, like Gecko) Chrome/90.0.4430.212 Safari/537.36"
192.168.1.1 - - [14/Jun/2024:07:47:14 +0000] "GET /index.html HTTP/2.0" 404 597 "http://test.com" "Mozilla/5.0 (Windows NT 6.1; WOW64) AppleWebKit/537.36 (KHTML, like Gecko) Chrome/90.0.4430.212 Safari/537.36"
192.168.1.4 - - [14/Jun/2024:07:47:14 +0000] "GET /image.jpg HTTP/1.0" 404 3783 "http://example.com" "Mozilla/5.0 (Macintosh; Intel Mac OS X 10_15_7) AppleWebKit/537.36 (KHTML, like Gecko) Chrome/91.0.4472.114 Safari/537.36"
192.168.1.4 - - [14/Jun/2024:07:47:14 +0000] "DELETE /submit_form HTTP/1.1" 200 1067 "http://test.com" "Mozilla/5.0 (Windows NT 6.1; WOW64) AppleWebKit/537.36 (KHTML, like Gecko) Chrome/90.0.4430.212 Safari/537.36"
192.168.1.1 - - [14/Jun/2024:07:47:14 +0000] "DELETE /robots.txt HTTP/1.1" 500 1788 "http://localhost" "Mozilla/5.0 (compatible; Googlebot/2.1; +http://www.google.com/bot.html)"
10.0.0.1 - - [14/Jun/2024:07:47:14 +0000] "DELETE /image.jpg HTTP/1.1" 404 512 "http://test.com" "Mozilla/5.0 (Windows NT 6.1; WOW64) AppleWebKit/537.36 (KHTML, like Gecko) Chrome/90.0.4430.212 Safari/537.36"
