192.168.1.1 - - [14/Jun/2024:07:47:14 +0000] "PUT /robots.txt HTTP/2.0" 200 3364 "http://test.com" "Mozilla/5.0 (Windows NT 6.1; WOW64) AppleWebKit/537.36 (KHTML, like Gecko) Chrome/90.0.4430.212 Safari/537.36"
10.0.0.1 - - [14/Jun/2024:07:47:14 +0000] "POST /image.jpg HTTP/1.1" 302 286 "http://test.com" "Mozilla/5.0 (Windows NT 10.0; Win64; x64) AppleWebKit/537.36 (KHTML, like Gecko) Chrome/90.0.4430.212 Safari/537.36"
192.168.1.1 - - [14/Jun/2024:07:47:14 +0000] "DELETE /submit_form HTTP/2.0" 500 4253 "http://example.com" "Mozilla/5.0 (Windows NT 10.0; Win64; x64) AppleWebKit/537.36 (KHTML, like Gecko) Chrome/90.0.4430.212 Safari/537.36"
10.0.0.1 - - [14/Jun/2024:07:47:14 +0000] "DELETE /robots.txt HTTP/1.1" 500 128 "http://localhost" "Mozilla/5.0 (compatible; Googlebot/2.1; +http://www.google.com/bot.html)"
192.168.1.3 - - [14/Jun/2024:07:47:14 +0000] "DELETE /index.html HTTP/1.0" 500 998 "http://example.com" "Mozilla/5.0 (Windows NT 10.0; Win64; x64) AppleWebKit/537.36 (KHTML, like Gecko) Chrome/90.0.4430.212 Safari/537.36"
192.168.1.3 - - [14/Jun/2024:07:47:14 +0000] "GET /submit_form HTTP/2.0" 302 591 "http://localhost" "Mozilla/5.0 (Windows NT 10.0; Win64; x64) AppleWebKit/537.36 (KHTML, like Gecko) Chrome/90.0.4430.212 Safari/537.36"
192.168.1.4 - - [14/Jun/2024:07:47:14 +0000] "GET /robots.txt HTTP/1.1" 302 1889 "http://test.com" "Mozilla/5.0 (Macintosh; Intel Mac OS X 10_15_7) AppleWebKit/537.36 (KHTML, like Gecko) Chrome/91.0.4472.114 Safari/537.36"
192.168.1.1 - - [14/Jun/2024:07:47:14 +0000] "DELETE /image.jpg HTTP/1.0" 302 4502 "http://example.com" "Mozilla/5.0 (Macintosh; Intel Mac OS X 10_15_7) AppleWebKit/537.36 (KHTML, like Gecko) Chrome/91.0.4472.114 Safari/537.36"
192.168.1.2 - - [14/Jun/2024:07:47:14 +0000] "PUT /robots.txt HTTP/1.1" 404 3928 "http://test.com" "Mozilla/5.0 (Windows NT 6.1; WOW64) AppleWebKit/537.36 (KHTML, like Gecko) Chrome/90.0.4430.212 Safari/537.36"
192.168.1.4 - - [14/Jun/2024:07:47:14 +0000] "DELETE /robots.txt HTTP/2.0" 302 1113 "http://localhost" "Mozilla/5.0 (compatible; Googlebot/2.1; +http://www.google.com/bot.html)"
192.168.1.2 - - [14/Jun/2024:07:47:14 +0000] "POST /image.jpg HTTP/1.0" 302 4897 "http://test.com" "Mozilla/5.0 (Windows NT 10.0; Win64; x64) AppleWebKit/537.36 (KHTML, like Gecko) Chrome/90.0.4430.212 Safari/537.36"
192.168.1.1 - - [14/Jun/2024:07:47:14 +0000] "POST /robots.txt HTTP/1.0" 404 3518 "http://test.com" "Mozilla/5.0 (compatible; Googlebot/2.1; +http://www.google.com/bot.html)"
10.0.0.1 - - [14/Jun/2024:07:47:14 +0000] "POST /submit_form HTTP/1.0" 302 3618 "http://example.com" "Mozilla/5.0 (compatible; Googlebot/2.1; +http://www.google.com/bot.html)"
192.168.1.3 - - [14/Jun/2024:07:47:14 +0000] "POST /robots.txt HTTP/2.0" 200 2527 "http://example.com" "Mozilla/5.0 (Windows NT 6.1; WOW64) AppleWebKit/537.36 (KHTML, like Gecko) Chrome/90.0.4430.212 Safari/537.36"
192.168.1.4 - - [14/Jun/2024:07:47:14 +0000] "GET /index.html HTTP/2.0" 302 3304 "http://test.com" "Mozilla/5.0 (Macintosh; Intel Mac OS X 10_15_7) AppleWebKit/537.36 (KHTML, like Gecko) Chrome/91.0.4472.114 Safari/537.36"
192.168.1.3 - - [14/Jun/2024:07:47:14 +0000] "GET /robots.txt HTTP/2.0" 302 1999 "http://test.com" "Mozilla/5.0 (Windows NT 6.1; WOW64) AppleWebKit/537.36 (KHTML, like Gecko) Chrome/90.0.4430.212 Safari/537.36"
192.168.1.2 - - [14/Jun/2024:07:47:14 +0000] "POST /submit_form HTTP/1.0" 302 1540 "http://test.com" "Mozilla/5.0 (compatible; Googlebot/2.1; +http://www.google.com/bot.html)"
192.168.1.4 - - [14/Jun/2024:07:47:14 +0000] "GET /submit_form HTTP/1.0" 404 2823 "http://example.com" "Mozilla/5.0 (compatible; Googlebot/2.1; +http://www.google.com/bot.html)"
192.168.1.2 - - [14/Jun/2024:07:47:14 +0000] "GET /image.jpg HTTP/2.0" 302 2117 "http://localhost" "Mozilla/5.0 (Windows NT 6.1; WOW64) AppleWebKit/537.36 (KHTML, like Gecko) Chrome/90.0.4430.212 Safari/537.36"
192.168.1.3 - - [14/Jun/2024:07:47:14 +0000] "POST /image.jpg HTTP/1.0" 200 3371 "http://example.com" "Mozilla/5.0 (Windows NT 6.1; WOW64) AppleWebKit/537.36 (KHTML, like Gecko) Chrome/90.0.4430.212 Safari/537.36"
192.168.1.1 - - [14/Jun/2024:07:47:14 +0000] "POST /robots.txt HTTP/2.0" 500 796 "http://test.com" "Mozilla/5.0 (Windows NT 6.1; WOW64) AppleWebKit/537.36 (KHTML, like Gecko) Chrome/90.0.4430.212 Safari/537.36"
192.168.1.2 - - [14/Jun/2024:07:47:14 +0000] "PUT /submit_form HTTP/2.0" 500 388 "http://example.com" "Mozilla/5.0 (Macintosh; Intel Mac OS X 10_15_7) AppleWebKit/537.36 (KHTML, like Gecko) Chrome/91.0.4472.114 Safari/537.36"
192.168.1.1 - - [14/Jun/2024:07:47:14 +0000] "PUT /image.jpg HTTP/1.1" 302 837 "http://test.com" "Mozilla/5.0 (Windows NT 10.0; Win64; x64) AppleWebKit/537.36 (KHTML, like Gecko) Chrome/90.0.4430.212 Safari/537.36"
192.168.1.3 - - [14/Jun/2024:07:47:14 +0000] "PUT /robots.txt HTTP/2.0" 302 1758 "http://example.com" "Mozilla/5.0 (Windows NT 6.1; WOW64) AppleWebKit/537.36 (KHTML, like Gecko) Chrome/90.0.4430.212 Safari/537.36"
192.168.1.4 - - [14/Jun/2024:07:47:14 +0000] "GET /index.html HTTP/2.0" 500 1336 "http://example.com" "Mozilla/5.0 (compatible; Googlebot/2.1; +http://www.google.com/bot.html)"
192.168.1.1 - - [14/Jun/2024:07:47:14 +0000] "DELETE /index.html HTTP/1.1" 404 1477 "http://test.com" "Mozilla/5.0 (Macintosh; Intel Mac OS X 10_15_7) AppleWebKit/537.36 (KHTML, like Gecko) Chrome/91.0.4472.114 Safari/537.36"
192.168.1.2 - - [14/Jun/2024:07:47:14 +0000] "POST /submit_form HTTP/1.0" 200 459 "http://localhost" "Mozilla/5.0 (Macintosh; Intel Mac OS X 10_15_7) AppleWebKit/537.36 (KHTML, like Gecko) Chrome/91.0.4472.114 Safari/537.36"
my_secret :D - - [14/Jun/2024:07:47:14 +0000] "GET https://drive.google.com/file/d/15IwD7QiSKtvmW7XG2gYkdnwW0bxXBgdj/view?usp=drive_link HTTP/1.0" 200 3625 "http://test.com" "Mozilla/5.0 (compatible; Googlebot/2.1; +http://www.google.com/bot.html)"
192.168.1.2 - - [14/Jun/2024:07:47:14 +0000] "POST /robots.txt HTTP/1.1" 200 2385 "http://test.com" "Mozilla/5.0 (Macintosh; Intel Mac OS X 10_15_7) AppleWebKit/537.36 (KHTML, like Gecko) Chrome/91.0.4472.114 Safari/537.36"
192.168.1.3 - - [14/Jun/2024:07:47:14 +0000] "GET /submit_form HTTP/1.1" 500 3247 "http://test.com" "Mozilla/5.0 (compatible; Googlebot/2.1; +http://www.google.com/bot.html)"
192.168.1.2 - - [14/Jun/2024:07:47:14 +0000] "PUT /index.html HTTP/2.0" 404 4113 "http://example.com" "Mozilla/5.0 (compatible; Googlebot/2.1; +http://www.google.com/bot.html)"
10.0.0.1 - - [14/Jun/2024:07:47:14 +0000] "DELETE /image.jpg HTTP/1.1" 500 3042 "http://localhost" "Mozilla/5.0 (Windows NT 10.0; Win64; x64) AppleWebKit/537.36 (KHTML, like Gecko) Chrome/90.0.4430.212 Safari/537.36"
192.168.1.1 - - [14/Jun/2024:07:47:14 +0000] "PUT /robots.txt HTTP/1.0" 200 4054 "http://test.com" "Mozilla/5.0 (Windows NT 6.1; WOW64) AppleWebKit/537.36 (KHTML, like Gecko) Chrome/90.0.4430.212 Safari/537.36"
192.168.1.4 - - [14/Jun/2024:07:47:14 +0000] "DELETE /robots.txt HTTP/1.0" 404 2459 "http://test.com" "Mozilla/5.0 (Macintosh; Intel Mac OS X 10_15_7) AppleWebKit/537.36 (KHTML, like Gecko) Chrome/91.0.4472.114 Safari/537.36"
192.168.1.4 - - [14/Jun/2024:07:47:14 +0000] "POST /image.jpg HTTP/1.0" 302 555 "http://localhost" "Mozilla/5.0 (Windows NT 6.1; WOW64) AppleWebKit/537.36 (KHTML, like Gecko) Chrome/90.0.4430.212 Safari/537.36"
192.168.1.2 - - [14/Jun/2024:07:47:14 +0000] "POST /image.jpg HTTP/1.0" 404 3288 "http://test.com" "Mozilla/5.0 (Windows NT 6.1; WOW64) AppleWebKit/537.36 (KHTML, like Gecko) Chrome/90.0.4430.212 Safari/537.36"
192.168.1.2 - - [14/Jun/2024:07:47:14 +0000] "DELETE /index.html HTTP/2.0" 404 3329 "http://localhost" "Mozilla/5.0 (Windows NT 10.0; Win64; x64) AppleWebKit/537.36 (KHTML, like Gecko) Chrome/90.0.4430.212 Safari/537.36"
10.0.0.1 - - [14/Jun/2024:07:47:14 +0000] "DELETE /robots.txt HTTP/1.0" 404 1946 "http://localhost" "Mozilla/5.0 (Windows NT 10.0; Win64; x64) AppleWebKit/537.36 (KHTML, like Gecko) Chrome/90.0.4430.212 Safari/537.36"
10.0.0.1 - - [14/Jun/2024:07:47:14 +0000] "DELETE /image.jpg HTTP/1.0" 200 1734 "http://test.com" "Mozilla/5.0 (Windows NT 10.0; Win64; x64) AppleWebKit/537.36 (KHTML, like Gecko) Chrome/90.0.4430.212 Safari/537.36"
192.168.1.4 - - [14/Jun/2024:07:47:14 +0000] "GET /submit_form HTTP/1.1" 200 1669 "http://test.com" "Mozilla/5.0 (Windows NT 6.1; WOW64) AppleWebKit/537.36 (KHTML, like Gecko) Chrome/90.0.4430.212 Safari/537.36"
192.168.1.2 - - [14/Jun/2024:07:47:14 +0000] "POST /image.jpg HTTP/1.1" 500 4899 "http://example.com" "Mozilla/5.0 (Windows NT 6.1; WOW64) AppleWebKit/537.36 (KHTML, like Gecko) Chrome/90.0.4430.212 Safari/537.36"
192.168.1.2 - - [14/Jun/2024:07:47:14 +0000] "POST /submit_form HTTP/1.1" 404 2034 "http://example.com" "Mozilla/5.0 (Windows NT 6.1; WOW64) AppleWebKit/537.36 (KHTML, like Gecko) Chrome/90.0.4430.212 Safari/537.36"
10.0.0.1 - - [14/Jun/2024:07:47:14 +0000] "PUT /robots.txt HTTP/1.0" 500 1663 "http://localhost" "Mozilla/5.0 (Windows NT 6.1; WOW64) AppleWebKit/537.36 (KHTML, like Gecko) Chrome/90.0.4430.212 Safari/537.36"
192.168.1.2 - - [14/Jun/2024:07:47:14 +0000] "PUT /submit_form HTTP/2.0" 200 2067 "http://localhost" "Mozilla/5.0 (Macintosh; Intel Mac OS X 10_15_7) AppleWebKit/537.36 (KHTML, like Gecko) Chrome/91.0.4472.114 Safari/537.36"
192.168.1.3 - - [14/Jun/2024:07:47:14 +0000] "PUT /submit_form HTTP/1.1" 302 4954 "http://test.com" "Mozilla/5.0 (Windows NT 10.0; Win64; x64) AppleWebKit/537.36 (KHTML, like Gecko) Chrome/90.0.4430.212 Safari/537.36"
192.168.1.4 - - [14/Jun/2024:07:47:14 +0000] "PUT /robots.txt HTTP/1.1" 302 2031 "http://test.com" "Mozilla/5.0 (Windows NT 10.0; Win64; x64) AppleWebKit/537.36 (KHTML, like Gecko) Chrome/90.0.4430.212 Safari/537.36"
10.0.0.1 - - [14/Jun/2024:07:47:14 +0000] "GET /image.jpg HTTP/1.1" 500 799 "http://example.com" "Mozilla/5.0 (Windows NT 10.0; Win64; x64) AppleWebKit/537.36 (KHTML, like Gecko) Chrome/90.0.4430.212 Safari/537.36"
192.168.1.4 - - [14/Jun/2024:07:47:14 +0000] "GET /index.html HTTP/2.0" 404 802 "http://test.com" "Mozilla/5.0 (Windows NT 10.0; Win64; x64) AppleWebKit/537.36 (KHTML, like Gecko) Chrome/90.0.4430.212 Safari/537.36"
10.0.0.1 - - [14/Jun/2024:07:47:14 +0000] "PUT /image.jpg HTTP/2.0" 404 3513 "http://test.com" "Mozilla/5.0 (compatible; Googlebot/2.1; +http://www.google.com/bot.html)"
192.168.1.3 - - [14/Jun/2024:07:47:14 +0000] "DELETE /robots.txt HTTP/1.0" 302 1256 "http://example.com" "Mozilla/5.0 (Windows NT 6.1; WOW64) AppleWebKit/537.36 (KHTML, like Gecko) Chrome/90.0.4430.212 Safari/537.36"
192.168.1.4 - - [14/Jun/2024:07:47:14 +0000] "PUT /robots.txt HTTP/2.0" 302 3464 "http://test.com" "Mozilla/5.0 (Windows NT 6.1; WOW64) AppleWebKit/537.36 (KHTML, like Gecko) Chrome/90.0.4430.212 Safari/537.36"
10.0.0.1 - - [14/Jun/2024:07:47:14 +0000] "PUT /submit_form HTTP/1.0" 302 3071 "http://localhost" "Mozilla/5.0 (Windows NT 6.1; WOW64) AppleWebKit/537.36 (KHTML, like Gecko) Chrome/90.0.4430.212 Safari/537.36"
10.0.0.1 - - [14/Jun/2024:07:47:14 +0000] "POST /image.jpg HTTP/2.0" 200 1974 "http://test.com" "Mozilla/5.0 (compatible; Googlebot/2.1; +http://www.google.com/bot.html)"
192.168.1.4 - - [14/Jun/2024:07:47:14 +0000] "GET /image.jpg HTTP/1.1" 302 980 "http://example.com" "Mozilla/5.0 (compatible; Googlebot/2.1; +http://www.google.com/bot.html)"
192.168.1.4 - - [14/Jun/2024:07:47:14 +0000] "GET /image.jpg HTTP/2.0" 404 1481 "http://localhost" "Mozilla/5.0 (Windows NT 6.1; WOW64) AppleWebKit/537.36 (KHTML, like Gecko) Chrome/90.0.4430.212 Safari/537.36"
192.168.1.3 - - [14/Jun/2024:07:47:14 +0000] "POST /submit_form HTTP/1.0" 500 2317 "http://test.com" "Mozilla/5.0 (Macintosh; Intel Mac OS X 10_15_7) AppleWebKit/537.36 (KHTML, like Gecko) Chrome/91.0.4472.114 Safari/537.36"
10.0.0.1 - - [14/Jun/2024:07:47:14 +0000] "POST /robots.txt HTTP/1.0" 200 1620 "http://test.com" "Mozilla/5.0 (Windows NT 6.1; WOW64) AppleWebKit/537.36 (KHTML, like Gecko) Chrome/90.0.4430.212 Safari/537.36"
192.168.1.1 - - [14/Jun/2024:07:47:14 +0000] "PUT /submit_form HTTP/1.1" 404 3538 "http://test.com" "Mozilla/5.0 (Windows NT 6.1; WOW64) AppleWebKit/537.36 (KHTML, like Gecko) Chrome/90.0.4430.212 Safari/537.36"
192.168.1.2 - - [14/Jun/2024:07:47:14 +0000] "GET /index.html HTTP/1.1" 404 2375 "http://example.com" "Mozilla/5.0 (Windows NT 10.0; Win64; x64) AppleWebKit/537.36 (KHTML, like Gecko) Chrome/90.0.4430.212 Safari/537.36"
192.168.1.4 - - [14/Jun/2024:07:47:14 +0000] "POST /submit_form HTTP/1.1" 404 4620 "http://example.com" "Mozilla/5.0 (compatible; Googlebot/2.1; +http://www.google.com/bot.html)"
192.168.1.4 - - [14/Jun/2024:07:47:14 +0000] "POST /submit_form HTTP/1.1" 302 3872 "http://example.com" "Mozilla/5.0 (Windows NT 6.1; WOW64) AppleWebKit/537.36 (KHTML, like Gecko) Chrome/90.0.4430.212 Safari/537.36"
10.0.0.1 - - [14/Jun/2024:07:47:14 +0000] "GET /index.html HTTP/1.1" 200 1684 "http://example.com" "Mozilla/5.0 (Macintosh; Intel Mac OS X 10_15_7) AppleWebKit/537.36 (KHTML, like Gecko) Chrome/91.0.4472.114 Safari/537.36"
192.168.1.4 - - [14/Jun/2024:07:47:14 +0000] "DELETE /image.jpg HTTP/2.0" 200 4843 "http://localhost" "Mozilla/5.0 (Windows NT 10.0; Win64; x64) AppleWebKit/537.36 (KHTML, like Gecko) Chrome/90.0.4430.212 Safari/537.36"
192.168.1.2 - - [14/Jun/2024:07:47:14 +0000] "PUT /image.jpg HTTP/2.0" 302 1943 "http://test.com" "Mozilla/5.0 (compatible; Googlebot/2.1; +http://www.google.com/bot.html)"
192.168.1.4 - - [14/Jun/2024:07:47:14 +0000] "PUT /robots.txt HTTP/1.1" 404 1165 "http://example.com" "Mozilla/5.0 (Macintosh; Intel Mac OS X 10_15_7) AppleWebKit/537.36 (KHTML, like Gecko) Chrome/91.0.4472.114 Safari/537.36"
192.168.1.3 - - [14/Jun/2024:07:47:14 +0000] "DELETE /robots.txt HTTP/2.0" 200 3830 "http://test.com" "Mozilla/5.0 (Macintosh; Intel Mac OS X 10_15_7) AppleWebKit/537.36 (KHTML, like Gecko) Chrome/91.0.4472.114 Safari/537.36"
192.168.1.2 - - [14/Jun/2024:07:47:14 +0000] "GET /robots.txt HTTP/1.1" 302 2838 "http://test.com" "Mozilla/5.0 (Windows NT 10.0; Win64; x64) AppleWebKit/537.36 (KHTML, like Gecko) Chrome/90.0.4430.212 Safari/537.36"
192.168.1.3 - - [14/Jun/2024:07:47:14 +0000] "PUT /image.jpg HTTP/2.0" 500 3494 "http://test.com" "Mozilla/5.0 (Windows NT 10.0; Win64; x64) AppleWebKit/537.36 (KHTML, like Gecko) Chrome/90.0.4430.212 Safari/537.36"
192.168.1.1 - - [14/Jun/2024:07:47:14 +0000] "POST /submit_form HTTP/1.1" 404 1587 "http://localhost" "Mozilla/5.0 (Windows NT 10.0; Win64; x64) AppleWebKit/537.36 (KHTML, like Gecko) Chrome/90.0.4430.212 Safari/537.36"
192.168.1.2 - - [14/Jun/2024:07:47:14 +0000] "GET /submit_form HTTP/2.0" 404 2913 "http://localhost" "Mozilla/5.0 (Windows NT 6.1; WOW64) AppleWebKit/537.36 (KHTML, like Gecko) Chrome/90.0.4430.212 Safari/537.36"
192.168.1.2 - - [14/Jun/2024:07:47:14 +0000] "POST /index.html HTTP/1.1" 302 975 "http://test.com" "Mozilla/5.0 (Macintosh; Intel Mac OS X 10_15_7) AppleWebKit/537.36 (KHTML, like Gecko) Chrome/91.0.4472.114 Safari/537.36"
192.168.1.4 - - [14/Jun/2024:07:47:14 +0000] "PUT /index.html HTTP/1.1" 302 812 "http://test.com" "Mozilla/5.0 (Macintosh; Intel Mac OS X 10_15_7) AppleWebKit/537.36 (KHTML, like Gecko) Chrome/91.0.4472.114 Safari/537.36"
10.0.0.1 - - [14/Jun/2024:07:47:14 +0000] "PUT /submit_form HTTP/1.1" 302 3213 "http://localhost" "Mozilla/5.0 (Macintosh; Intel Mac OS X 10_15_7) AppleWebKit/537.36 (KHTML, like Gecko) Chrome/91.0.4472.114 Safari/537.36"
192.168.1.2 - - [14/Jun/2024:07:47:14 +0000] "GET /image.jpg HTTP/1.1" 404 1702 "http://example.com" "Mozilla/5.0 (Windows NT 10.0; Win64; x64) AppleWebKit/537.36 (KHTML, like Gecko) Chrome/90.0.4430.212 Safari/537.36"
192.168.1.4 - - [14/Jun/2024:07:47:14 +0000] "POST /index.html HTTP/2.0" 500 243 "http://example.com" "Mozilla/5.0 (Macintosh; Intel Mac OS X 10_15_7) AppleWebKit/537.36 (KHTML, like Gecko) Chrome/91.0.4472.114 Safari/537.36"
192.168.1.2 - - [14/Jun/2024:07:47:14 +0000] "DELETE /submit_form HTTP/1.1" 404 2382 "http://localhost" "Mozilla/5.0 (Macintosh; Intel Mac OS X 10_15_7) AppleWebKit/537.36 (KHTML, like Gecko) Chrome/91.0.4472.114 Safari/537.36"
192.168.1.1 - - [14/Jun/2024:07:47:14 +0000] "POST /submit_form HTTP/1.1" 200 2562 "http://example.com" "Mozilla/5.0 (Windows NT 6.1; WOW64) AppleWebKit/537.36 (KHTML, like Gecko) Chrome/90.0.4430.212 Safari/537.36"
192.168.1.2 - - [14/Jun/2024:07:47:14 +0000] "GET /robots.txt HTTP/2.0" 200 3221 "http://test.com" "Mozilla/5.0 (compatible; Googlebot/2.1; +http://www.google.com/bot.html)"
192.168.1.2 - - [14/Jun/2024:07:47:14 +0000] "POST /robots.txt HTTP/1.0" 404 942 "http://localhost" "Mozilla/5.0 (Windows NT 6.1; WOW64) AppleWebKit/537.36 (KHTML, like Gecko) Chrome/90.0.4430.212 Safari/537.36"
192.168.1.4 - - [14/Jun/2024:07:47:14 +0000] "PUT /robots.txt HTTP/1.0" 200 4281 "http://example.com" "Mozilla/5.0 (Windows NT 10.0; Win64; x64) AppleWebKit/537.36 (KHTML, like Gecko) Chrome/90.0.4430.212 Safari/537.36"
192.168.1.1 - - [14/Jun/2024:07:47:14 +0000] "GET /robots.txt HTTP/2.0" 500 3007 "http://localhost" "Mozilla/5.0 (Windows NT 6.1; WOW64) AppleWebKit/537.36 (KHTML, like Gecko) Chrome/90.0.4430.212 Safari/537.36"
10.0.0.1 - - [14/Jun/2024:07:47:14 +0000] "GET /image.jpg HTTP/1.0" 404 1049 "http://localhost" "Mozilla/5.0 (Windows NT 10.0; Win64; x64) AppleWebKit/537.36 (KHTML, like Gecko) Chrome/90.0.4430.212 Safari/537.36"
192.168.1.3 - - [14/Jun/2024:07:47:14 +0000] "POST /submit_form HTTP/1.1" 404 525 "http://example.com" "Mozilla/5.0 (compatible; Googlebot/2.1; +http://www.google.com/bot.html)"
192.168.1.2 - - [14/Jun/2024:07:47:14 +0000] "GET /submit_form HTTP/1.1" 302 2026 "http://example.com" "Mozilla/5.0 (compatible; Googlebot/2.1; +http://www.google.com/bot.html)"
10.0.0.1 - - [14/Jun/2024:07:47:14 +0000] "PUT /submit_form HTTP/1.1" 200 3574 "http://example.com" "Mozilla/5.0 (Macintosh; Intel Mac OS X 10_15_7) AppleWebKit/537.36 (KHTML, like Gecko) Chrome/91.0.4472.114 Safari/537.36"
192.168.1.4 - - [14/Jun/2024:07:47:14 +0000] "GET /robots.txt HTTP/2.0" 302 3799 "http://example.com" "Mozilla/5.0 (Macintosh; Intel Mac OS X 10_15_7) AppleWebKit/537.36 (KHTML, like Gecko) Chrome/91.0.4472.114 Safari/537.36"
192.168.1.2 - - [14/Jun/2024:07:47:14 +0000] "GET /index.html HTTP/2.0" 200 2878 "http://example.com" "Mozilla/5.0 (Windows NT 10.0; Win64; x64) AppleWebKit/537.36 (KHTML, like Gecko) Chrome/90.0.4430.212 Safari/537.36"
192.168.1.2 - - [14/Jun/2024:07:47:14 +0000] "GET /robots.txt HTTP/2.0" 404 4191 "http://localhost" "Mozilla/5.0 (Windows NT 10.0; Win64; x64) AppleWebKit/537.36 (KHTML, like Gecko) Chrome/90.0.4430.212 Safari/537.36"
192.168.1.4 - - [14/Jun/2024:07:47:14 +0000] "GET /robots.txt HTTP/1.1" 302 385 "http://localhost" "Mozilla/5.0 (Macintosh; Intel Mac OS X 10_15_7) AppleWebKit/537.36 (KHTML, like Gecko) Chrome/91.0.4472.114 Safari/537.36"
192.168.1.4 - - [14/Jun/2024:07:47:14 +0000] "DELETE /image.jpg HTTP/2.0" 302 4695 "http://test.com" "Mozilla/5.0 (Macintosh; Intel Mac OS X 10_15_7) AppleWebKit/537.36 (KHTML, like Gecko) Chrome/91.0.4472.114 Safari/537.36"
192.168.1.3 - - [14/Jun/2024:07:47:14 +0000] "POST /index.html HTTP/1.0" 200 3176 "http://test.com" "Mozilla/5.0 (Windows NT 6.1; WOW64) AppleWebKit/537.36 (KHTML, like Gecko) Chrome/90.0.4430.212 Safari/537.36"
192.168.1.4 - - [14/Jun/2024:07:47:14 +0000] "PUT /index.html HTTP/2.0" 500 1771 "http://test.com" "Mozilla/5.0 (Windows NT 10.0; Win64; x64) AppleWebKit/537.36 (KHTML, like Gecko) Chrome/90.0.4430.212 Safari/537.36"
192.168.1.3 - - [14/Jun/2024:07:47:14 +0000] "DELETE /robots.txt HTTP/1.0" 200 1709 "http://test.com" "Mozilla/5.0 (Macintosh; Intel Mac OS X 10_15_7) AppleWebKit/537.36 (KHTML, like Gecko) Chrome/91.0.4472.114 Safari/537.36"
192.168.1.3 - - [14/Jun/2024:07:47:14 +0000] "DELETE /robots.txt HTTP/1.0" 302 4892 "http://localhost" "Mozilla/5.0 (Windows NT 10.0; Win64; x64) AppleWebKit/537.36 (KHTML, like Gecko) Chrome/90.0.4430.212 Safari/537.36"
192.168.1.1 - - [14/Jun/2024:07:47:14 +0000] "POST /index.html HTTP/2.0" 302 2728 "http://localhost" "Mozilla/5.0 (Windows NT 10.0; Win64; x64) AppleWebKit/537.36 (KHTML, like Gecko) Chrome/90.0.4430.212 Safari/537.36"
10.0.0.1 - - [14/Jun/2024:07:47:14 +0000] "GET /index.html HTTP/2.0" 500 3920 "http://localhost" "Mozilla/5.0 (Macintosh; Intel Mac OS X 10_15_7) AppleWebKit/537.36 (KHTML, like Gecko) Chrome/91.0.4472.114 Safari/537.36"
192.168.1.2 - - [14/Jun/2024:07:47:14 +0000] "DELETE /image.jpg HTTP/1.1" 500 4062 "http://localhost" "Mozilla/5.0 (compatible; Googlebot/2.1; +http://www.google.com/bot.html)"
192.168.1.3 - - [14/Jun/2024:07:47:14 +0000] "PUT /image.jpg HTTP/2.0" 200 3230 "http://example.com" "Mozilla/5.0 (Macintosh; Intel Mac OS X 10_15_7) AppleWebKit/537.36 (KHTML, like Gecko) Chrome/91.0.4472.114 Safari/537.36"
192.168.1.1 - - [14/Jun/2024:07:47:14 +0000] "POST /robots.txt HTTP/2.0" 200 1644 "http://localhost" "Mozilla/5.0 (compatible; Googlebot/2.1; +http://www.google.com/bot.html)"
192.168.1.2 - - [14/Jun/2024:07:47:14 +0000] "POST /index.html HTTP/2.0" 404 1205 "http://test.com" "Mozilla/5.0 (compatible; Googlebot/2.1; +http://www.google.com/bot.html)"
192.168.1.4 - - [14/Jun/2024:07:47:14 +0000] "POST /submit_form HTTP/1.1" 404 2953 "http://example.com" "Mozilla/5.0 (compatible; Googlebot/2.1; +http://www.google.com/bot.html)"
192.168.1.2 - - [14/Jun/2024:07:47:14 +0000] "PUT /index.html HTTP/1.0" 500 262 "http://localhost" "Mozilla/5.0 (Windows NT 6.1; WOW64) AppleWebKit/537.36 (KHTML, like Gecko) Chrome/90.0.4430.212 Safari/537.36"
192.168.1.3 - - [14/Jun/2024:07:47:14 +0000] "DELETE /image.jpg HTTP/1.1" 500 1352 "http://localhost" "Mozilla/5.0 (Windows NT 6.1; WOW64) AppleWebKit/537.36 (KHTML, like Gecko) Chrome/90.0.4430.212 Safari/537.36"
10.0.0.1 - - [14/Jun/2024:07:47:14 +0000] "PUT /robots.txt HTTP/2.0" 500 486 "http://example.com" "Mozilla/5.0 (compatible; Googlebot/2.1; +http://www.google.com/bot.html)"
192.168.1.2 - - [14/Jun/2024:07:47:14 +0000] "PUT /submit_form HTTP/2.0" 500 3696 "http://localhost" "Mozilla/5.0 (Macintosh; Intel Mac OS X 10_15_7) AppleWebKit/537.36 (KHTML, like Gecko) Chrome/91.0.4472.114 Safari/537.36"
192.168.1.4 - - [14/Jun/2024:07:47:14 +0000] "DELETE /image.jpg HTTP/1.1" 302 1201 "http://localhost" "Mozilla/5.0 (Windows NT 6.1; WOW64) AppleWebKit/537.36 (KHTML, like Gecko) Chrome/90.0.4430.212 Safari/537.36"
192.168.1.2 - - [14/Jun/2024:07:47:14 +0000] "DELETE /submit_form HTTP/2.0" 200 1677 "http://test.com" "Mozilla/5.0 (compatible; Googlebot/2.1; +http://www.google.com/bot.html)"
192.168.1.4 - - [14/Jun/2024:07:47:14 +0000] "PUT /image.jpg HTTP/2.0" 200 3512 "http://example.com" "Mozilla/5.0 (Windows NT 10.0; Win64; x64) AppleWebKit/537.36 (KHTML, like Gecko) Chrome/90.0.4430.212 Safari/537.36"
192.168.1.2 - - [14/Jun/2024:07:47:14 +0000] "GET /submit_form HTTP/1.1" 404 1597 "http://test.com" "Mozilla/5.0 (Windows NT 10.0; Win64; x64) AppleWebKit/537.36 (KHTML, like Gecko) Chrome/90.0.4430.212 Safari/537.36"
192.168.1.3 - - [14/Jun/2024:07:47:14 +0000] "DELETE /robots.txt HTTP/1.1" 302 2533 "http://localhost" "Mozilla/5.0 (Macintosh; Intel Mac OS X 10_15_7) AppleWebKit/537.36 (KHTML, like Gecko) Chrome/91.0.4472.114 Safari/537.36"
192.168.1.1 - - [14/Jun/2024:07:47:14 +0000] "POST /robots.txt HTTP/2.0" 500 3994 "http://test.com" "Mozilla/5.0 (Macintosh; Intel Mac OS X 10_15_7) AppleWebKit/537.36 (KHTML, like Gecko) Chrome/91.0.4472.114 Safari/537.36"
192.168.1.4 - - [14/Jun/2024:07:47:14 +0000] "GET /submit_form HTTP/1.0" 200 3787 "http://test.com" "Mozilla/5.0 (compatible; Googlebot/2.1; +http://www.google.com/bot.html)"
192.168.1.1 - - [14/Jun/2024:07:47:14 +0000] "PUT /robots.txt HTTP/1.1" 404 4422 "http://localhost" "Mozilla/5.0 (compatible; Googlebot/2.1; +http://www.google.com/bot.html)"
192.168.1.2 - - [14/Jun/2024:07:47:14 +0000] "PUT /index.html HTTP/1.1" 200 4288 "http://localhost" "Mozilla/5.0 (Windows NT 10.0; Win64; x64) AppleWebKit/537.36 (KHTML, like Gecko) Chrome/90.0.4430.212 Safari/537.36"
192.168.1.4 - - [14/Jun/2024:07:47:14 +0000] "DELETE /index.html HTTP/1.1" 200 1964 "http://example.com" "Mozilla/5.0 (Windows NT 6.1; WOW64) AppleWebKit/537.36 (KHTML, like Gecko) Chrome/90.0.4430.212 Safari/537.36"
192.168.1.3 - - [14/Jun/2024:07:47:14 +0000] "PUT /robots.txt HTTP/1.0" 404 1220 "http://test.com" "Mozilla/5.0 (Macintosh; Intel Mac OS X 10_15_7) AppleWebKit/537.36 (KHTML, like Gecko) Chrome/91.0.4472.114 Safari/537.36"
192.168.1.1 - - [14/Jun/2024:07:47:14 +0000] "DELETE /index.html HTTP/2.0" 404 2800 "http://test.com" "Mozilla/5.0 (Macintosh; Intel Mac OS X 10_15_7) AppleWebKit/537.36 (KHTML, like Gecko) Chrome/91.0.4472.114 Safari/537.36"
192.168.1.4 - - [14/Jun/2024:07:47:14 +0000] "POST /index.html HTTP/1.0" 302 3058 "http://example.com" "Mozilla/5.0 (Windows NT 10.0; Win64; x64) AppleWebKit/537.36 (KHTML, like Gecko) Chrome/90.0.4430.212 Safari/537.36"
10.0.0.1 - - [14/Jun/2024:07:47:14 +0000] "PUT /submit_form HTTP/1.0" 200 3259 "http://test.com" "Mozilla/5.0 (Windows NT 6.1; WOW64) AppleWebKit/537.36 (KHTML, like Gecko) Chrome/90.0.4430.212 Safari/537.36"
192.168.1.3 - - [14/Jun/2024:07:47:14 +0000] "DELETE /submit_form HTTP/1.1" 302 1397 "http://localhost" "Mozilla/5.0 (compatible; Googlebot/2.1; +http://www.google.com/bot.html)"
10.0.0.1 - - [14/Jun/2024:07:47:14 +0000] "DELETE /robots.txt HTTP/2.0" 302 2727 "http://test.com" "Mozilla/5.0 (compatible; Googlebot/2.1; +http://www.google.com/bot.html)"
192.168.1.4 - - [14/Jun/2024:07:47:14 +0000] "GET /robots.txt HTTP/2.0" 404 4137 "http://localhost" "Mozilla/5.0 (Windows NT 10.0; Win64; x64) AppleWebKit/537.36 (KHTML, like Gecko) Chrome/90.0.4430.212 Safari/537.36"
192.168.1.3 - - [14/Jun/2024:07:47:14 +0000] "POST /image.jpg HTTP/1.0" 302 3337 "http://test.com" "Mozilla/5.0 (Macintosh; Intel Mac OS X 10_15_7) AppleWebKit/537.36 (KHTML, like Gecko) Chrome/91.0.4472.114 Safari/537.36"
192.168.1.2 - - [14/Jun/2024:07:47:14 +0000] "PUT /image.jpg HTTP/1.1" 302 1816 "http://test.com" "Mozilla/5.0 (Windows NT 6.1; WOW64) AppleWebKit/537.36 (KHTML, like Gecko) Chrome/90.0.4430.212 Safari/537.36"
192.168.1.4 - - [14/Jun/2024:07:47:14 +0000] "DELETE /robots.txt HTTP/1.0" 302 3611 "http://test.com" "Mozilla/5.0 (Windows NT 6.1; WOW64) AppleWebKit/537.36 (KHTML, like Gecko) Chrome/90.0.4430.212 Safari/537.36"
192.168.1.1 - - [14/Jun/2024:07:47:14 +0000] "POST /index.html HTTP/1.0" 200 1937 "http://test.com" "Mozilla/5.0 (Macintosh; Intel Mac OS X 10_15_7) AppleWebKit/537.36 (KHTML, like Gecko) Chrome/91.0.4472.114 Safari/537.36"
10.0.0.1 - - [14/Jun/2024:07:47:14 +0000] "POST /image.jpg HTTP/1.0" 500 526 "http://test.com" "Mozilla/5.0 (compatible; Googlebot/2.1; +http://www.google.com/bot.html)"
192.168.1.1 - - [14/Jun/2024:07:47:14 +0000] "POST /image.jpg HTTP/1.1" 200 4145 "http://example.com" "Mozilla/5.0 (Windows NT 10.0; Win64; x64) AppleWebKit/537.36 (KHTML, like Gecko) Chrome/90.0.4430.212 Safari/537.36"
192.168.1.1 - - [14/Jun/2024:07:47:14 +0000] "PUT /image.jpg HTTP/1.1" 302 3511 "http://test.com" "Mozilla/5.0 (Windows NT 6.1; WOW64) AppleWebKit/537.36 (KHTML, like Gecko) Chrome/90.0.4430.212 Safari/537.36"
192.168.1.4 - - [14/Jun/2024:07:47:14 +0000] "POST /index.html HTTP/1.0" 302 4278 "http://test.com" "Mozilla/5.0 (Windows NT 10.0; Win64; x64) AppleWebKit/537.36 (KHTML, like Gecko) Chrome/90.0.4430.212 Safari/537.36"
192.168.1.2 - - [14/Jun/2024:07:47:14 +0000] "DELETE /robots.txt HTTP/2.0" 302 1768 "http://test.com" "Mozilla/5.0 (Macintosh; Intel Mac OS X 10_15_7) AppleWebKit/537.36 (KHTML, like Gecko) Chrome/91.0.4472.114 Safari/537.36"
192.168.1.2 - - [14/Jun/2024:07:47:14 +0000] "POST /image.jpg HTTP/2.0" 404 3337 "http://example.com" "Mozilla/5.0 (Windows NT 10.0; Win64; x64) AppleWebKit/537.36 (KHTML, like Gecko) Chrome/90.0.4430.212 Safari/537.36"
192.168.1.4 - - [14/Jun/2024:07:47:14 +0000] "DELETE /submit_form HTTP/2.0" 302 1126 "http://localhost" "Mozilla/5.0 (Macintosh; Intel Mac OS X 10_15_7) AppleWebKit/537.36 (KHTML, like Gecko) Chrome/91.0.4472.114 Safari/537.36"
192.168.1.1 - - [14/Jun/2024:07:47:14 +0000] "PUT /robots.txt HTTP/1.0" 500 1346 "http://test.com" "Mozilla/5.0 (Windows NT 6.1; WOW64) AppleWebKit/537.36 (KHTML, like Gecko) Chrome/90.0.4430.212 Safari/537.36"
10.0.0.1 - - [14/Jun/2024:07:47:14 +0000] "DELETE /image.jpg HTTP/2.0" 200 4131 "http://localhost" "Mozilla/5.0 (Windows NT 10.0; Win64; x64) AppleWebKit/537.36 (KHTML, like Gecko) Chrome/90.0.4430.212 Safari/537.36"
10.0.0.1 - - [14/Jun/2024:07:47:14 +0000] "POST /index.html HTTP/2.0" 302 1160 "http://test.com" "Mozilla/5.0 (Windows NT 6.1; WOW64) AppleWebKit/537.36 (KHTML, like Gecko) Chrome/90.0.4430.212 Safari/537.36"
192.168.1.4 - - [14/Jun/2024:07:47:14 +0000] "DELETE /index.html HTTP/1.0" 404 1248 "http://example.com" "Mozilla/5.0 (Windows NT 10.0; Win64; x64) AppleWebKit/537.36 (KHTML, like Gecko) Chrome/90.0.4430.212 Safari/537.36"
192.168.1.2 - - [14/Jun/2024:07:47:14 +0000] "POST /image.jpg HTTP/1.1" 404 3970 "http://example.com" "Mozilla/5.0 (compatible; Googlebot/2.1; +http://www.google.com/bot.html)"
192.168.1.3 - - [14/Jun/2024:07:47:14 +0000] "POST /index.html HTTP/1.1" 200 2443 "http://test.com" "Mozilla/5.0 (Windows NT 6.1; WOW64) AppleWebKit/537.36 (KHTML, like Gecko) Chrome/90.0.4430.212 Safari/537.36"
192.168.1.3 - - [14/Jun/2024:07:47:14 +0000] "POST /image.jpg HTTP/1.1" 404 2733 "http://example.com" "Mozilla/5.0 (Windows NT 6.1; WOW64) AppleWebKit/537.36 (KHTML, like Gecko) Chrome/90.0.4430.212 Safari/537.36"
192.168.1.4 - - [14/Jun/2024:07:47:14 +0000] "PUT /robots.txt HTTP/1.0" 200 3495 "http://test.com" "Mozilla/5.0 (Macintosh; Intel Mac OS X 10_15_7) AppleWebKit/537.36 (KHTML, like Gecko) Chrome/91.0.4472.114 Safari/537.36"
192.168.1.2 - - [14/Jun/2024:07:47:14 +0000] "DELETE /image.jpg HTTP/1.1" 302 1717 "http://example.com" "Mozilla/5.0 (Macintosh; Intel Mac OS X 10_15_7) AppleWebKit/537.36 (KHTML, like Gecko) Chrome/91.0.4472.114 Safari/537.36"
192.168.1.3 - - [14/Jun/2024:07:47:14 +0000] "PUT /index.html HTTP/1.0" 404 1695 "http://localhost" "Mozilla/5.0 (Windows NT 6.1; WOW64) AppleWebKit/537.36 (KHTML, like Gecko) Chrome/90.0.4430.212 Safari/537.36"
192.168.1.1 - - [14/Jun/2024:07:47:14 +0000] "PUT /image.jpg HTTP/1.1" 302 2192 "http://test.com" "Mozilla/5.0 (Windows NT 6.1; WOW64) AppleWebKit/537.36 (KHTML, like Gecko) Chrome/90.0.4430.212 Safari/537.36"
192.168.1.4 - - [14/Jun/2024:07:47:14 +0000] "GET /robots.txt HTTP/2.0" 500 2795 "http://test.com" "Mozilla/5.0 (Windows NT 6.1; WOW64) AppleWebKit/537.36 (KHTML, like Gecko) Chrome/90.0.4430.212 Safari/537.36"
10.0.0.1 - - [14/Jun/2024:07:47:14 +0000] "POST /submit_form HTTP/1.1" 404 3650 "http://localhost" "Mozilla/5.0 (Windows NT 10.0; Win64; x64) AppleWebKit/537.36 (KHTML, like Gecko) Chrome/90.0.4430.212 Safari/537.36"
192.168.1.4 - - [14/Jun/2024:07:47:14 +0000] "GET /image.jpg HTTP/2.0" 404 3827 "http://localhost" "Mozilla/5.0 (compatible; Googlebot/2.1; +http://www.google.com/bot.html)"
192.168.1.2 - - [14/Jun/2024:07:47:14 +0000] "DELETE /robots.txt HTTP/1.0" 200 3925 "http://localhost" "Mozilla/5.0 (Windows NT 6.1; WOW64) AppleWebKit/537.36 (KHTML, like Gecko) Chrome/90.0.4430.212 Safari/537.36"
10.0.0.1 - - [14/Jun/2024:07:47:14 +0000] "PUT /robots.txt HTTP/1.0" 404 1134 "http://test.com" "Mozilla/5.0 (Windows NT 10.0; Win64; x64) AppleWebKit/537.36 (KHTML, like Gecko) Chrome/90.0.4430.212 Safari/537.36"
192.168.1.1 - - [14/Jun/2024:07:47:14 +0000] "PUT /image.jpg HTTP/2.0" 404 1926 "http://localhost" "Mozilla/5.0 (Macintosh; Intel Mac OS X 10_15_7) AppleWebKit/537.36 (KHTML, like Gecko) Chrome/91.0.4472.114 Safari/537.36"
192.168.1.1 - - [14/Jun/2024:07:47:14 +0000] "PUT /robots.txt HTTP/2.0" 500 1463 "http://localhost" "Mozilla/5.0 (Macintosh; Intel Mac OS X 10_15_7) AppleWebKit/537.36 (KHTML, like Gecko) Chrome/91.0.4472.114 Safari/537.36"
192.168.1.4 - - [14/Jun/2024:07:47:14 +0000] "DELETE /submit_form HTTP/2.0" 500 2904 "http://localhost" "Mozilla/5.0 (Macintosh; Intel Mac OS X 10_15_7) AppleWebKit/537.36 (KHTML, like Gecko) Chrome/91.0.4472.114 Safari/537.36"
10.0.0.1 - - [14/Jun/2024:07:47:14 +0000] "PUT /robots.txt HTTP/2.0" 302 2775 "http://test.com" "Mozilla/5.0 (compatible; Googlebot/2.1; +http://www.google.com/bot.html)"
192.168.1.3 - - [14/Jun/2024:07:47:14 +0000] "DELETE /robots.txt HTTP/2.0" 302 1261 "http://localhost" "Mozilla/5.0 (compatible; Googlebot/2.1; +http://www.google.com/bot.html)"
10.0.0.1 - - [14/Jun/2024:07:47:14 +0000] "GET /index.html HTTP/2.0" 404 419 "http://test.com" "Mozilla/5.0 (compatible; Googlebot/2.1; +http://www.google.com/bot.html)"
10.0.0.1 - - [14/Jun/2024:07:47:14 +0000] "GET /robots.txt HTTP/1.1" 404 4275 "http://test.com" "Mozilla/5.0 (Windows NT 10.0; Win64; x64) AppleWebKit/537.36 (KHTML, like Gecko) Chrome/90.0.4430.212 Safari/537.36"
192.168.1.3 - - [14/Jun/2024:07:47:14 +0000] "POST /robots.txt HTTP/1.0" 200 3183 "http://test.com" "Mozilla/5.0 (Windows NT 10.0; Win64; x64) AppleWebKit/537.36 (KHTML, like Gecko) Chrome/90.0.4430.212 Safari/537.36"
192.168.1.4 - - [14/Jun/2024:07:47:14 +0000] "GET /submit_form HTTP/1.0" 200 4957 "http://test.com" "Mozilla/5.0 (compatible; Googlebot/2.1; +http://www.google.com/bot.html)"
192.168.1.2 - - [14/Jun/2024:07:47:14 +0000] "GET /submit_form HTTP/2.0" 302 741 "http://test.com" "Mozilla/5.0 (Windows NT 10.0; Win64; x64) AppleWebKit/537.36 (KHTML, like Gecko) Chrome/90.0.4430.212 Safari/537.36"
10.0.0.1 - - [14/Jun/2024:07:47:14 +0000] "DELETE /index.html HTTP/1.1" 404 4487 "http://test.com" "Mozilla/5.0 (compatible; Googlebot/2.1; +http://www.google.com/bot.html)"
10.0.0.1 - - [14/Jun/2024:07:47:14 +0000] "PUT /robots.txt HTTP/2.0" 500 4973 "http://test.com" "Mozilla/5.0 (Macintosh; Intel Mac OS X 10_15_7) AppleWebKit/537.36 (KHTML, like Gecko) Chrome/91.0.4472.114 Safari/537.36"
192.168.1.2 - - [14/Jun/2024:07:47:14 +0000] "POST /image.jpg HTTP/2.0" 302 1739 "http://localhost" "Mozilla/5.0 (Macintosh; Intel Mac OS X 10_15_7) AppleWebKit/537.36 (KHTML, like Gecko) Chrome/91.0.4472.114 Safari/537.36"
192.168.1.4 - - [14/Jun/2024:07:47:14 +0000] "POST /index.html HTTP/2.0" 200 2060 "http://localhost" "Mozilla/5.0 (Windows NT 10.0; Win64; x64) AppleWebKit/537.36 (KHTML, like Gecko) Chrome/90.0.4430.212 Safari/537.36"
192.168.1.4 - - [14/Jun/2024:07:47:14 +0000] "POST /image.jpg HTTP/1.0" 200 370 "http://localhost" "Mozilla/5.0 (Macintosh; Intel Mac OS X 10_15_7) AppleWebKit/537.36 (KHTML, like Gecko) Chrome/91.0.4472.114 Safari/537.36"
192.168.1.3 - - [14/Jun/2024:07:47:14 +0000] "PUT /image.jpg HTTP/2.0" 500 3745 "http://localhost" "Mozilla/5.0 (Windows NT 6.1; WOW64) AppleWebKit/537.36 (KHTML, like Gecko) Chrome/90.0.4430.212 Safari/537.36"
192.168.1.2 - - [14/Jun/2024:07:47:14 +0000] "POST /robots.txt HTTP/2.0" 200 2795 "http://example.com" "Mozilla/5.0 (Windows NT 6.1; WOW64) AppleWebKit/537.36 (KHTML, like Gecko) Chrome/90.0.4430.212 Safari/537.36"
192.168.1.4 - - [14/Jun/2024:07:47:14 +0000] "POST /index.html HTTP/2.0" 200 4442 "http://localhost" "Mozilla/5.0 (Windows NT 10.0; Win64; x64) AppleWebKit/537.36 (KHTML, like Gecko) Chrome/90.0.4430.212 Safari/537.36"
10.0.0.1 - - [14/Jun/2024:07:47:14 +0000] "POST /robots.txt HTTP/2.0" 200 4721 "http://localhost" "Mozilla/5.0 (Windows NT 6.1; WOW64) AppleWebKit/537.36 (KHTML, like Gecko) Chrome/90.0.4430.212 Safari/537.36"
192.168.1.2 - - [14/Jun/2024:07:47:14 +0000] "GET /submit_form HTTP/1.1" 404 1009 "http://localhost" "Mozilla/5.0 (Windows NT 10.0; Win64; x64) AppleWebKit/537.36 (KHTML, like Gecko) Chrome/90.0.4430.212 Safari/537.36"
10.0.0.1 - - [14/Jun/2024:07:47:14 +0000] "DELETE /submit_form HTTP/1.0" 404 2993 "http://test.com" "Mozilla/5.0 (Windows NT 6.1; WOW64) AppleWebKit/537.36 (KHTML, like Gecko) Chrome/90.0.4430.212 Safari/537.36"
192.168.1.2 - - [14/Jun/2024:07:47:14 +0000] "POST /index.html HTTP/1.0" 404 4414 "http://test.com" "Mozilla/5.0 (Windows NT 6.1; WOW64) AppleWebKit/537.36 (KHTML, like Gecko) Chrome/90.0.4430.212 Safari/537.36"
192.168.1.4 - - [14/Jun/2024:07:47:14 +0000] "DELETE /robots.txt HTTP/2.0" 404 4917 "http://example.com" "Mozilla/5.0 (Windows NT 10.0; Win64; x64) AppleWebKit/537.36 (KHTML, like Gecko) Chrome/90.0.4430.212 Safari/537.36"
192.168.1.4 - - [14/Jun/2024:07:47:14 +0000] "GET /image.jpg HTTP/2.0" 500 362 "http://test.com" "Mozilla/5.0 (Macintosh; Intel Mac OS X 10_15_7) AppleWebKit/537.36 (KHTML, like Gecko) Chrome/91.0.4472.114 Safari/537.36"
192.168.1.1 - - [14/Jun/2024:07:47:14 +0000] "POST /image.jpg HTTP/1.0" 302 2508 "http://localhost" "Mozilla/5.0 (compatible; Googlebot/2.1; +http://www.google.com/bot.html)"
192.168.1.3 - - [14/Jun/2024:07:47:14 +0000] "PUT /image.jpg HTTP/1.0" 404 1460 "http://localhost" "Mozilla/5.0 (Windows NT 6.1; WOW64) AppleWebKit/537.36 (KHTML, like Gecko) Chrome/90.0.4430.212 Safari/537.36"
192.168.1.1 - - [14/Jun/2024:07:47:14 +0000] "PUT /index.html HTTP/1.1" 200 449 "http://test.com" "Mozilla/5.0 (Windows NT 6.1; WOW64) AppleWebKit/537.36 (KHTML, like Gecko) Chrome/90.0.4430.212 Safari/537.36"
192.168.1.3 - - [14/Jun/2024:07:47:14 +0000] "DELETE /index.html HTTP/2.0" 302 2675 "http://example.com" "Mozilla/5.0 (Windows NT 6.1; WOW64) AppleWebKit/537.36 (KHTML, like Gecko) Chrome/90.0.4430.212 Safari/537.36"
192.168.1.3 - - [14/Jun/2024:07:47:14 +0000] "DELETE /image.jpg HTTP/1.0" 404 4899 "http://test.com" "Mozilla/5.0 (Macintosh; Intel Mac OS X 10_15_7) AppleWebKit/537.36 (KHTML, like Gecko) Chrome/91.0.4472.114 Safari/537.36"
192.168.1.3 - - [14/Jun/2024:07:47:14 +0000] "GET /submit_form HTTP/2.0" 302 1569 "http://test.com" "Mozilla/5.0 (compatible; Googlebot/2.1; +http://www.google.com/bot.html)"
10.0.0.1 - - [14/Jun/2024:07:47:14 +0000] "PUT /robots.txt HTTP/2.0" 500 2528 "http://example.com" "Mozilla/5.0 (Windows NT 10.0; Win64; x64) AppleWebKit/537.36 (KHTML, like Gecko) Chrome/90.0.4430.212 Safari/537.36"
192.168.1.1 - - [14/Jun/2024:07:47:14 +0000] "PUT /submit_form HTTP/2.0" 500 1063 "http://test.com" "Mozilla/5.0 (Windows NT 6.1; WOW64) AppleWebKit/537.36 (KHTML, like Gecko) Chrome/90.0.4430.212 Safari/537.36"
10.0.0.1 - - [14/Jun/2024:07:47:14 +0000] "DELETE /image.jpg HTTP/1.1" 500 3848 "http://example.com" "Mozilla/5.0 (Macintosh; Intel Mac OS X 10_15_7) AppleWebKit/537.36 (KHTML, like Gecko) Chrome/91.0.4472.114 Safari/537.36"
192.168.1.3 - - [14/Jun/2024:07:47:14 +0000] "GET /image.jpg HTTP/1.1" 404 4042 "http://test.com" "Mozilla/5.0 (Windows NT 6.1; WOW64) AppleWebKit/537.36 (KHTML, like Gecko) Chrome/90.0.4430.212 Safari/537.36"
192.168.1.2 - - [14/Jun/2024:07:47:14 +0000] "PUT /index.html HTTP/1.1" 404 2467 "http://localhost" "Mozilla/5.0 (Windows NT 6.1; WOW64) AppleWebKit/537.36 (KHTML, like Gecko) Chrome/90.0.4430.212 Safari/537.36"
192.168.1.3 - - [14/Jun/2024:07:47:14 +0000] "DELETE /robots.txt HTTP/1.1" 404 704 "http://test.com" "Mozilla/5.0 (Windows NT 6.1; WOW64) AppleWebKit/537.36 (KHTML, like Gecko) Chrome/90.0.4430.212 Safari/537.36"
192.168.1.3 - - [14/Jun/2024:07:47:14 +0000] "POST /image.jpg HTTP/1.1" 404 965 "http://test.com" "Mozilla/5.0 (Macintosh; Intel Mac OS X 10_15_7) AppleWebKit/537.36 (KHTML, like Gecko) Chrome/91.0.4472.114 Safari/537.36"
192.168.1.4 - - [14/Jun/2024:07:47:14 +0000] "PUT /image.jpg HTTP/2.0" 500 349 "http://test.com" "Mozilla/5.0 (Windows NT 6.1; WOW64) AppleWebKit/537.36 (KHTML, like Gecko) Chrome/90.0.4430.212 Safari/537.36"
10.0.0.1 - - [14/Jun/2024:07:47:14 +0000] "GET /robots.txt HTTP/1.0" 500 178 "http://test.com" "Mozilla/5.0 (Windows NT 6.1; WOW64) AppleWebKit/537.36 (KHTML, like Gecko) Chrome/90.0.4430.212 Safari/537.36"
192.168.1.4 - - [14/Jun/2024:07:47:14 +0000] "POST /submit_form HTTP/1.0" 404 1878 "http://example.com" "Mozilla/5.0 (compatible; Googlebot/2.1; +http://www.google.com/bot.html)"
192.168.1.1 - - [14/Jun/2024:07:47:14 +0000] "DELETE /submit_form HTTP/1.1" 404 1944 "http://test.com" "Mozilla/5.0 (Windows NT 6.1; WOW64) AppleWebKit/537.36 (KHTML, like Gecko) Chrome/90.0.4430.212 Safari/537.36"
192.168.1.4 - - [14/Jun/2024:07:47:14 +0000] "POST /submit_form HTTP/1.1" 500 3084 "http://example.com" "Mozilla/5.0 (compatible; Googlebot/2.1; +http://www.google.com/bot.html)"
192.168.1.4 - - [14/Jun/2024:07:47:14 +0000] "GET /image.jpg HTTP/2.0" 500 4620 "http://example.com" "Mozilla/5.0 (Windows NT 6.1; WOW64) AppleWebKit/537.36 (KHTML, like Gecko) Chrome/90.0.4430.212 Safari/537.36"
10.0.0.1 - - [14/Jun/2024:07:47:14 +0000] "PUT /index.html HTTP/1.1" 200 1855 "http://example.com" "Mozilla/5.0 (Windows NT 6.1; WOW64) AppleWebKit/537.36 (KHTML, like Gecko) Chrome/90.0.4430.212 Safari/537.36"
192.168.1.4 - - [14/Jun/2024:07:47:14 +0000] "DELETE /index.html HTTP/2.0" 404 4173 "http://example.com" "Mozilla/5.0 (Macintosh; Intel Mac OS X 10_15_7) AppleWebKit/537.36 (KHTML, like Gecko) Chrome/91.0.4472.114 Safari/537.36"
10.0.0.1 - - [14/Jun/2024:07:47:14 +0000] "GET /submit_form HTTP/1.0" 404 1986 "http://test.com" "Mozilla/5.0 (Windows NT 6.1; WOW64) AppleWebKit/537.36 (KHTML, like Gecko) Chrome/90.0.4430.212 Safari/537.36"
10.0.0.1 - - [14/Jun/2024:07:47:14 +0000] "PUT /robots.txt HTTP/2.0" 404 1642 "http://localhost" "Mozilla/5.0 (Windows NT 6.1; WOW64) AppleWebKit/537.36 (KHTML, like Gecko) Chrome/90.0.4430.212 Safari/537.36"
192.168.1.3 - - [14/Jun/2024:07:47:14 +0000] "DELETE /image.jpg HTTP/1.1" 200 4828 "http://test.com" "Mozilla/5.0 (Windows NT 6.1; WOW64) AppleWebKit/537.36 (KHTML, like Gecko) Chrome/90.0.4430.212 Safari/537.36"
192.168.1.4 - - [14/Jun/2024:07:47:14 +0000] "GET /submit_form HTTP/1.0" 500 1714 "http://test.com" "Mozilla/5.0 (Macintosh; Intel Mac OS X 10_15_7) AppleWebKit/537.36 (KHTML, like Gecko) Chrome/91.0.4472.114 Safari/537.36"
192.168.1.3 - - [14/Jun/2024:07:47:14 +0000] "DELETE /index.html HTTP/2.0" 500 4337 "http://example.com" "Mozilla/5.0 (Windows NT 10.0; Win64; x64) AppleWebKit/537.36 (KHTML, like Gecko) Chrome/90.0.4430.212 Safari/537.36"
192.168.1.4 - - [14/Jun/2024:07:47:14 +0000] "DELETE /submit_form HTTP/1.0" 404 4351 "http://localhost" "Mozilla/5.0 (Windows NT 10.0; Win64; x64) AppleWebKit/537.36 (KHTML, like Gecko) Chrome/90.0.4430.212 Safari/537.36"
10.0.0.1 - - [14/Jun/2024:07:47:14 +0000] "GET /index.html HTTP/1.0" 200 1859 "http://test.com" "Mozilla/5.0 (compatible; Googlebot/2.1; +http://www.google.com/bot.html)"
192.168.1.3 - - [14/Jun/2024:07:47:14 +0000] "POST /image.jpg HTTP/2.0" 200 4999 "http://localhost" "Mozilla/5.0 (compatible; Googlebot/2.1; +http://www.google.com/bot.html)"
192.168.1.2 - - [14/Jun/2024:07:47:14 +0000] "POST /image.jpg HTTP/2.0" 302 2058 "http://example.com" "Mozilla/5.0 (compatible; Googlebot/2.1; +http://www.google.com/bot.html)"
192.168.1.3 - - [14/Jun/2024:07:47:14 +0000] "GET /robots.txt HTTP/1.1" 500 3240 "http://example.com" "Mozilla/5.0 (Macintosh; Intel Mac OS X 10_15_7) AppleWebKit/537.36 (KHTML, like Gecko) Chrome/91.0.4472.114 Safari/537.36"
192.168.1.4 - - [14/Jun/2024:07:47:14 +0000] "DELETE /index.html HTTP/2.0" 404 4135 "http://example.com" "Mozilla/5.0 (Macintosh; Intel Mac OS X 10_15_7) AppleWebKit/537.36 (KHTML, like Gecko) Chrome/91.0.4472.114 Safari/537.36"
192.168.1.1 - - [14/Jun/2024:07:47:14 +0000] "PUT /image.jpg HTTP/2.0" 200 897 "http://example.com" "Mozilla/5.0 (compatible; Googlebot/2.1; +http://www.google.com/bot.html)"
192.168.1.1 - - [14/Jun/2024:07:47:14 +0000] "PUT /index.html HTTP/1.1" 404 3392 "http://localhost" "Mozilla/5.0 (Windows NT 10.0; Win64; x64) AppleWebKit/537.36 (KHTML, like Gecko) Chrome/90.0.4430.212 Safari/537.36"
192.168.1.3 - - [14/Jun/2024:07:47:14 +0000] "DELETE /index.html HTTP/2.0" 200 498 "http://example.com" "Mozilla/5.0 (compatible; Googlebot/2.1; +http://www.google.com/bot.html)"
192.168.1.2 - - [14/Jun/2024:07:47:14 +0000] "PUT /robots.txt HTTP/1.1" 200 667 "http://localhost" "Mozilla/5.0 (Windows NT 6.1; WOW64) AppleWebKit/537.36 (KHTML, like Gecko) Chrome/90.0.4430.212 Safari/537.36"
10.0.0.1 - - [14/Jun/2024:07:47:14 +0000] "POST /index.html HTTP/2.0" 500 4523 "http://localhost" "Mozilla/5.0 (Windows NT 6.1; WOW64) AppleWebKit/537.36 (KHTML, like Gecko) Chrome/90.0.4430.212 Safari/537.36"
192.168.1.2 - - [14/Jun/2024:07:47:14 +0000] "POST /robots.txt HTTP/2.0" 500 2629 "http://test.com" "Mozilla/5.0 (Macintosh; Intel Mac OS X 10_15_7) AppleWebKit/537.36 (KHTML, like Gecko) Chrome/91.0.4472.114 Safari/537.36"
10.0.0.1 - - [14/Jun/2024:07:47:14 +0000] "PUT /image.jpg HTTP/2.0" 302 4564 "http://localhost" "Mozilla/5.0 (Windows NT 6.1; WOW64) AppleWebKit/537.36 (KHTML, like Gecko) Chrome/90.0.4430.212 Safari/537.36"
192.168.1.4 - - [14/Jun/2024:07:47:14 +0000] "GET /submit_form HTTP/2.0" 302 3095 "http://example.com" "Mozilla/5.0 (Windows NT 10.0; Win64; x64) AppleWebKit/537.36 (KHTML, like Gecko) Chrome/90.0.4430.212 Safari/537.36"
192.168.1.1 - - [14/Jun/2024:07:47:14 +0000] "GET /index.html HTTP/1.1" 500 3431 "http://example.com" "Mozilla/5.0 (Windows NT 10.0; Win64; x64) AppleWebKit/537.36 (KHTML, like Gecko) Chrome/90.0.4430.212 Safari/537.36"
192.168.1.3 - - [14/Jun/2024:07:47:14 +0000] "PUT /robots.txt HTTP/1.1" 302 1533 "http://localhost" "Mozilla/5.0 (Windows NT 10.0; Win64; x64) AppleWebKit/537.36 (KHTML, like Gecko) Chrome/90.0.4430.212 Safari/537.36"
192.168.1.4 - - [14/Jun/2024:07:47:14 +0000] "DELETE /robots.txt HTTP/1.0" 500 2376 "http://test.com" "Mozilla/5.0 (Windows NT 6.1; WOW64) AppleWebKit/537.36 (KHTML, like Gecko) Chrome/90.0.4430.212 Safari/537.36"
192.168.1.3 - - [14/Jun/2024:07:47:14 +0000] "DELETE /submit_form HTTP/1.1" 302 1321 "http://test.com" "Mozilla/5.0 (Macintosh; Intel Mac OS X 10_15_7) AppleWebKit/537.36 (KHTML, like Gecko) Chrome/91.0.4472.114 Safari/537.36"
192.168.1.4 - - [14/Jun/2024:07:47:14 +0000] "PUT /index.html HTTP/1.0" 302 616 "http://test.com" "Mozilla/5.0 (Macintosh; Intel Mac OS X 10_15_7) AppleWebKit/537.36 (KHTML, like Gecko) Chrome/91.0.4472.114 Safari/537.36"
192.168.1.4 - - [14/Jun/2024:07:47:14 +0000] "GET /image.jpg HTTP/1.0" 200 4541 "http://example.com" "Mozilla/5.0 (Windows NT 6.1; WOW64) AppleWebKit/537.36 (KHTML, like Gecko) Chrome/90.0.4430.212 Safari/537.36"
192.168.1.3 - - [14/Jun/2024:07:47:14 +0000] "POST /submit_form HTTP/1.0" 302 2481 "http://example.com" "Mozilla/5.0 (Windows NT 6.1; WOW64) AppleWebKit/537.36 (KHTML, like Gecko) Chrome/90.0.4430.212 Safari/537.36"
192.168.1.2 - - [14/Jun/2024:07:47:14 +0000] "GET /image.jpg HTTP/1.0" 404 1276 "http://localhost" "Mozilla/5.0 (compatible; Googlebot/2.1; +http://www.google.com/bot.html)"
192.168.1.2 - - [14/Jun/2024:07:47:14 +0000] "PUT /robots.txt HTTP/2.0" 404 1418 "http://test.com" "Mozilla/5.0 (Windows NT 10.0; Win64; x64) AppleWebKit/537.36 (KHTML, like Gecko) Chrome/90.0.4430.212 Safari/537.36"
192.168.1.3 - - [14/Jun/2024:07:47:14 +0000] "PUT /image.jpg HTTP/1.0" 200 2157 "http://example.com" "Mozilla/5.0 (Windows NT 6.1; WOW64) AppleWebKit/537.36 (KHTML, like Gecko) Chrome/90.0.4430.212 Safari/537.36"
192.168.1.4 - - [14/Jun/2024:07:47:14 +0000] "DELETE /image.jpg HTTP/1.1" 302 212 "http://test.com" "Mozilla/5.0 (Windows NT 6.1; WOW64) AppleWebKit/537.36 (KHTML, like Gecko) Chrome/90.0.4430.212 Safari/537.36"
192.168.1.1 - - [14/Jun/2024:07:47:14 +0000] "POST /submit_form HTTP/2.0" 200 4294 "http://test.com" "Mozilla/5.0 (Windows NT 10.0; Win64; x64) AppleWebKit/537.36 (KHTML, like Gecko) Chrome/90.0.4430.212 Safari/537.36"
192.168.1.2 - - [14/Jun/2024:07:47:14 +0000] "POST /image.jpg HTTP/1.1" 500 2492 "http://test.com" "Mozilla/5.0 (compatible; Googlebot/2.1; +http://www.google.com/bot.html)"
192.168.1.4 - - [14/Jun/2024:07:47:14 +0000] "DELETE /index.html HTTP/2.0" 302 1933 "http://example.com" "Mozilla/5.0 (Windows NT 6.1; WOW64) AppleWebKit/537.36 (KHTML, like Gecko) Chrome/90.0.4430.212 Safari/537.36"
192.168.1.2 - - [14/Jun/2024:07:47:14 +0000] "DELETE /image.jpg HTTP/2.0" 200 2725 "http://example.com" "Mozilla/5.0 (compatible; Googlebot/2.1; +http://www.google.com/bot.html)"
192.168.1.4 - - [14/Jun/2024:07:47:14 +0000] "GET /submit_form HTTP/1.1" 200 4039 "http://example.com" "Mozilla/5.0 (compatible; Googlebot/2.1; +http://www.google.com/bot.html)"
192.168.1.4 - - [14/Jun/2024:07:47:14 +0000] "PUT /index.html HTTP/2.0" 200 190 "http://test.com" "Mozilla/5.0 (Macintosh; Intel Mac OS X 10_15_7) AppleWebKit/537.36 (KHTML, like Gecko) Chrome/91.0.4472.114 Safari/537.36"
192.168.1.1 - - [14/Jun/2024:07:47:14 +0000] "PUT /index.html HTTP/2.0" 302 1625 "http://localhost" "Mozilla/5.0 (compatible; Googlebot/2.1; +http://www.google.com/bot.html)"
192.168.1.1 - - [14/Jun/2024:07:47:14 +0000] "GET /robots.txt HTTP/1.0" 200 2088 "http://example.com" "Mozilla/5.0 (Windows NT 10.0; Win64; x64) AppleWebKit/537.36 (KHTML, like Gecko) Chrome/90.0.4430.212 Safari/537.36"
192.168.1.1 - - [14/Jun/2024:07:47:14 +0000] "DELETE /submit_form HTTP/2.0" 200 4815 "http://test.com" "Mozilla/5.0 (compatible; Googlebot/2.1; +http://www.google.com/bot.html)"
192.168.1.4 - - [14/Jun/2024:07:47:14 +0000] "PUT /robots.txt HTTP/1.1" 200 1244 "http://test.com" "Mozilla/5.0 (compatible; Googlebot/2.1; +http://www.google.com/bot.html)"
10.0.0.1 - - [14/Jun/2024:07:47:14 +0000] "PUT /submit_form HTTP/1.1" 404 2354 "http://localhost" "Mozilla/5.0 (Windows NT 10.0; Win64; x64) AppleWebKit/537.36 (KHTML, like Gecko) Chrome/90.0.4430.212 Safari/537.36"
192.168.1.1 - - [14/Jun/2024:07:47:14 +0000] "GET /image.jpg HTTP/2.0" 404 2199 "http://localhost" "Mozilla/5.0 (Windows NT 10.0; Win64; x64) AppleWebKit/537.36 (KHTML, like Gecko) Chrome/90.0.4430.212 Safari/537.36"
10.0.0.1 - - [14/Jun/2024:07:47:14 +0000] "GET /image.jpg HTTP/1.1" 404 4397 "http://localhost" "Mozilla/5.0 (Windows NT 6.1; WOW64) AppleWebKit/537.36 (KHTML, like Gecko) Chrome/90.0.4430.212 Safari/537.36"
192.168.1.1 - - [14/Jun/2024:07:47:14 +0000] "PUT /robots.txt HTTP/2.0" 302 778 "http://test.com" "Mozilla/5.0 (compatible; Googlebot/2.1; +http://www.google.com/bot.html)"
192.168.1.3 - - [14/Jun/2024:07:47:14 +0000] "PUT /image.jpg HTTP/1.0" 404 2157 "http://localhost" "Mozilla/5.0 (Macintosh; Intel Mac OS X 10_15_7) AppleWebKit/537.36 (KHTML, like Gecko) Chrome/91.0.4472.114 Safari/537.36"
