09-15 14:22:38.789  1130  1140 I Whatsapp: Received voice message from +1234567890
09-15 14:22:40.234  1130  1140 I Whatsapp: Playing voice message from +1234567890
09-15 14:22:18.123  1120  1135 I ActivityManager: Start proc com.whatsapp for activity com.whatsapp/.Main: pid=1150 uid=10042
09-15 14:22:20.456  1130  1135 I Whatsapp: Received message from +1234567890
09-15 14:22:21.789  1130  1135 I Whatsapp: Sending message to +1234567890
09-15 14:22:23.123  1210  1215 I LocationManager: Location updated: lat=37.7749, long=-122.4194
09-15 14:22:25.234  1023  1040 I WifiManager: Disconnected from Wi-Fi network 'HomeNetwork'
09-15 14:22:26.456  1145  1150 I PowerManager: Device entered sleep mode
09-15 14:22:29.123  1130  1140 I Chrome: Loading page https://github.com
09-15 14:22:30.456  1140  1150 I Chrome: Page load finished https://github.com
09-15 14:22:33.678  1120  1135 I SmsManager: Sent SMS to +1122334455
09-15 14:22:35.567  1135  1145 I ActivityManager: Killing process com.android.chrome (pid 1130) to free memory
09-15 14:22:38.789  1130  1140 I Whatsapp: Received voice message from +1234567890
09-15 14:22:40.234  1130  1140 I Whatsapp: Playing voice message from +1234567890
09-15 14:22:18.123  1120  1135 I ActivityManager: Start proc com.whatsapp for activity com.whatsapp/.Main: pid=1150 uid=10042
09-15 14:22:20.456  1130  1135 I Whatsapp: Received message from +1234567890
09-15 14:22:21.789  1130  1135 I Whatsapp: Sending message to +1234567890
09-15 14:22:23.123  1210  1215 I LocationManager: Location updated: lat=37.7749, long=-122.4194
09-15 14:22:25.234  1023  1040 I WifiManager: Disconnected from Wi-Fi network 'HomeNetwork'
09-15 14:22:26.456  1145  1150 I PowerManager: Device entered sleep mode
09-15 14:22:29.123  1130  1140 I Chrome: Loading page https://github.com
09-15 14:22:30.456  1140  1150 I Chrome: Page load finished https://github.com
09-15 14:22:33.678  1120  1135 I SmsManager: Sent SMS to +1122334455
09-15 14:22:35.567  1135  1145 I ActivityManager: Killing process com.android.chrome (pid 1130) to free memory
09-15 14:22:38.789  1130  1140 I Whatsapp: Received voice message from +1234567890
09-15 14:22:40.234  1130  1140 I Whatsapp: Playing voice message from +1234567890
09-15 14:22:18.123  1120  1135 I ActivityManager: Start proc com.whatsapp for activity com.whatsapp/.Main: pid=1150 uid=10042
09-15 14:22:20.456  1130  1135 I Whatsapp: Received message from +1234567890
09-15 14:22:21.789  1130  1135 I Whatsapp: Sending message to +1234567890
09-15 14:22:23.123  1210  1215 I LocationManager: Location updated: lat=37.7749, long=-122.4194
09-15 14:22:25.234  1023  1040 I WifiManager: Disconnected from Wi-Fi network 'HomeNetwork'
09-15 14:22:26.456  1145  1150 I PowerManager: Device entered sleep mode
09-15 14:22:29.123  1130  1140 I Chrome: Loading page https://github.com
09-15 14:22:30.456  1140  1150 I Chrome: Page load finished https://github.com
09-15 14:22:33.678  1120  1135 I SmsManager: Sent SMS to +1122334455
09-15 14:22:35.567  1135  1145 I ActivityManager: Killing process com.android.chrome (pid 1130) to free memory
09-15 14:22:38.789  1130  1140 I Whatsapp: Received voice message from +1234567890
09-15 14:22:40.234  1130  1140 I Whatsapp: Playing voice message from +1234567890
09-15 14:22:18.123  1120  1135 I ActivityManager: Start proc com.whatsapp for activity com.whatsapp/.Main: pid=1150 uid=10042
09-15 14:22:20.456  1130  1135 I Whatsapp: Received message from +1234567890
09-15 14:22:21.789  1130  1135 I Whatsapp: Sending message to +1234567890
09-15 14:22:23.123  1210  1215 I LocationManager: Location updated: lat=37.7749, long=-122.4194
09-15 14:22:25.234  1023  1040 I WifiManager: Disconnected from Wi-Fi network 'HomeNetwork'
09-15 14:22:26.456  1145  1150 I PowerManager: Device entered sleep mode
09-15 14:22:29.123  1130  1140 I Chrome: Loading page https://github.com
09-15 14:22:30.456  1140  1150 I Chrome: Page load finished https://github.com
09-15 14:22:33.678  1120  1135 I SmsManager: Sent SMS to +1122334455
09-15 14:22:35.567  1135  1145 I ActivityManager: Killing process com.android.chrome (pid 1130) to free memory
09-15 14:22:38.789  1130  1140 I Whatsapp: Received voice message from +1234567890
09-15 14:22:40.234  1130  1140 I Whatsapp: Playing voice message from +1234567890
09-15 14:22:18.123  1120  1135 I ActivityManager: Start proc com.whatsapp for activity com.whatsapp/.Main: pid=1150 uid=10042
09-15 14:22:20.456  1130  1135 I Whatsapp: Received message from +1234567890
09-15 14:22:21.789  1130  1135 I Whatsapp: Sending message to +1234567890
09-15 14:22:23.123  1210  1215 I LocationManager: Location updated: lat=37.7749, long=-122.4194
09-15 14:22:25.234  1023  1040 I WifiManager: Disconnected from Wi-Fi network 'HomeNetwork'
09-15 14:22:26.456  1145  1150 I PowerManager: Device entered sleep mode
09-15 14:22:29.123  1130  1140 I Chrome: Loading page https://github.com
09-15 14:22:30.456  1140  1150 I Chrome: Page load finished https://github.com
09-15 14:22:33.678  1120  1135 I SmsManager: Sent SMS to +1122334455
09-15 14:22:35.567  1135  1145 I ActivityManager: Killing process com.android.chrome (pid 1130) to free memory
09-15 14:22:38.789  1130  1140 I Whatsapp: Received voice message from +1234567890
09-15 14:22:40.234  1130  1140 I Whatsapp: Playing voice message from +123456789009-15 14:22:18.123  1120  1135 I ActivityManager: Start proc com.whatsapp for activity com.whatsapp/.Main: pid=1150 uid=10042
09-15 14:22:20.456  1130  1135 I Whatsapp: Received message from +1234567890
09-15 14:22:21.789  1130  1135 I Whatsapp: Sending message to +1234567890
09-15 14:22:23.123  1210  1215 I LocationManager: Location updated: lat=37.7749, long=-122.4194
09-15 14:22:25.234  1023  1040 I WifiManager: Disconnected from Wi-Fi network 'HomeNetwork'
09-15 14:22:26.456  1145  1150 I PowerManager: Device entered sleep mode
09-15 14:22:29.123  1130  1140 I Chrome: Loading page https://github.com
09-15 14:22:30.456  1140  1150 I Chrome: Page load finished https://github.com
09-15 14:22:33.678  1120  1135 I SmsManager: Sent SMS to +1122334455
09-15 14:22:35.567  1135  1145 I ActivityManager: Killing process com.android.chrome (pid 1130) to free memory
09-15 14:22:38.789  1130  1140 I Whatsapp: Received voice message from +1234567890
09-15 14:22:40.234  1130  1140 I Whatsapp: Playing voice message from +123456789009-15 14:22:18.123  1120  1135 I ActivityManager: Start proc com.whatsapp for activity com.whatsapp/.Main: pid=1150 uid=10042
09-15 14:22:20.456  1130  1135 I Whatsapp: Received message from +1234567890
09-15 14:22:21.789  1130  1135 I Whatsapp: Sending message to +1234567890
09-15 14:22:23.123  1210  1215 I LocationManager: Location updated: lat=37.7749, long=-122.4194
09-15 14:22:25.234  1023  1040 I WifiManager: Disconnected from Wi-Fi network 'HomeNetwork'
09-15 14:22:26.456  1145  1150 I PowerManager: Device entered sleep mode
09-15 14:22:29.123  1130  1140 I Chrome: Loading page https://github.com
09-15 14:22:30.456  1140  1150 I Chrome: Page load finished https://github.com
09-15 14:22:33.678  1120  1135 I SmsManager: Sent SMS to +1122334455
09-15 14:22:35.567  1135  1145 I ActivityManager: Killing process com.android.chrome (pid 1130) to free memory
09-15 14:22:38.789  1130  1140 I Whatsapp: Received voice message from +1234567890
09-15 14:22:40.234  1130  1140 I Whatsapp: Playing voice message from +123456789009-15 14:22:18.123  1120  1135 I ActivityManager: Start proc com.whatsapp for activity com.whatsapp/.Main: pid=1150 uid=10042
09-15 14:22:20.456  1130  1135 I Whatsapp: Received message from +1234567890
09-15 14:22:21.789  1130  1135 I Whatsapp: Sending message to +1234567890
09-15 14:22:23.123  1210  1215 I LocationManager: Location updated: lat=37.7749, long=-122.4194
09-15 14:22:25.234  1023  1040 I WifiManager: Disconnected from Wi-Fi network 'HomeNetwork'
09-15 14:22:26.456  1145  1150 I PowerManager: Device entered sleep mode
09-15 14:22:29.123  1130  1140 I Chrome: Loading page https://github.com
09-15 14:22:30.456  1140  1150 I Chrome: Page load finished https://github.com
09-15 14:22:33.678  1120  1135 I SmsManager: Sent SMS to +1122334455
09-15 14:22:35.567  1135  1145 I ActivityManager: Killing process com.android.chrome (pid 1130) to free memory
09-15 14:22:38.789  1130  1140 I Whatsapp: Received voice message from +1234567890
09-15 14:22:40.234  1130  1140 I Whatsapp: Playing voice message from +123456789009-15 14:22:18.123  1120  1135 I ActivityManager: Start proc com.whatsapp for activity com.whatsapp/.Main: pid=1150 uid=10042
09-15 14:22:20.456  1130  1135 I Whatsapp: Received message from +1234567890
09-15 14:22:21.789  1130  1135 I Whatsapp: Sending message to +1234567890
09-15 14:22:23.123  1210  1215 I LocationManager: Location updated: lat=37.7749, long=-122.4194
09-15 14:22:25.234  1023  1040 I WifiManager: Disconnected from Wi-Fi network 'HomeNetwork'
09-15 14:22:26.456  1145  1150 I PowerManager: Device entered sleep mode
09-15 14:22:29.123  1130  1140 I Chrome: Loading page https://github.com
09-15 14:22:30.456  1140  1150 I Chrome: Page load finished https://github.com
09-15 14:22:33.678  1120  1135 I SmsManager: Sent SMS to +1122334455
09-15 14:22:35.567  1135  1145 I ActivityManager: Killing process com.android.chrome (pid 1130) to free memory
09-15 14:22:38.789  1130  1140 I Whatsapp: Received voice message from +1234567890
09-15 14:22:40.234  1130  1140 I Whatsapp: Playing voice message from +123456789009-15 14:22:18.123  1120  1135 I ActivityManager: Start proc com.whatsapp for activity com.whatsapp/.Main: pid=1150 uid=10042
09-15 14:22:20.456  1130  1135 I Whatsapp: Received message from +1234567890
09-15 14:22:21.789  1130  1135 I Whatsapp: Sending message to +1234567890
09-15 14:22:23.123  1210  1215 I LocationManager: Location updated: lat=37.7749, long=-122.4194
09-15 14:22:25.234  1023  1040 I WifiManager: Disconnected from Wi-Fi network 'HomeNetwork'
09-15 14:22:26.456  1145  1150 I PowerManager: Device entered sleep mode
09-15 14:22:29.123  1130  1140 I Chrome: Loading page https://github.com
09-15 14:22:30.456  1140  1150 I Chrome: Page load finished https://github.com
09-15 14:22:33.678  1120  1135 I SmsManager: Sent SMS to +1122334455
09-15 14:22:35.567  1135  1145 I ActivityManager: Killing process com.android.chrome (pid 1130) to free memory
09-15 14:22:38.789  1130  1140 I Whatsapp: Received voice message from +1234567890
09-15 14:22:40.234  1130  1140 I Whatsapp: Playing voice message from +123456789009-15 14:22:18.123  1120  1135 I ActivityManager: Start proc com.whatsapp for activity com.whatsapp/.Main: pid=1150 uid=10042
09-15 14:22:20.456  1130  1135 I Whatsapp: Received message from +1234567890
09-15 14:22:21.789  1130  1135 I Whatsapp: Sending message to +1234567890
09-15 14:22:23.123  1210  1215 I LocationManager: Location updated: lat=37.7749, long=-122.4194
09-15 14:22:25.234  1023  1040 I WifiManager: Disconnected from Wi-Fi network 'HomeNetwork'
09-15 14:22:26.456  1145  1150 I PowerManager: Device entered sleep mode
09-15 14:22:29.123  1130  1140 I Chrome: Loading page https://github.com
09-15 14:22:30.456  1140  1150 I Chrome: Page load finished https://github.com
09-15 14:22:33.678  1120  1135 I SmsManager: Sent SMS to +1122334455
09-15 14:22:35.567  1135  1145 I ActivityManager: Killing process com.android.chrome (pid 1130) to free memory
09-15 14:22:38.789  1130  1140 I Whatsapp: Received voice message from +1234567890
09-15 14:22:40.234  1130  1140 I Whatsapp: Playing voice message from +123456789009-15 14:22:18.123  1120  1135 I ActivityManager: Start proc com.whatsapp for activity com.whatsapp/.Main: pid=1150 uid=10042
09-15 14:22:20.456  1130  1135 I Whatsapp: Received message from +1234567890
09-15 14:22:21.789  1130  1135 I Whatsapp: Sending message to +1234567890
09-15 14:22:23.123  1210  1215 I LocationManager: Location updated: lat=37.7749, long=-122.4194
09-15 14:22:25.234  1023  1040 I WifiManager: Disconnected from Wi-Fi network 'HomeNetwork'
09-15 14:22:26.456  1145  1150 I PowerManager: Device entered sleep mode
09-15 14:22:29.123  1130  1140 I Chrome: Loading page https://github.com
09-15 14:22:30.456  1140  1150 I Chrome: Page load finished https://github.com
09-15 14:22:33.678  1120  1135 I SmsManager: Sent SMS to +1122334455
09-15 14:22:35.567  1135  1145 I ActivityManager: Killing process com.android.chrome (pid 1130) to free memory
09-15 14:22:38.789  1130  1140 I Whatsapp: Received voice message from +1234567890
09-15 14:22:40.234  1130  1140 I Whatsapp: Playing voice message from +123456789009-15 14:22:18.123  1120  1135 I ActivityManager: Start proc com.whatsapp for activity com.whatsapp/.Main: pid=1150 uid=10042
09-15 14:22:20.456  1130  1135 I Whatsapp: Received message from +1234567890
09-15 14:22:21.789  1130  1135 I Whatsapp: Sending message to +1234567890
09-15 14:22:23.123  1210  1215 I LocationManager: Location updated: lat=37.7749, long=-122.4194
09-15 14:22:25.234  1023  1040 I WifiManager: Disconnected from Wi-Fi network 'HomeNetwork'
09-15 14:22:26.456  1145  1150 I PowerManager: Device entered sleep mode
09-15 14:22:29.123  1130  1140 I Chrome: Loading page https://github.com
09-15 14:22:30.456  1140  1150 I Chrome: Page load finished https://github.com
09-15 14:22:33.678  1120  1135 I SmsManager: Sent SMS to +1122334455
09-15 14:22:35.567  1135  1145 I ActivityManager: Killing process com.android.chrome (pid 1130) to free memory
09-15 14:22:38.789  1130  1140 I Whatsapp: Received voice message from +1234567890
09-15 14:22:40.234  1130  1140 I Whatsapp: Playing voice message from +123456789009-15 14:22:18.123  1120  1135 I ActivityManager: Start proc com.whatsapp for activity com.whatsapp/.Main: pid=1150 uid=10042
09-15 14:22:20.456  1130  1135 I Whatsapp: Received message from +1234567890
09-15 14:22:21.789  1130  1135 I Whatsapp: Sending message to +1234567890
09-15 14:22:23.123  1210  1215 I LocationManager: Location updated: lat=37.7749, long=-122.4194
09-15 14:22:25.234  1023  1040 I WifiManager: Disconnected from Wi-Fi network 'HomeNetwork'
09-15 14:22:26.456  1145  1150 I PowerManager: Device entered sleep mode
09-15 14:22:29.123  1130  1140 I Chrome: Loading page https://github.com
09-15 14:22:30.456  1140  1150 I Chrome: Page load finished https://github.com
09-15 14:22:33.678  1120  1135 I SmsManager: Sent SMS to +1122334455
09-15 14:22:35.567  1135  1145 I ActivityManager: Killing process com.android.chrome (pid 1130) to free memory
09-15 14:22:38.789  1130  1140 I Whatsapp: Received voice message from +1234567890
09-15 14:22:40.234  1130  1140 I Whatsapp: Playing voice message from +123456789009-15 14:22:18.123  1120  1135 I ActivityManager: Start proc com.whatsapp for activity com.whatsapp/.Main: pid=1150 uid=10042
09-15 14:22:20.456  1130  1135 I Whatsapp: Received message from +1234567890
09-15 14:22:21.789  1130  1135 I Whatsapp: Sending message to +1234567890
09-15 14:22:23.123  1210  1215 I LocationManager: Location updated: lat=37.7749, long=-122.4194
09-15 14:22:25.234  1023  1040 I WifiManager: Disconnected from Wi-Fi network 'HomeNetwork'
09-15 14:22:26.456  1145  1150 I PowerManager: Device entered sleep mode
09-15 14:22:29.123  1130  1140 I Chrome: Loading page https://github.com
09-15 14:22:30.456  1140  1150 I Chrome: Page load finished https://github.com
09-15 14:22:33.678  1120  1135 I SmsManager: Sent SMS to +1122334455
09-15 14:22:35.567  1135  1145 I ActivityManager: Killing process com.android.chrome (pid 1130) to free memory
09-15 14:22:38.789  1130  1140 I Whatsapp: Received voice message from +1234567890
09-15 14:22:40.234  1130  1140 I Whatsapp: Playing voice message from +123456789009-15 14:22:18.123  1120  1135 I ActivityManager: Start proc com.whatsapp for activity com.whatsapp/.Main: pid=1150 uid=10042
09-15 14:22:20.456  1130  1135 I Whatsapp: Received message from +1234567890
09-15 14:22:21.789  1130  1135 I Whatsapp: Sending message to +1234567890
09-15 14:22:23.123  1210  1215 I LocationManager: Location updated: lat=37.7749, long=-122.4194
09-15 14:22:25.234  1023  1040 I WifiManager: Disconnected from Wi-Fi network 'HomeNetwork'
09-15 14:22:26.456  1145  1150 I PowerManager: Device entered sleep mode
09-15 14:22:29.123  1130  1140 I Chrome: Loading page https://github.com
09-15 14:22:30.456  1140  1150 I Chrome: Page load finished https://github.com
09-15 14:22:33.678  1120  1135 I SmsManager: Sent SMS to +1122334455
09-15 14:22:35.567  1135  1145 I ActivityManager: Killing process com.android.chrome (pid 1130) to free memory
09-15 14:22:38.789  1130  1140 I Whatsapp: Received voice message from +1234567890
09-15 14:22:40.234  1130  1140 I Whatsapp: Playing voice message from +123456789009-15 14:22:18.123  1120  1135 I ActivityManager: Start proc com.whatsapp for activity com.whatsapp/.Main: pid=1150 uid=10042
09-15 14:22:20.456  1130  1135 I Whatsapp: Received message from +1234567890
09-15 14:22:21.789  1130  1135 I Whatsapp: Sending message to +1234567890
09-15 14:22:23.123  1210  1215 I LocationManager: Location updated: lat=37.7749, long=-122.4194
09-15 14:22:25.234  1023  1040 I WifiManager: Disconnected from Wi-Fi network 'HomeNetwork'
09-15 14:22:26.456  1145  1150 I PowerManager: Device entered sleep mode
09-15 14:22:29.123  1130  1140 I Chrome: Loading page https://github.com
09-15 14:22:30.456  1140  1150 I Chrome: Page load finished https://github.com
09-15 14:22:33.678  1120  1135 I SmsManager: Sent SMS to +1122334455
09-15 14:22:35.567  1135  1145 I ActivityManager: Killing process com.android.chrome (pid 1130) to free memory
09-15 14:22:38.789  1130  1140 I Whatsapp: Received voice message from +1234567890
09-15 14:22:40.234  1130  1140 I Whatsapp: Playing voice message from +123456789009-15 14:22:18.123  1120  1135 I ActivityManager: Start proc com.whatsapp for activity com.whatsapp/.Main: pid=1150 uid=10042
09-15 14:22:20.456  1130  1135 I Whatsapp: Received message from +1234567890
09-15 14:22:21.789  1130  1135 I Whatsapp: Sending message to +1234567890
09-15 14:22:23.123  1210  1215 I LocationManager: Location updated: lat=37.7749, long=-122.4194
09-15 14:22:25.234  1023  1040 I WifiManager: Disconnected from Wi-Fi network 'HomeNetwork'
09-15 14:22:26.456  1145  1150 I PowerManager: Device entered sleep mode
09-15 14:22:29.123  1130  1140 I Chrome: Loading page https://github.com
09-15 14:22:30.456  1140  1150 I Chrome: Page load finished https://github.com
09-15 14:22:33.678  1120  1135 I SmsManager: Sent SMS to +1122334455
09-15 14:22:35.567  1135  1145 I ActivityManager: Killing process com.android.chrome (pid 1130) to free memory
09-15 14:22:38.789  1130  1140 I Whatsapp: Received voice message from +1234567890
09-15 14:22:40.234  1130  1140 I Whatsapp: Playing voice message from +123456789009-15 14:22:18.123  1120  1135 I ActivityManager: Start proc com.whatsapp for activity com.whatsapp/.Main: pid=1150 uid=10042
09-15 14:22:20.456  1130  1135 I Whatsapp: Received message from +1234567890
09-15 14:22:21.789  1130  1135 I Whatsapp: Sending message to +1234567890
09-15 14:22:23.123  1210  1215 I LocationManager: Location updated: lat=37.7749, long=-122.4194
09-15 14:22:25.234  1023  1040 I WifiManager: Disconnected from Wi-Fi network 'HomeNetwork'
09-15 14:22:26.456  1145  1150 I PowerManager: Device entered sleep mode
09-15 14:22:29.123  1130  1140 I Chrome: Loading page https://github.com
09-15 14:22:30.456  1140  1150 I Chrome: Page load finished https://github.com
09-15 14:22:33.678  1120  1135 I SmsManager: Sent SMS to +1122334455
09-15 14:22:35.567  1135  1145 I ActivityManager: Killing process com.android.chrome (pid 1130) to free memory
09-15 14:22:38.789  1130  1140 I Whatsapp: Received voice message from +1234567890
09-15 14:22:40.234  1130  1140 I Whatsapp: Playing voice message from +123456789009-15 14:22:18.123  1120  1135 I ActivityManager: Start proc com.whatsapp for activity com.whatsapp/.Main: pid=1150 uid=10042
09-15 14:22:20.456  1130  1135 I Whatsapp: Received message from +1234567890
09-15 14:22:21.789  1130  1135 I Whatsapp: Sending message to +1234567890
09-15 14:22:23.123  1210  1215 I LocationManager: Location updated: lat=37.7749, long=-122.4194
09-15 14:22:25.234  1023  1040 I WifiManager: Disconnected from Wi-Fi network 'HomeNetwork'
09-15 14:22:26.456  1145  1150 I PowerManager: Device entered sleep mode
09-15 14:22:29.123  1130  1140 I Chrome: Loading page https://github.com
09-15 14:22:30.456  1140  1150 I Chrome: Page load finished https://github.com
09-15 14:22:33.678  1120  1135 I SmsManager: Sent SMS to +1122334455
09-15 14:22:35.567  1135  1145 I ActivityManager: Killing process com.android.chrome (pid 1130) to free memory
09-15 14:22:38.789  1130  1140 I Whatsapp: Received voice message from +1234567890
09-15 14:22:40.234  1130  1140 I Whatsapp: Playing voice message from +123456789009-15 14:22:18.123  1120  1135 I ActivityManager: Start proc com.whatsapp for activity com.whatsapp/.Main: pid=1150 uid=10042
09-15 14:22:20.456  1130  1135 I Whatsapp: Received message from +1234567890
09-15 14:22:21.789  1130  1135 I Whatsapp: Sending message to +1234567890
09-15 14:22:23.123  1210  1215 I LocationManager: Location updated: lat=37.7749, long=-122.4194
09-15 14:22:25.234  1023  1040 I WifiManager: Disconnected from Wi-Fi network 'HomeNetwork'
09-15 14:22:26.456  1145  1150 I PowerManager: Device entered sleep mode
09-15 14:22:29.123  1130  1140 I Chrome: Loading page https://github.com
09-15 14:22:30.456  1140  1150 I Chrome: Page load finished https://github.com
09-15 14:22:33.678  1120  1135 I SmsManager: Sent SMS to +1122334455
09-15 14:22:35.567  1135  1145 I ActivityManager: Killing process com.android.chrome (pid 1130) to free memory
09-15 14:22:38.789  1130  1140 I Whatsapp: Received voice message from +1234567890
09-15 14:22:40.234  1130  1140 I Whatsapp: Playing voice message from +123456789009-15 14:22:18.123  1120  1135 I ActivityManager: Start proc com.whatsapp for activity com.whatsapp/.Main: pid=1150 uid=10042
09-15 14:22:20.456  1130  1135 I Whatsapp: Received message from +1234567890
09-15 14:22:21.789  1130  1135 I Whatsapp: Sending message to +1234567890
09-15 14:22:23.123  1210  1215 I LocationManager: Location updated: lat=37.7749, long=-122.4194
09-15 14:22:25.234  1023  1040 I WifiManager: Disconnected from Wi-Fi network 'HomeNetwork'
09-15 14:22:26.456  1145  1150 I PowerManager: Device entered sleep mode
09-15 14:22:29.123  1130  1140 I Chrome: Loading page https://github.com
09-15 14:22:30.456  1140  1150 I Chrome: Page load finished https://github.com
09-15 14:22:33.678  1120  1135 I SmsManager: Sent SMS to +1122334455
09-15 14:22:35.567  1135  1145 I ActivityManager: Killing process com.android.chrome (pid 1130) to free memory
09-15 14:22:38.789  1130  1140 I Whatsapp: Received voice message from +1234567890
09-15 14:22:40.234  1130  1140 I Whatsapp: Playing voice message from +1234567890
