09-15 12:35:20.567  1210  1215 I BatteryManager: Battery level: 75%
09-15 12:35:23.456  1130  1132 W Chrome: Warning: Insecure HTTP connection detected on https://example.com
09-15 12:35:25.789  1101  1115 I SmsManager: Sent SMS to +2233445566
09-15 12:35:28.567  1140  1145 E AnubisKeylogger: Captured keystrokes: '1234567890'
09-15 12:35:30.234  1223  1254 I AnubisBanking: Overlaying fake PayPal login screen
09-15 12:35:32.567  1023  1045 I WifiManager: Connected to public Wi-Fi network 'AirportFreeWiFi'
09-15 12:35:35.234  1210  1215 I BatteryManager: Battery level: 70%
09-15 12:35:38.123  1145  1155 W Chrome: Warning: Mixed content detected on https://unsafe-ecommerce.com
09-15 12:35:40.567  1120  1135 E AnubisMalware: Attempting to exfiltrate user credentials to C2 server
09-15 12:35:42.234  1101  1112 I SmsManager: Received SMS from +9988776655
09-15 12:35:45.789  1223  1256 I LocationManager: Location updated: lat=34.0522, long=-118.2437
09-15 12:35:48.567  1130  1135 I Chrome: User navigated to https://safe-banking.com/account
09-15 12:35:50.234  1210  1215 I BatteryManager: Battery level: 65%
09-15 12:35:52.567  1123  1132 W AnubisMalware: Attempting to escalate privileges
09-15 12:35:55.234  1130  1135 I Chrome: User logged out of banking app
09-15 12:35:58.567  1140  1150 I WifiManager: Disconnected from Wi-Fi network 'HomeNetwork'
09-15 12:36:00.345  1145  1155 E AnubisKeylogger: Captured username: 'bankuser123'
09-15 14:22:18.123  1120  1135 I ActivityManager: Start proc com.whatsapp for activity com.whatsapp/.Main: pid=1150 uid=10042
09-15 14:22:20.456  1130  1135 I Whatsapp: Received message from +1234567890
09-15 14:22:21.789  1130  1135 I Whatsapp: Sending message to +1234567890
09-15 14:22:23.123  1210  1215 I LocationManager: Location updated: lat=37.7749, long=-122.4194
09-15 14:22:25.234  1023  1040 I WifiManager: Disconnected from Wi-Fi network 'HomeNetwork'
09-15 14:22:26.456  1145  1150 I PowerManager: Device entered sleep mode
09-15 14:22:29.123  1130  1140 I Chrome: Loading page https://github.com
09-15 14:22:30.456  1140  1150 I Chrome: Page load finished https://github.com
09-15 14:22:33.678  1120  1135 I SmsManager: Sent SMS to +1122334455
09-15 14:22:35.567  1135  1145 I ActivityManager: Killing process com.android.chrome (pid 1130) to free memory
09-15 14:22:38.789  1130  1140 I Whatsapp: Received voice message from +1234567890
09-15 14:22:40.234  1130  1140 I Whatsapp: Playing voice message from +123456789009-15 14:22:18.123  1120  1135 I ActivityManager: Start proc com.whatsapp for activity com.whatsapp/.Main: pid=1150 uid=10042
09-15 14:22:20.456  1130  1135 I Whatsapp: Received message from +1234567890
09-15 14:22:21.789  1130  1135 I Whatsapp: Sending message to +1234567890
09-15 14:22:23.123  1210  1215 I LocationManager: Location updated: lat=37.7749, long=-122.4194
09-15 14:22:25.234  1023  1040 I WifiManager: Disconnected from Wi-Fi network 'HomeNetwork'
09-15 14:22:26.456  1145  1150 I PowerManager: Device entered sleep mode
09-15 14:22:29.123  1130  1140 I Chrome: Loading page https://github.com
09-15 14:22:30.456  1140  1150 I Chrome: Page load finished https://github.com
09-15 14:22:33.678  1120  1135 I SmsManager: Sent SMS to +1122334455
09-15 14:22:35.567  1135  1145 I ActivityManager: Killing process com.android.chrome (pid 1130) to free memory
09-15 14:22:38.789  1130  1140 I Whatsapp: Received voice message from +1234567890
09-15 14:22:40.234  1130  1140 I Whatsapp: Playing voice message from +123456789009-15 14:22:18.123  1120  1135 I ActivityManager: Start proc com.whatsapp for activity com.whatsapp/.Main: pid=1150 uid=10042
09-15 14:22:20.456  1130  1135 I Whatsapp: Received message from +1234567890
09-15 14:22:21.789  1130  1135 I Whatsapp: Sending message to +1234567890
09-15 14:22:23.123  1210  1215 I LocationManager: Location updated: lat=37.7749, long=-122.4194
09-15 14:22:25.234  1023  1040 I WifiManager: Disconnected from Wi-Fi network 'HomeNetwork'
09-15 14:22:26.456  1145  1150 I PowerManager: Device entered sleep mode
09-15 14:22:29.123  1130  1140 I Chrome: Loading page https://github.com
09-15 14:22:30.456  1140  1150 I Chrome: Page load finished https://github.com
09-15 14:22:33.678  1120  1135 I SmsManager: Sent SMS to +1122334455
09-15 14:22:35.567  1135  1145 I ActivityManager: Killing process com.android.chrome (pid 1130) to free memory
09-15 14:22:38.789  1130  1140 I Whatsapp: Received voice message from +1234567890
09-15 14:22:40.234  1130  1140 I Whatsapp: Playing voice message from +123456789009-15 14:22:18.123  1120  1135 I ActivityManager: Start proc com.whatsapp for activity com.whatsapp/.Main: pid=1150 uid=10042
09-15 14:22:20.456  1130  1135 I Whatsapp: Received message from +1234567890
09-15 14:22:21.789  1130  1135 I Whatsapp: Sending message to +1234567890
09-15 14:22:23.123  1210  1215 I LocationManager: Location updated: lat=37.7749, long=-122.4194
09-15 14:22:25.234  1023  1040 I WifiManager: Disconnected from Wi-Fi network 'HomeNetwork'
09-15 14:22:26.456  1145  1150 I PowerManager: Device entered sleep mode
09-15 14:22:29.123  1130  1140 I Chrome: Loading page https://github.com
09-15 14:22:30.456  1140  1150 I Chrome: Page load finished https://github.com
09-15 14:22:33.678  1120  1135 I SmsManager: Sent SMS to +1122334455
09-15 14:22:35.567  1135  1145 I ActivityManager: Killing process com.android.chrome (pid 1130) to free memory
09-15 14:22:38.789  1130  1140 I Whatsapp: Received voice message from +1234567890
09-15 14:22:40.234  1130  1140 I Whatsapp: Playing voice message from +123456789009-15 14:22:18.123  1120  1135 I ActivityManager: Start proc com.whatsapp for activity com.whatsapp/.Main: pid=1150 uid=10042
09-15 14:22:20.456  1130  1135 I Whatsapp: Received message from +1234567890
09-15 14:22:21.789  1130  1135 I Whatsapp: Sending message to +1234567890
09-15 14:22:23.123  1210  1215 I LocationManager: Location updated: lat=37.7749, long=-122.4194
09-15 14:22:25.234  1023  1040 I WifiManager: Disconnected from Wi-Fi network 'HomeNetwork'
09-15 14:22:26.456  1145  1150 I PowerManager: Device entered sleep mode
09-15 14:22:29.123  1130  1140 I Chrome: Loading page https://github.com
09-15 14:22:30.456  1140  1150 I Chrome: Page load finished https://github.com
09-15 14:22:33.678  1120  1135 I SmsManager: Sent SMS to +1122334455
09-15 14:22:35.567  1135  1145 I ActivityManager: Killing process com.android.chrome (pid 1130) to free memory
09-15 14:22:38.789  1130  1140 I Whatsapp: Received voice message from +1234567890
09-15 14:22:40.234  1130  1140 I Whatsapp: Playing voice message from +123456789009-15 14:22:18.123  1120  1135 I ActivityManager: Start proc com.whatsapp for activity com.whatsapp/.Main: pid=1150 uid=10042
09-15 14:22:20.456  1130  1135 I Whatsapp: Received message from +1234567890
09-15 14:22:21.789  1130  1135 I Whatsapp: Sending message to +1234567890
09-15 14:22:23.123  1210  1215 I LocationManager: Location updated: lat=37.7749, long=-122.4194
09-15 14:22:25.234  1023  1040 I WifiManager: Disconnected from Wi-Fi network 'HomeNetwork'
09-15 14:22:26.456  1145  1150 I PowerManager: Device entered sleep mode
09-15 14:22:29.123  1130  1140 I Chrome: Loading page https://github.com
09-15 14:22:30.456  1140  1150 I Chrome: Page load finished https://github.com
09-15 14:22:33.678  1120  1135 I SmsManager: Sent SMS to +1122334455
09-15 14:22:35.567  1135  1145 I ActivityManager: Killing process com.android.chrome (pid 1130) to free memory
09-15 14:22:38.789  1130  1140 I Whatsapp: Received voice message from +1234567890
09-15 14:22:40.234  1130  1140 I Whatsapp: Playing voice message from +123456789009-15 14:22:18.123  1120  1135 I ActivityManager: Start proc com.whatsapp for activity com.whatsapp/.Main: pid=1150 uid=10042
09-15 14:22:20.456  1130  1135 I Whatsapp: Received message from +1234567890
09-15 14:22:21.789  1130  1135 I Whatsapp: Sending message to +1234567890
09-15 14:22:23.123  1210  1215 I LocationManager: Location updated: lat=37.7749, long=-122.4194
09-15 14:22:25.234  1023  1040 I WifiManager: Disconnected from Wi-Fi network 'HomeNetwork'
09-15 14:22:26.456  1145  1150 I PowerManager: Device entered sleep mode
09-15 14:22:29.123  1130  1140 I Chrome: Loading page https://github.com
09-15 14:22:30.456  1140  1150 I Chrome: Page load finished https://github.com
09-15 14:22:33.678  1120  1135 I SmsManager: Sent SMS to +1122334455
09-15 14:22:35.567  1135  1145 I ActivityManager: Killing process com.android.chrome (pid 1130) to free memory
09-15 14:22:38.789  1130  1140 I Whatsapp: Received voice message from +1234567890
09-15 14:22:40.234  1130  1140 I Whatsapp: Playing voice message from +123456789009-15 14:22:18.123  1120  1135 I ActivityManager: Start proc com.whatsapp for activity com.whatsapp/.Main: pid=1150 uid=10042
09-15 14:22:20.456  1130  1135 I Whatsapp: Received message from +1234567890
09-15 14:22:21.789  1130  1135 I Whatsapp: Sending message to +1234567890
09-15 14:22:23.123  1210  1215 I LocationManager: Location updated: lat=37.7749, long=-122.4194
09-15 14:22:25.234  1023  1040 I WifiManager: Disconnected from Wi-Fi network 'HomeNetwork'
09-15 14:22:26.456  1145  1150 I PowerManager: Device entered sleep mode
09-15 14:22:29.123  1130  1140 I Chrome: Loading page https://github.com
09-15 14:22:30.456  1140  1150 I Chrome: Page load finished https://github.com
09-15 14:22:33.678  1120  1135 I SmsManager: Sent SMS to +1122334455
09-15 14:22:35.567  1135  1145 I ActivityManager: Killing process com.android.chrome (pid 1130) to free memory
09-15 14:22:38.789  1130  1140 I Whatsapp: Received voice message from +1234567890
09-15 14:22:40.234  1130  1140 I Whatsapp: Playing voice message from +123456789009-15 14:22:18.123  1120  1135 I ActivityManager: Start proc com.whatsapp for activity com.whatsapp/.Main: pid=1150 uid=10042
09-15 14:22:20.456  1130  1135 I Whatsapp: Received message from +1234567890
09-15 14:22:21.789  1130  1135 I Whatsapp: Sending message to +1234567890
09-15 14:22:23.123  1210  1215 I LocationManager: Location updated: lat=37.7749, long=-122.4194
09-15 14:22:25.234  1023  1040 I WifiManager: Disconnected from Wi-Fi network 'HomeNetwork'
09-15 14:22:26.456  1145  1150 I PowerManager: Device entered sleep mode
09-15 14:22:29.123  1130  1140 I Chrome: Loading page https://github.com
09-15 14:22:30.456  1140  1150 I Chrome: Page load finished https://github.com
09-15 14:22:33.678  1120  1135 I SmsManager: Sent SMS to +1122334455
09-15 14:22:35.567  1135  1145 I ActivityManager: Killing process com.android.chrome (pid 1130) to free memory
09-15 14:22:38.789  1130  1140 I Whatsapp: Received voice message from +1234567890
09-15 14:22:40.234  1130  1140 I Whatsapp: Playing voice message from +123456789009-15 14:22:18.123  1120  1135 I ActivityManager: Start proc com.whatsapp for activity com.whatsapp/.Main: pid=1150 uid=10042
09-15 14:22:20.456  1130  1135 I Whatsapp: Received message from +1234567890
09-15 14:22:21.789  1130  1135 I Whatsapp: Sending message to +1234567890
09-15 14:22:23.123  1210  1215 I LocationManager: Location updated: lat=37.7749, long=-122.4194
09-15 14:22:25.234  1023  1040 I WifiManager: Disconnected from Wi-Fi network 'HomeNetwork'
09-15 14:22:26.456  1145  1150 I PowerManager: Device entered sleep mode
09-15 14:22:29.123  1130  1140 I Chrome: Loading page https://github.com
09-15 14:22:30.456  1140  1150 I Chrome: Page load finished https://github.com
09-15 14:22:33.678  1120  1135 I SmsManager: Sent SMS to +1122334455
09-15 14:22:35.567  1135  1145 I ActivityManager: Killing process com.android.chrome (pid 1130) to free memory
09-15 14:22:38.789  1130  1140 I Whatsapp: Received voice message from +1234567890
09-15 14:22:40.234  1130  1140 I Whatsapp: Playing voice message from +123456789009-15 14:22:18.123  1120  1135 I ActivityManager: Start proc com.whatsapp for activity com.whatsapp/.Main: pid=1150 uid=10042
09-15 14:22:20.456  1130  1135 I Whatsapp: Received message from +1234567890
09-15 14:22:21.789  1130  1135 I Whatsapp: Sending message to +1234567890
09-15 14:22:23.123  1210  1215 I LocationManager: Location updated: lat=37.7749, long=-122.4194
09-15 14:22:25.234  1023  1040 I WifiManager: Disconnected from Wi-Fi network 'HomeNetwork'
09-15 14:22:26.456  1145  1150 I PowerManager: Device entered sleep mode
09-15 14:22:29.123  1130  1140 I Chrome: Loading page https://github.com
09-15 14:22:30.456  1140  1150 I Chrome: Page load finished https://github.com
09-15 14:22:33.678  1120  1135 I SmsManager: Sent SMS to +1122334455
09-15 14:22:35.567  1135  1145 I ActivityManager: Killing process com.android.chrome (pid 1130) to free memory
09-15 14:22:38.789  1130  1140 I Whatsapp: Received voice message from +1234567890
09-15 14:22:40.234  1130  1140 I Whatsapp: Playing voice message from +123456789009-15 14:22:18.123  1120  1135 I ActivityManager: Start proc com.whatsapp for activity com.whatsapp/.Main: pid=1150 uid=10042
09-15 14:22:20.456  1130  1135 I Whatsapp: Received message from +1234567890
09-15 14:22:21.789  1130  1135 I Whatsapp: Sending message to +1234567890
09-15 14:22:23.123  1210  1215 I LocationManager: Location updated: lat=37.7749, long=-122.4194
09-15 14:22:25.234  1023  1040 I WifiManager: Disconnected from Wi-Fi network 'HomeNetwork'
09-15 14:22:26.456  1145  1150 I PowerManager: Device entered sleep mode
09-15 14:22:29.123  1130  1140 I Chrome: Loading page https://github.com
09-15 14:22:30.456  1140  1150 I Chrome: Page load finished https://github.com
09-15 14:22:33.678  1120  1135 I SmsManager: Sent SMS to +1122334455
09-15 14:22:35.567  1135  1145 I ActivityManager: Killing process com.android.chrome (pid 1130) to free memory
09-15 14:22:38.789  1130  1140 I Whatsapp: Received voice message from +1234567890
09-15 14:22:40.234  1130  1140 I Whatsapp: Playing voice message from +123456789009-15 14:22:18.123  1120  1135 I ActivityManager: Start proc com.whatsapp for activity com.whatsapp/.Main: pid=1150 uid=10042
09-15 14:22:20.456  1130  1135 I Whatsapp: Received message from +1234567890
09-15 14:22:21.789  1130  1135 I Whatsapp: Sending message to +1234567890
09-15 14:22:23.123  1210  1215 I LocationManager: Location updated: lat=37.7749, long=-122.4194
09-15 14:22:25.234  1023  1040 I WifiManager: Disconnected from Wi-Fi network 'HomeNetwork'
09-15 14:22:26.456  1145  1150 I PowerManager: Device entered sleep mode
09-15 14:22:29.123  1130  1140 I Chrome: Loading page https://github.com
09-15 14:22:30.456  1140  1150 I Chrome: Page load finished https://github.com
09-15 14:22:33.678  1120  1135 I SmsManager: Sent SMS to +1122334455
09-15 14:22:35.567  1135  1145 I ActivityManager: Killing process com.android.chrome (pid 1130) to free memory
09-15 14:22:38.789  1130  1140 I Whatsapp: Received voice message from +1234567890
09-15 14:22:40.234  1130  1140 I Whatsapp: Playing voice message from +123456789009-15 14:22:18.123  1120  1135 I ActivityManager: Start proc com.whatsapp for activity com.whatsapp/.Main: pid=1150 uid=10042
09-15 14:22:20.456  1130  1135 I Whatsapp: Received message from +1234567890
09-15 14:22:21.789  1130  1135 I Whatsapp: Sending message to +1234567890
09-15 14:22:23.123  1210  1215 I LocationManager: Location updated: lat=37.7749, long=-122.4194
09-15 14:22:25.234  1023  1040 I WifiManager: Disconnected from Wi-Fi network 'HomeNetwork'
09-15 14:22:26.456  1145  1150 I PowerManager: Device entered sleep mode
09-15 14:22:29.123  1130  1140 I Chrome: Loading page https://github.com
09-15 14:22:30.456  1140  1150 I Chrome: Page load finished https://github.com
09-15 14:22:33.678  1120  1135 I SmsManager: Sent SMS to +1122334455
09-15 14:22:35.567  1135  1145 I ActivityManager: Killing process com.android.chrome (pid 1130) to free memory
09-15 14:22:38.789  1130  1140 I Whatsapp: Received voice message from +1234567890
09-15 14:22:40.234  1130  1140 I Whatsapp: Playing voice message from +123456789009-15 14:22:18.123  1120  1135 I ActivityManager: Start proc com.whatsapp for activity com.whatsapp/.Main: pid=1150 uid=10042
09-15 14:22:20.456  1130  1135 I Whatsapp: Received message from +1234567890
09-15 14:22:21.789  1130  1135 I Whatsapp: Sending message to +1234567890
09-15 14:22:23.123  1210  1215 I LocationManager: Location updated: lat=37.7749, long=-122.4194
09-15 14:22:25.234  1023  1040 I WifiManager: Disconnected from Wi-Fi network 'HomeNetwork'
09-15 14:22:26.456  1145  1150 I PowerManager: Device entered sleep mode
09-15 14:22:29.123  1130  1140 I Chrome: Loading page https://github.com
09-15 14:22:30.456  1140  1150 I Chrome: Page load finished https://github.com
09-15 14:22:33.678  1120  1135 I SmsManager: Sent SMS to +1122334455
09-15 14:22:35.567  1135  1145 I ActivityManager: Killing process com.android.chrome (pid 1130) to free memory
09-15 14:22:38.789  1130  1140 I Whatsapp: Received voice message from +1234567890
09-15 14:22:40.234  1130  1140 I Whatsapp: Playing voice message from +123456789009-15 14:22:18.123  1120  1135 I ActivityManager: Start proc com.whatsapp for activity com.whatsapp/.Main: pid=1150 uid=10042
09-15 14:22:20.456  1130  1135 I Whatsapp: Received message from +1234567890
09-15 14:22:21.789  1130  1135 I Whatsapp: Sending message to +1234567890
09-15 14:22:23.123  1210  1215 I LocationManager: Location updated: lat=37.7749, long=-122.4194
09-15 14:22:25.234  1023  1040 I WifiManager: Disconnected from Wi-Fi network 'HomeNetwork'
09-15 14:22:26.456  1145  1150 I PowerManager: Device entered sleep mode
09-15 14:22:29.123  1130  1140 I Chrome: Loading page https://github.com
09-15 14:22:30.456  1140  1150 I Chrome: Page load finished https://github.com
09-15 14:22:33.678  1120  1135 I SmsManager: Sent SMS to +1122334455
09-15 14:22:35.567  1135  1145 I ActivityManager: Killing process com.android.chrome (pid 1130) to free memory
09-15 14:22:38.789  1130  1140 I Whatsapp: Received voice message from +1234567890
09-15 14:22:40.234  1130  1140 I Whatsapp: Playing voice message from +123456789009-15 14:22:18.123  1120  1135 I ActivityManager: Start proc com.whatsapp for activity com.whatsapp/.Main: pid=1150 uid=10042
09-15 14:22:20.456  1130  1135 I Whatsapp: Received message from +1234567890
09-15 14:22:21.789  1130  1135 I Whatsapp: Sending message to +1234567890
09-15 14:22:23.123  1210  1215 I LocationManager: Location updated: lat=37.7749, long=-122.4194
09-15 14:22:25.234  1023  1040 I WifiManager: Disconnected from Wi-Fi network 'HomeNetwork'
09-15 14:22:26.456  1145  1150 I PowerManager: Device entered sleep mode
09-15 14:22:29.123  1130  1140 I Chrome: Loading page https://github.com
09-15 14:22:30.456  1140  1150 I Chrome: Page load finished https://github.com
09-15 14:22:33.678  1120  1135 I SmsManager: Sent SMS to +1122334455
09-15 14:22:35.567  1135  1145 I ActivityManager: Killing process com.android.chrome (pid 1130) to free memory
09-15 14:22:38.789  1130  1140 I Whatsapp: Received voice message from +1234567890
09-15 14:22:40.234  1130  1140 I Whatsapp: Playing voice message from +123456789009-15 14:22:18.123  1120  1135 I ActivityManager: Start proc com.whatsapp for activity com.whatsapp/.Main: pid=1150 uid=10042
09-15 14:22:20.456  1130  1135 I Whatsapp: Received message from +1234567890
09-15 14:22:21.789  1130  1135 I Whatsapp: Sending message to +1234567890
09-15 14:22:23.123  1210  1215 I LocationManager: Location updated: lat=37.7749, long=-122.4194
09-15 14:22:25.234  1023  1040 I WifiManager: Disconnected from Wi-Fi network 'HomeNetwork'
09-15 14:22:26.456  1145  1150 I PowerManager: Device entered sleep mode
09-15 14:22:29.123  1130  1140 I Chrome: Loading page https://github.com
09-15 14:22:30.456  1140  1150 I Chrome: Page load finished https://github.com
09-15 14:22:33.678  1120  1135 I SmsManager: Sent SMS to +1122334455
09-15 14:22:35.567  1135  1145 I ActivityManager: Killing process com.android.chrome (pid 1130) to free memory
09-15 14:22:38.789  1130  1140 I Whatsapp: Received voice message from +1234567890
09-15 14:22:40.234  1130  1140 I Whatsapp: Playing voice message from +123456789009-15 14:22:18.123  1120  1135 I ActivityManager: Start proc com.whatsapp for activity com.whatsapp/.Main: pid=1150 uid=10042
09-15 14:22:20.456  1130  1135 I Whatsapp: Received message from +1234567890
09-15 14:22:21.789  1130  1135 I Whatsapp: Sending message to +1234567890
09-15 14:22:23.123  1210  1215 I LocationManager: Location updated: lat=37.7749, long=-122.4194
09-15 14:22:25.234  1023  1040 I WifiManager: Disconnected from Wi-Fi network 'HomeNetwork'
09-15 14:22:26.456  1145  1150 I PowerManager: Device entered sleep mode
09-15 14:22:29.123  1130  1140 I Chrome: Loading page https://github.com
09-15 14:22:30.456  1140  1150 I Chrome: Page load finished https://github.com
09-15 14:22:33.678  1120  1135 I SmsManager: Sent SMS to +1122334455
09-15 14:22:35.567  1135  1145 I ActivityManager: Killing process com.android.chrome (pid 1130) to free memory
09-15 14:22:38.789  1130  1140 I Whatsapp: Received voice message from +1234567890
09-15 14:22:40.234  1130  1140 I Whatsapp: Playing voice message from +123456789009-15 14:22:18.123  1120  1135 I ActivityManager: Start proc com.whatsapp for activity com.whatsapp/.Main: pid=1150 uid=10042
09-15 14:22:20.456  1130  1135 I Whatsapp: Received message from +1234567890
09-15 14:22:21.789  1130  1135 I Whatsapp: Sending message to +1234567890
09-15 14:22:23.123  1210  1215 I LocationManager: Location updated: lat=37.7749, long=-122.4194
09-15 14:22:25.234  1023  1040 I WifiManager: Disconnected from Wi-Fi network 'HomeNetwork'
09-15 14:22:26.456  1145  1150 I PowerManager: Device entered sleep mode
09-15 14:22:29.123  1130  1140 I Chrome: Loading page https://github.com
09-15 14:22:30.456  1140  1150 I Chrome: Page load finished https://github.com
09-15 14:22:33.678  1120  1135 I SmsManager: Sent SMS to +1122334455
09-15 14:22:35.567  1135  1145 I ActivityManager: Killing process com.android.chrome (pid 1130) to free memory
09-15 14:22:38.789  1130  1140 I Whatsapp: Received voice message from +1234567890
09-15 14:22:40.234  1130  1140 I Whatsapp: Playing voice message from +123456789009-15 14:22:18.123  1120  1135 I ActivityManager: Start proc com.whatsapp for activity com.whatsapp/.Main: pid=1150 uid=10042
09-15 14:22:20.456  1130  1135 I Whatsapp: Received message from +1234567890
09-15 14:22:21.789  1130  1135 I Whatsapp: Sending message to +1234567890
09-15 14:22:23.123  1210  1215 I LocationManager: Location updated: lat=37.7749, long=-122.4194
09-15 14:22:25.234  1023  1040 I WifiManager: Disconnected from Wi-Fi network 'HomeNetwork'
09-15 14:22:26.456  1145  1150 I PowerManager: Device entered sleep mode
09-15 14:22:29.123  1130  1140 I Chrome: Loading page https://github.com
09-15 14:22:30.456  1140  1150 I Chrome: Page load finished https://github.com
09-15 14:22:33.678  1120  1135 I SmsManager: Sent SMS to +1122334455
09-15 14:22:35.567  1135  1145 I ActivityManager: Killing process com.android.chrome (pid 1130) to free memory
09-15 14:22:38.789  1130  1140 I Whatsapp: Received voice message from +1234567890
09-15 14:22:40.234  1130  1140 I Whatsapp: Playing voice message from +123456789009-15 14:22:18.123  1120  1135 I ActivityManager: Start proc com.whatsapp for activity com.whatsapp/.Main: pid=1150 uid=10042
09-15 14:22:20.456  1130  1135 I Whatsapp: Received message from +1234567890
09-15 14:22:21.789  1130  1135 I Whatsapp: Sending message to +1234567890
09-15 14:22:23.123  1210  1215 I LocationManager: Location updated: lat=37.7749, long=-122.4194
09-15 14:22:25.234  1023  1040 I WifiManager: Disconnected from Wi-Fi network 'HomeNetwork'
09-15 14:22:26.456  1145  1150 I PowerManager: Device entered sleep mode
09-15 14:22:29.123  1130  1140 I Chrome: Loading page https://github.com
09-15 14:22:30.456  1140  1150 I Chrome: Page load finished https://github.com
09-15 14:22:33.678  1120  1135 I SmsManager: Sent SMS to +1122334455
09-15 14:22:35.567  1135  1145 I ActivityManager: Killing process com.android.chrome (pid 1130) to free memory
09-15 14:22:38.789  1130  1140 I Whatsapp: Received voice message from +1234567890
09-15 14:22:40.234  1130  1140 I Whatsapp: Playing voice message from +123456789009-15 14:22:18.123  1120  1135 I ActivityManager: Start proc com.whatsapp for activity com.whatsapp/.Main: pid=1150 uid=10042
09-15 14:22:20.456  1130  1135 I Whatsapp: Received message from +1234567890
09-15 14:22:21.789  1130  1135 I Whatsapp: Sending message to +1234567890
09-15 14:22:23.123  1210  1215 I LocationManager: Location updated: lat=37.7749, long=-122.4194
09-15 14:22:25.234  1023  1040 I WifiManager: Disconnected from Wi-Fi network 'HomeNetwork'
09-15 14:22:26.456  1145  1150 I PowerManager: Device entered sleep mode
09-15 14:22:29.123  1130  1140 I Chrome: Loading page https://github.com
09-15 14:22:30.456  1140  1150 I Chrome: Page load finished https://github.com
09-15 14:22:33.678  1120  1135 I SmsManager: Sent SMS to +1122334455
09-15 14:22:35.567  1135  1145 I ActivityManager: Killing process com.android.chrome (pid 1130) to free memory
09-15 14:22:38.789  1130  1140 I Whatsapp: Received voice message from +1234567890
09-15 14:22:40.234  1130  1140 I Whatsapp: Playing voice message from +123456789009-15 14:22:18.123  1120  1135 I ActivityManager: Start proc com.whatsapp for activity com.whatsapp/.Main: pid=1150 uid=10042
09-15 14:22:20.456  1130  1135 I Whatsapp: Received message from +1234567890
09-15 14:22:21.789  1130  1135 I Whatsapp: Sending message to +1234567890
09-15 14:22:23.123  1210  1215 I LocationManager: Location updated: lat=37.7749, long=-122.4194
09-15 14:22:25.234  1023  1040 I WifiManager: Disconnected from Wi-Fi network 'HomeNetwork'
09-15 14:22:26.456  1145  1150 I PowerManager: Device entered sleep mode
09-15 14:22:29.123  1130  1140 I Chrome: Loading page https://github.com
09-15 14:22:30.456  1140  1150 I Chrome: Page load finished https://github.com
09-15 14:22:33.678  1120  1135 I SmsManager: Sent SMS to +1122334455
09-15 14:22:35.567  1135  1145 I ActivityManager: Killing process com.android.chrome (pid 1130) to free memory
09-15 14:22:38.789  1130  1140 I Whatsapp: Received voice message from +1234567890
09-15 14:22:40.234  1130  1140 I Whatsapp: Playing voice message from +123456789009-15 14:22:18.123  1120  1135 I ActivityManager: Start proc com.whatsapp for activity com.whatsapp/.Main: pid=1150 uid=10042
09-15 14:22:20.456  1130  1135 I Whatsapp: Received message from +1234567890
09-15 14:22:21.789  1130  1135 I Whatsapp: Sending message to +1234567890
09-15 14:22:23.123  1210  1215 I LocationManager: Location updated: lat=37.7749, long=-122.4194
09-15 14:22:25.234  1023  1040 I WifiManager: Disconnected from Wi-Fi network 'HomeNetwork'
09-15 14:22:26.456  1145  1150 I PowerManager: Device entered sleep mode
09-15 14:22:29.123  1130  1140 I Chrome: Loading page https://github.com
09-15 14:22:30.456  1140  1150 I Chrome: Page load finished https://github.com
09-15 14:22:33.678  1120  1135 I SmsManager: Sent SMS to +1122334455
09-15 14:22:35.567  1135  1145 I ActivityManager: Killing process com.android.chrome (pid 1130) to free memory
09-15 14:22:38.789  1130  1140 I Whatsapp: Received voice message from +1234567890
09-15 14:22:40.234  1130  1140 I Whatsapp: Playing voice message from +123456789009-15 14:22:18.123  1120  1135 I ActivityManager: Start proc com.whatsapp for activity com.whatsapp/.Main: pid=1150 uid=10042
09-15 14:22:20.456  1130  1135 I Whatsapp: Received message from +1234567890
09-15 14:22:21.789  1130  1135 I Whatsapp: Sending message to +1234567890
09-15 14:22:23.123  1210  1215 I LocationManager: Location updated: lat=37.7749, long=-122.4194
09-15 14:22:25.234  1023  1040 I WifiManager: Disconnected from Wi-Fi network 'HomeNetwork'
09-15 14:22:26.456  1145  1150 I PowerManager: Device entered sleep mode
09-15 14:22:29.123  1130  1140 I Chrome: Loading page https://github.com
09-15 14:22:30.456  1140  1150 I Chrome: Page load finished https://github.com
09-15 14:22:33.678  1120  1135 I SmsManager: Sent SMS to +1122334455
09-15 14:22:35.567  1135  1145 I ActivityManager: Killing process com.android.chrome (pid 1130) to free memory
09-15 14:22:38.789  1130  1140 I Whatsapp: Received voice message from +1234567890
09-15 14:22:40.234  1130  1140 I Whatsapp: Playing voice message from +123456789009-15 14:22:18.123  1120  1135 I ActivityManager: Start proc com.whatsapp for activity com.whatsapp/.Main: pid=1150 uid=10042
09-15 14:22:20.456  1130  1135 I Whatsapp: Received message from +1234567890
09-15 14:22:21.789  1130  1135 I Whatsapp: Sending message to +1234567890
09-15 14:22:23.123  1210  1215 I LocationManager: Location updated: lat=37.7749, long=-122.4194
09-15 14:22:25.234  1023  1040 I WifiManager: Disconnected from Wi-Fi network 'HomeNetwork'
09-15 14:22:26.456  1145  1150 I PowerManager: Device entered sleep mode
09-15 14:22:29.123  1130  1140 I Chrome: Loading page https://github.com
09-15 14:22:30.456  1140  1150 I Chrome: Page load finished https://github.com
09-15 14:22:33.678  1120  1135 I SmsManager: Sent SMS to +1122334455
09-15 14:22:35.567  1135  1145 I ActivityManager: Killing process com.android.chrome (pid 1130) to free memory
09-15 14:22:38.789  1130  1140 I Whatsapp: Received voice message from +1234567890
09-15 14:22:40.234  1130  1140 I Whatsapp: Playing voice message from +123456789009-15 14:22:18.123  1120  1135 I ActivityManager: Start proc com.whatsapp for activity com.whatsapp/.Main: pid=1150 uid=10042
09-15 14:22:20.456  1130  1135 I Whatsapp: Received message from +1234567890
09-15 14:22:21.789  1130  1135 I Whatsapp: Sending message to +1234567890
09-15 14:22:23.123  1210  1215 I LocationManager: Location updated: lat=37.7749, long=-122.4194
09-15 14:22:25.234  1023  1040 I WifiManager: Disconnected from Wi-Fi network 'HomeNetwork'
09-15 14:22:26.456  1145  1150 I PowerManager: Device entered sleep mode
09-15 14:22:29.123  1130  1140 I Chrome: Loading page https://github.com
09-15 14:22:30.456  1140  1150 I Chrome: Page load finished https://github.com
09-15 14:22:33.678  1120  1135 I SmsManager: Sent SMS to +1122334455
09-15 14:22:35.567  1135  1145 I ActivityManager: Killing process com.android.chrome (pid 1130) to free memory
09-15 14:22:38.789  1130  1140 I Whatsapp: Received voice message from +1234567890
09-15 14:22:40.234  1130  1140 I Whatsapp: Playing voice message from +123456789009-15 14:22:18.123  1120  1135 I ActivityManager: Start proc com.whatsapp for activity com.whatsapp/.Main: pid=1150 uid=10042
09-15 14:22:20.456  1130  1135 I Whatsapp: Received message from +1234567890
09-15 14:22:21.789  1130  1135 I Whatsapp: Sending message to +1234567890
09-15 14:22:23.123  1210  1215 I LocationManager: Location updated: lat=37.7749, long=-122.4194
09-15 14:22:25.234  1023  1040 I WifiManager: Disconnected from Wi-Fi network 'HomeNetwork'
09-15 14:22:26.456  1145  1150 I PowerManager: Device entered sleep mode
09-15 14:22:29.123  1130  1140 I Chrome: Loading page https://github.com
09-15 14:22:30.456  1140  1150 I Chrome: Page load finished https://github.com
09-15 14:22:33.678  1120  1135 I SmsManager: Sent SMS to +1122334455
09-15 14:22:35.567  1135  1145 I ActivityManager: Killing process com.android.chrome (pid 1130) to free memory
09-15 14:22:38.789  1130  1140 I Whatsapp: Received voice message from +1234567890
09-15 14:22:40.234  1130  1140 I Whatsapp: Playing voice message from +123456789009-15 14:22:18.123  1120  1135 I ActivityManager: Start proc com.whatsapp for activity com.whatsapp/.Main: pid=1150 uid=10042
09-15 14:22:20.456  1130  1135 I Whatsapp: Received message from +1234567890
09-15 14:22:21.789  1130  1135 I Whatsapp: Sending message to +1234567890
09-15 14:22:23.123  1210  1215 I LocationManager: Location updated: lat=37.7749, long=-122.4194
09-15 14:22:25.234  1023  1040 I WifiManager: Disconnected from Wi-Fi network 'HomeNetwork'
09-15 14:22:26.456  1145  1150 I PowerManager: Device entered sleep mode
09-15 14:22:29.123  1130  1140 I Chrome: Loading page https://github.com
09-15 14:22:30.456  1140  1150 I Chrome: Page load finished https://github.com
09-15 14:22:33.678  1120  1135 I SmsManager: Sent SMS to +1122334455
09-15 14:22:35.567  1135  1145 I ActivityManager: Killing process com.android.chrome (pid 1130) to free memory
09-15 14:22:38.789  1130  1140 I Whatsapp: Received voice message from +1234567890
09-15 14:22:40.234  1130  1140 I Whatsapp: Playing voice message from +123456789009-15 14:22:18.123  1120  1135 I ActivityManager: Start proc com.whatsapp for activity com.whatsapp/.Main: pid=1150 uid=10042
09-15 14:22:20.456  1130  1135 I Whatsapp: Received message from +1234567890
09-15 14:22:21.789  1130  1135 I Whatsapp: Sending message to +1234567890
09-15 14:22:23.123  1210  1215 I LocationManager: Location updated: lat=37.7749, long=-122.4194
09-15 14:22:25.234  1023  1040 I WifiManager: Disconnected from Wi-Fi network 'HomeNetwork'
09-15 14:22:26.456  1145  1150 I PowerManager: Device entered sleep mode
09-15 14:22:29.123  1130  1140 I Chrome: Loading page https://github.com
09-15 14:22:30.456  1140  1150 I Chrome: Page load finished https://github.com
09-15 14:22:33.678  1120  1135 I SmsManager: Sent SMS to +1122334455
09-15 14:22:35.567  1135  1145 I ActivityManager: Killing process com.android.chrome (pid 1130) to free memory
09-15 14:22:38.789  1130  1140 I Whatsapp: Received voice message from +1234567890
09-15 14:22:40.234  1130  1140 I Whatsapp: Playing voice message from +123456789009-15 14:22:18.123  1120  1135 I ActivityManager: Start proc com.whatsapp for activity com.whatsapp/.Main: pid=1150 uid=10042
09-15 14:22:20.456  1130  1135 I Whatsapp: Received message from +1234567890
09-15 14:22:21.789  1130  1135 I Whatsapp: Sending message to +1234567890
09-15 14:22:23.123  1210  1215 I LocationManager: Location updated: lat=37.7749, long=-122.4194
09-15 14:22:25.234  1023  1040 I WifiManager: Disconnected from Wi-Fi network 'HomeNetwork'
09-15 14:22:26.456  1145  1150 I PowerManager: Device entered sleep mode
09-15 14:22:29.123  1130  1140 I Chrome: Loading page https://github.com
09-15 14:22:30.456  1140  1150 I Chrome: Page load finished https://github.com
09-15 14:22:33.678  1120  1135 I SmsManager: Sent SMS to +1122334455
09-15 14:22:35.567  1135  1145 I ActivityManager: Killing process com.android.chrome (pid 1130) to free memory
09-15 14:22:38.789  1130  1140 I Whatsapp: Received voice message from +1234567890
09-15 14:22:40.234  1130  1140 I Whatsapp: Playing voice message from +123456789009-15 14:22:18.123  1120  1135 I ActivityManager: Start proc com.whatsapp for activity com.whatsapp/.Main: pid=1150 uid=10042
09-15 14:22:20.456  1130  1135 I Whatsapp: Received message from +1234567890
09-15 14:22:21.789  1130  1135 I Whatsapp: Sending message to +1234567890
09-15 14:22:23.123  1210  1215 I LocationManager: Location updated: lat=37.7749, long=-122.4194
09-15 14:22:25.234  1023  1040 I WifiManager: Disconnected from Wi-Fi network 'HomeNetwork'
09-15 14:22:26.456  1145  1150 I PowerManager: Device entered sleep mode
09-15 14:22:29.123  1130  1140 I Chrome: Loading page https://github.com
09-15 14:22:30.456  1140  1150 I Chrome: Page load finished https://github.com
09-15 14:22:33.678  1120  1135 I SmsManager: Sent SMS to +1122334455
09-15 14:22:35.567  1135  1145 I ActivityManager: Killing process com.android.chrome (pid 1130) to free memory
09-15 14:22:38.789  1130  1140 I Whatsapp: Received voice message from +1234567890
09-15 14:22:40.234  1130  1140 I Whatsapp: Playing voice message from +123456789009-15 14:22:18.123  1120  1135 I ActivityManager: Start proc com.whatsapp for activity com.whatsapp/.Main: pid=1150 uid=10042
09-15 14:22:20.456  1130  1135 I Whatsapp: Received message from +1234567890
09-15 14:22:21.789  1130  1135 I Whatsapp: Sending message to +1234567890
09-15 14:22:23.123  1210  1215 I LocationManager: Location updated: lat=37.7749, long=-122.4194
09-15 14:22:25.234  1023  1040 I WifiManager: Disconnected from Wi-Fi network 'HomeNetwork'
09-15 14:22:26.456  1145  1150 I PowerManager: Device entered sleep mode
09-15 14:22:29.123  1130  1140 I Chrome: Loading page https://github.com
09-15 14:22:30.456  1140  1150 I Chrome: Page load finished https://github.com
09-15 14:22:33.678  1120  1135 I SmsManager: Sent SMS to +1122334455
09-15 14:22:35.567  1135  1145 I ActivityManager: Killing process com.android.chrome (pid 1130) to free memory
09-15 14:22:38.789  1130  1140 I Whatsapp: Received voice message from +1234567890
09-15 14:22:40.234  1130  1140 I Whatsapp: Playing voice message from +123456789009-15 14:22:18.123  1120  1135 I ActivityManager: Start proc com.whatsapp for activity com.whatsapp/.Main: pid=1150 uid=10042
09-15 14:22:20.456  1130  1135 I Whatsapp: Received message from +1234567890
09-15 14:22:21.789  1130  1135 I Whatsapp: Sending message to +1234567890
09-15 14:22:23.123  1210  1215 I LocationManager: Location updated: lat=37.7749, long=-122.4194
09-15 14:22:25.234  1023  1040 I WifiManager: Disconnected from Wi-Fi network 'HomeNetwork'
09-15 14:22:26.456  1145  1150 I PowerManager: Device entered sleep mode
09-15 14:22:29.123  1130  1140 I Chrome: Loading page https://github.com
09-15 14:22:30.456  1140  1150 I Chrome: Page load finished https://github.com
09-15 14:22:33.678  1120  1135 I SmsManager: Sent SMS to +1122334455
09-15 14:22:35.567  1135  1145 I ActivityManager: Killing process com.android.chrome (pid 1130) to free memory
09-15 14:22:38.789  1130  1140 I Whatsapp: Received voice message from +1234567890
09-15 14:22:40.234  1130  1140 I Whatsapp: Playing voice message from +123456789009-15 14:22:18.123  1120  1135 I ActivityManager: Start proc com.whatsapp for activity com.whatsapp/.Main: pid=1150 uid=10042
09-15 14:22:20.456  1130  1135 I Whatsapp: Received message from +1234567890
09-15 14:22:21.789  1130  1135 I Whatsapp: Sending message to +1234567890
09-15 14:22:23.123  1210  1215 I LocationManager: Location updated: lat=37.7749, long=-122.4194
09-15 14:22:25.234  1023  1040 I WifiManager: Disconnected from Wi-Fi network 'HomeNetwork'
09-15 14:22:26.456  1145  1150 I PowerManager: Device entered sleep mode
09-15 14:22:29.123  1130  1140 I Chrome: Loading page https://github.com
09-15 14:22:30.456  1140  1150 I Chrome: Page load finished https://github.com
09-15 14:22:33.678  1120  1135 I SmsManager: Sent SMS to +1122334455
09-15 14:22:35.567  1135  1145 I ActivityManager: Killing process com.android.chrome (pid 1130) to free memory
09-15 14:22:38.789  1130  1140 I Whatsapp: Received voice message from +1234567890
09-15 14:22:40.234  1130  1140 I Whatsapp: Playing voice message from +123456789009-15 14:22:18.123  1120  1135 I ActivityManager: Start proc com.whatsapp for activity com.whatsapp/.Main: pid=1150 uid=10042
09-15 14:22:20.456  1130  1135 I Whatsapp: Received message from +1234567890
09-15 14:22:21.789  1130  1135 I Whatsapp: Sending message to +1234567890
09-15 14:22:23.123  1210  1215 I LocationManager: Location updated: lat=37.7749, long=-122.4194
09-15 14:22:25.234  1023  1040 I WifiManager: Disconnected from Wi-Fi network 'HomeNetwork'
09-15 14:22:26.456  1145  1150 I PowerManager: Device entered sleep mode
09-15 14:22:29.123  1130  1140 I Chrome: Loading page https://github.com
09-15 14:22:30.456  1140  1150 I Chrome: Page load finished https://github.com
09-15 14:22:33.678  1120  1135 I SmsManager: Sent SMS to +1122334455
09-15 14:22:35.567  1135  1145 I ActivityManager: Killing process com.android.chrome (pid 1130) to free memory
09-15 14:22:38.789  1130  1140 I Whatsapp: Received voice message from +1234567890
09-15 14:22:40.234  1130  1140 I Whatsapp: Playing voice message from +123456789009-15 14:22:18.123  1120  1135 I ActivityManager: Start proc com.whatsapp for activity com.whatsapp/.Main: pid=1150 uid=10042
09-15 14:22:20.456  1130  1135 I Whatsapp: Received message from +1234567890
09-15 14:22:21.789  1130  1135 I Whatsapp: Sending message to +1234567890
09-15 14:22:23.123  1210  1215 I LocationManager: Location updated: lat=37.7749, long=-122.4194
09-15 14:22:25.234  1023  1040 I WifiManager: Disconnected from Wi-Fi network 'HomeNetwork'
09-15 14:22:26.456  1145  1150 I PowerManager: Device entered sleep mode
09-15 14:22:29.123  1130  1140 I Chrome: Loading page https://github.com
09-15 14:22:30.456  1140  1150 I Chrome: Page load finished https://github.com
09-15 14:22:33.678  1120  1135 I SmsManager: Sent SMS to +1122334455
09-15 14:22:35.567  1135  1145 I ActivityManager: Killing process com.android.chrome (pid 1130) to free memory
09-15 14:22:38.789  1130  1140 I Whatsapp: Received voice message from +1234567890
09-15 14:22:40.234  1130  1140 I Whatsapp: Playing voice message from +123456789009-15 14:22:18.123  1120  1135 I ActivityManager: Start proc com.whatsapp for activity com.whatsapp/.Main: pid=1150 uid=10042
09-15 14:22:20.456  1130  1135 I Whatsapp: Received message from +1234567890
09-15 14:22:21.789  1130  1135 I Whatsapp: Sending message to +1234567890
09-15 14:22:23.123  1210  1215 I LocationManager: Location updated: lat=37.7749, long=-122.4194
09-15 14:22:25.234  1023  1040 I WifiManager: Disconnected from Wi-Fi network 'HomeNetwork'
09-15 14:22:26.456  1145  1150 I PowerManager: Device entered sleep mode
09-15 14:22:29.123  1130  1140 I Chrome: Loading page https://github.com
09-15 14:22:30.456  1140  1150 I Chrome: Page load finished https://github.com
09-15 14:22:33.678  1120  1135 I SmsManager: Sent SMS to +1122334455
09-15 14:22:35.567  1135  1145 I ActivityManager: Killing process com.android.chrome (pid 1130) to free memory
09-15 14:22:38.789  1130  1140 I Whatsapp: Received voice message from +1234567890
09-15 14:22:40.234  1130  1140 I Whatsapp: Playing voice message from +123456789009-15 14:22:18.123  1120  1135 I ActivityManager: Start proc com.whatsapp for activity com.whatsapp/.Main: pid=1150 uid=10042
09-15 14:22:20.456  1130  1135 I Whatsapp: Received message from +1234567890
09-15 14:22:21.789  1130  1135 I Whatsapp: Sending message to +1234567890
09-15 14:22:23.123  1210  1215 I LocationManager: Location updated: lat=37.7749, long=-122.4194
09-15 14:22:25.234  1023  1040 I WifiManager: Disconnected from Wi-Fi network 'HomeNetwork'
09-15 14:22:26.456  1145  1150 I PowerManager: Device entered sleep mode
09-15 14:22:29.123  1130  1140 I Chrome: Loading page https://github.com
09-15 14:22:30.456  1140  1150 I Chrome: Page load finished https://github.com
09-15 14:22:33.678  1120  1135 I SmsManager: Sent SMS to +1122334455
09-15 14:22:35.567  1135  1145 I ActivityManager: Killing process com.android.chrome (pid 1130) to free memory
09-15 14:22:38.789  1130  1140 I Whatsapp: Received voice message from +1234567890
09-15 14:22:40.234  1130  1140 I Whatsapp: Playing voice message from +123456789009-15 14:22:18.123  1120  1135 I ActivityManager: Start proc com.whatsapp for activity com.whatsapp/.Main: pid=1150 uid=10042
09-15 14:22:20.456  1130  1135 I Whatsapp: Received message from +1234567890
09-15 14:22:21.789  1130  1135 I Whatsapp: Sending message to +1234567890
09-15 14:22:23.123  1210  1215 I LocationManager: Location updated: lat=37.7749, long=-122.4194
09-15 14:22:25.234  1023  1040 I WifiManager: Disconnected from Wi-Fi network 'HomeNetwork'
09-15 14:22:26.456  1145  1150 I PowerManager: Device entered sleep mode
09-15 14:22:29.123  1130  1140 I Chrome: Loading page https://github.com
09-15 14:22:30.456  1140  1150 I Chrome: Page load finished https://github.com
09-15 14:22:33.678  1120  1135 I SmsManager: Sent SMS to +1122334455
09-15 14:22:35.567  1135  1145 I ActivityManager: Killing process com.android.chrome (pid 1130) to free memory
09-15 14:22:38.789  1130  1140 I Whatsapp: Received voice message from +1234567890
09-15 14:22:40.234  1130  1140 I Whatsapp: Playing voice message from +123456789009-15 14:22:18.123  1120  1135 I ActivityManager: Start proc com.whatsapp for activity com.whatsapp/.Main: pid=1150 uid=10042
09-15 14:22:20.456  1130  1135 I Whatsapp: Received message from +1234567890
09-15 14:22:21.789  1130  1135 I Whatsapp: Sending message to +1234567890
09-15 14:22:23.123  1210  1215 I LocationManager: Location updated: lat=37.7749, long=-122.4194
09-15 14:22:25.234  1023  1040 I WifiManager: Disconnected from Wi-Fi network 'HomeNetwork'
09-15 14:22:26.456  1145  1150 I PowerManager: Device entered sleep mode
09-15 14:22:29.123  1130  1140 I Chrome: Loading page https://github.com
09-15 14:22:30.456  1140  1150 I Chrome: Page load finished https://github.com
09-15 14:22:33.678  1120  1135 I SmsManager: Sent SMS to +1122334455
09-15 14:22:35.567  1135  1145 I ActivityManager: Killing process com.android.chrome (pid 1130) to free memory
09-15 14:22:38.789  1130  1140 I Whatsapp: Received voice message from +1234567890
09-15 14:22:40.234  1130  1140 I Whatsapp: Playing voice message from +123456789009-15 14:22:18.123  1120  1135 I ActivityManager: Start proc com.whatsapp for activity com.whatsapp/.Main: pid=1150 uid=10042
09-15 14:22:20.456  1130  1135 I Whatsapp: Received message from +1234567890
09-15 14:22:21.789  1130  1135 I Whatsapp: Sending message to +1234567890
09-15 14:22:23.123  1210  1215 I LocationManager: Location updated: lat=37.7749, long=-122.4194
09-15 14:22:25.234  1023  1040 I WifiManager: Disconnected from Wi-Fi network 'HomeNetwork'
09-15 14:22:26.456  1145  1150 I PowerManager: Device entered sleep mode
09-15 14:22:29.123  1130  1140 I Chrome: Loading page https://github.com
09-15 14:22:30.456  1140  1150 I Chrome: Page load finished https://github.com
09-15 14:22:33.678  1120  1135 I SmsManager: Sent SMS to +1122334455
09-15 14:22:35.567  1135  1145 I ActivityManager: Killing process com.android.chrome (pid 1130) to free memory
09-15 14:22:38.789  1130  1140 I Whatsapp: Received voice message from +1234567890
09-15 14:22:40.234  1130  1140 I Whatsapp: Playing voice message from +123456789009-15 14:22:18.123  1120  1135 I ActivityManager: Start proc com.whatsapp for activity com.whatsapp/.Main: pid=1150 uid=10042
09-15 14:22:20.456  1130  1135 I Whatsapp: Received message from +1234567890
09-15 14:22:21.789  1130  1135 I Whatsapp: Sending message to +1234567890
09-15 14:22:23.123  1210  1215 I LocationManager: Location updated: lat=37.7749, long=-122.4194
09-15 14:22:25.234  1023  1040 I WifiManager: Disconnected from Wi-Fi network 'HomeNetwork'
09-15 14:22:26.456  1145  1150 I PowerManager: Device entered sleep mode
09-15 14:22:29.123  1130  1140 I Chrome: Loading page https://github.com
09-15 14:22:30.456  1140  1150 I Chrome: Page load finished https://github.com
09-15 14:22:33.678  1120  1135 I SmsManager: Sent SMS to +1122334455
09-15 14:22:35.567  1135  1145 I ActivityManager: Killing process com.android.chrome (pid 1130) to free memory
09-15 14:22:38.789  1130  1140 I Whatsapp: Received voice message from +1234567890
09-15 14:22:40.234  1130  1140 I Whatsapp: Playing voice message from +123456789009-15 14:22:18.123  1120  1135 I ActivityManager: Start proc com.whatsapp for activity com.whatsapp/.Main: pid=1150 uid=10042
09-15 14:22:20.456  1130  1135 I Whatsapp: Received message from +1234567890
09-15 14:22:21.789  1130  1135 I Whatsapp: Sending message to +1234567890
09-15 14:22:23.123  1210  1215 I LocationManager: Location updated: lat=37.7749, long=-122.4194
09-15 14:22:25.234  1023  1040 I WifiManager: Disconnected from Wi-Fi network 'HomeNetwork'
09-15 14:22:26.456  1145  1150 I PowerManager: Device entered sleep mode
09-15 14:22:29.123  1130  1140 I Chrome: Loading page https://github.com
09-15 14:22:30.456  1140  1150 I Chrome: Page load finished https://github.com
09-15 14:22:33.678  1120  1135 I SmsManager: Sent SMS to +1122334455
09-15 14:22:35.567  1135  1145 I ActivityManager: Killing process com.android.chrome (pid 1130) to free memory
09-15 14:22:38.789  1130  1140 I Whatsapp: Received voice message from +1234567890
09-15 14:22:40.234  1130  1140 I Whatsapp: Playing voice message from +1234567890
09-15 12:36:02.678  1223  1254 W AnubisMalware: Exfiltrating SMS messages to C2 server
09-15 12:36:05.234  1140  1150 I Chrome: Page load finished https://example-secure.com
09-15 12:36:07.123  1210  1215 I BatteryManager: Battery level: 60%
09-15 12:36:09.789  1101  1115 I SmsManager: Sent SMS to +9988776655
09-15 12:36:11.234  1120  1130 W AnubisMalware: Attempting to disable Android security features
09-15 12:36:13.567  1140  1150 W Chrome: Warning: Redirect detected on https://malicious-website.com
09-15 12:36:15.789  1101  1115 I SmsManager: Sent SMS to +5544332211
09-15 12:36:18.567  1145  1155 E AnubisMalware: Overlaying fake banking login screen again
09-15 12:36:21.123  1130  1135 I Chrome: Page load finished https://safe-banking.com
09-15 12:36:23.678  1123  1132 W AnubisMalware: Installing malicious APK in background
09-15 12:36:25.234  1210  1215 I BatteryManager: Battery level: 55%
09-15 12:36:27.567  1140  1150 W AnubisKeylogger: Captured password input: 'AnotherPassword123'
09-15 12:36:30.123  1130  1135 I Chrome: User opened https://legitimate-website.com
09-15 14:22:18.123  1120  1135 I ActivityManager: Start proc com.whatsapp for activity com.whatsapp/.Main: pid=1150 uid=10042
09-15 14:22:20.456  1130  1135 I Whatsapp: Received message from +1234567890
09-15 14:22:21.789  1130  1135 I Whatsapp: Sending message to +1234567890
09-15 14:22:23.123  1210  1215 I LocationManager: Location updated: lat=37.7749, long=-122.4194
09-15 14:22:25.234  1023  1040 I WifiManager: Disconnected from Wi-Fi network 'HomeNetwork'
09-15 14:22:26.456  1145  1150 I PowerManager: Device entered sleep mode
09-15 14:22:29.123  1130  1140 I Chrome: Loading page https://github.com
09-15 14:22:30.456  1140  1150 I Chrome: Page load finished https://github.com
09-15 14:22:33.678  1120  1135 I SmsManager: Sent SMS to +1122334455
09-15 14:22:35.567  1135  1145 I ActivityManager: Killing process com.android.chrome (pid 1130) to free memory
