--------- beginning of system
09-15 12:34:01.456  1123  1123 I ActivityManager: Start proc com.android.chrome for activity com.android.chrome/.Main: pid=1130 uid=10032
09-15 14:22:03.123  1023  1025 I PowerManager: Device entered wake mode
09-15 14:22:04.456  1130  1135 I ActivityManager: Start proc com.android.chrome for activity com.android.chrome/.Main: pid=1130 uid=10032
09-15 14:22:05.789  1130  1140 I Chrome: Loading page https://news.google.com
09-15 14:22:07.234  1210  1211 I BatteryManager: Battery level: 80%
09-15 14:22:09.678  1140  1135 I Chrome: Page load finished https://news.google.com
09-15 14:22:10.789  1123  1130 I SmsManager: Received SMS from +987654321
09-15 14:22:12.567  1023  1045 I WifiManager: Connected to Wi-Fi network 'HomeNetwork'
09-15 14:22:15.234  1105  1110 I BluetoothManager: Bluetooth connected to 'CarAudio'
09-15 14:22:18.123  1120  1135 I ActivityManager: Start proc com.whatsapp for activity com.whatsapp/.Main: pid=1150 uid=10042
09-15 14:22:20.456  1130  1135 I Whatsapp: Received message from +1234567890
09-15 14:22:21.789  1130  1135 I Whatsapp: Sending message to +1234567890
09-15 14:22:23.123  1210  1215 I LocationManager: Location updated: lat=37.7749, long=-122.4194
09-15 14:22:25.234  1023  1040 I WifiManager: Disconnected from Wi-Fi network 'HomeNetwork'
09-15 14:22:18.123  1120  1135 I ActivityManager: Start proc com.whatsapp for activity com.whatsapp/.Main: pid=1150 uid=10042
09-15 14:22:20.456  1130  1135 I Whatsapp: Received message from +1234567890
09-15 14:22:21.789  1130  1135 I Whatsapp: Sending message to +1234567890
09-15 14:22:23.123  1210  1215 I LocationManager: Location updated: lat=37.7749, long=-122.4194
09-15 14:22:25.234  1023  1040 I WifiManager: Disconnected from Wi-Fi network 'HomeNetwork'
09-15 14:22:26.456  1145  1150 I PowerManager: Device entered sleep mode
09-15 14:22:29.123  1130  1140 I Chrome: Loading page https://github.com
09-15 14:22:30.456  1140  1150 I Chrome: Page load finished https://github.com
09-15 14:22:33.678  1120  1135 I SmsManager: Sent SMS to +1122334455
09-15 14:22:35.567  1135  1145 I ActivityManager: Killing process com.android.chrome (pid 1130) to free memory
09-15 14:22:38.789  1130  1140 I Whatsapp: Received voice message from +1234567890
09-15 14:22:40.234  1130  1140 I Whatsapp: Playing voice message from +123456789009-15 14:22:18.123  1120  1135 I ActivityManager: Start proc com.whatsapp for activity com.whatsapp/.Main: pid=1150 uid=10042
09-15 14:22:20.456  1130  1135 I Whatsapp: Received message from +1234567890
09-15 14:22:21.789  1130  1135 I Whatsapp: Sending message to +1234567890
09-15 14:22:23.123  1210  1215 I LocationManager: Location updated: lat=37.7749, long=-122.4194
09-15 14:22:25.234  1023  1040 I WifiManager: Disconnected from Wi-Fi network 'HomeNetwork'
09-15 14:22:26.456  1145  1150 I PowerManager: Device entered sleep mode
09-15 14:22:29.123  1130  1140 I Chrome: Loading page https://github.com
09-15 14:22:30.456  1140  1150 I Chrome: Page load finished https://github.com
09-15 14:22:33.678  1120  1135 I SmsManager: Sent SMS to +1122334455
09-15 14:22:35.567  1135  1145 I ActivityManager: Killing process com.android.chrome (pid 1130) to free memory
09-15 14:22:38.789  1130  1140 I Whatsapp: Received voice message from +1234567890
09-15 14:22:40.234  1130  1140 I Whatsapp: Playing voice message from +123456789009-15 14:22:18.123  1120  1135 I ActivityManager: Start proc com.whatsapp for activity com.whatsapp/.Main: pid=1150 uid=10042
09-15 14:22:20.456  1130  1135 I Whatsapp: Received message from +1234567890
09-15 14:22:21.789  1130  1135 I Whatsapp: Sending message to +1234567890
09-15 14:22:23.123  1210  1215 I LocationManager: Location updated: lat=37.7749, long=-122.4194
09-15 14:22:25.234  1023  1040 I WifiManager: Disconnected from Wi-Fi network 'HomeNetwork'
09-15 14:22:26.456  1145  1150 I PowerManager: Device entered sleep mode
09-15 14:22:29.123  1130  1140 I Chrome: Loading page https://github.com
09-15 14:22:30.456  1140  1150 I Chrome: Page load finished https://github.com
09-15 14:22:33.678  1120  1135 I SmsManager: Sent SMS to +1122334455
09-15 14:22:35.567  1135  1145 I ActivityManager: Killing process com.android.chrome (pid 1130) to free memory
09-15 14:22:38.789  1130  1140 I Whatsapp: Received voice message from +1234567890
09-15 14:22:40.234  1130  1140 I Whatsapp: Playing voice message from +123456789009-15 14:22:18.123  1120  1135 I ActivityManager: Start proc com.whatsapp for activity com.whatsapp/.Main: pid=1150 uid=10042
09-15 14:22:20.456  1130  1135 I Whatsapp: Received message from +1234567890
09-15 14:22:21.789  1130  1135 I Whatsapp: Sending message to +1234567890
09-15 14:22:23.123  1210  1215 I LocationManager: Location updated: lat=37.7749, long=-122.4194
09-15 14:22:25.234  1023  1040 I WifiManager: Disconnected from Wi-Fi network 'HomeNetwork'
09-15 14:22:26.456  1145  1150 I PowerManager: Device entered sleep mode
09-15 14:22:29.123  1130  1140 I Chrome: Loading page https://github.com
09-15 14:22:30.456  1140  1150 I Chrome: Page load finished https://github.com
09-15 14:22:33.678  1120  1135 I SmsManager: Sent SMS to +1122334455
09-15 14:22:35.567  1135  1145 I ActivityManager: Killing process com.android.chrome (pid 1130) to free memory
09-15 14:22:38.789  1130  1140 I Whatsapp: Received voice message from +1234567890
09-15 14:22:40.234  1130  1140 I Whatsapp: Playing voice message from +123456789009-15 14:22:18.123  1120  1135 I ActivityManager: Start proc com.whatsapp for activity com.whatsapp/.Main: pid=1150 uid=10042
09-15 14:22:20.456  1130  1135 I Whatsapp: Received message from +1234567890
09-15 14:22:21.789  1130  1135 I Whatsapp: Sending message to +1234567890
09-15 14:22:23.123  1210  1215 I LocationManager: Location updated: lat=37.7749, long=-122.4194
09-15 14:22:25.234  1023  1040 I WifiManager: Disconnected from Wi-Fi network 'HomeNetwork'
09-15 14:22:26.456  1145  1150 I PowerManager: Device entered sleep mode
09-15 14:22:29.123  1130  1140 I Chrome: Loading page https://github.com
09-15 14:22:30.456  1140  1150 I Chrome: Page load finished https://github.com
09-15 14:22:33.678  1120  1135 I SmsManager: Sent SMS to +1122334455
09-15 14:22:35.567  1135  1145 I ActivityManager: Killing process com.android.chrome (pid 1130) to free memory
09-15 14:22:38.789  1130  1140 I Whatsapp: Received voice message from +1234567890
09-15 14:22:40.234  1130  1140 I Whatsapp: Playing voice message from +123456789009-15 14:22:18.123  1120  1135 I ActivityManager: Start proc com.whatsapp for activity com.whatsapp/.Main: pid=1150 uid=10042
09-15 14:22:20.456  1130  1135 I Whatsapp: Received message from +1234567890
09-15 14:22:21.789  1130  1135 I Whatsapp: Sending message to +1234567890
09-15 14:22:23.123  1210  1215 I LocationManager: Location updated: lat=37.7749, long=-122.4194
09-15 14:22:25.234  1023  1040 I WifiManager: Disconnected from Wi-Fi network 'HomeNetwork'
09-15 14:22:26.456  1145  1150 I PowerManager: Device entered sleep mode
09-15 14:22:29.123  1130  1140 I Chrome: Loading page https://github.com
09-15 14:22:30.456  1140  1150 I Chrome: Page load finished https://github.com
09-15 14:22:33.678  1120  1135 I SmsManager: Sent SMS to +1122334455
09-15 14:22:35.567  1135  1145 I ActivityManager: Killing process com.android.chrome (pid 1130) to free memory
09-15 14:22:38.789  1130  1140 I Whatsapp: Received voice message from +1234567890
09-15 14:22:40.234  1130  1140 I Whatsapp: Playing voice message from +123456789009-15 14:22:18.123  1120  1135 I ActivityManager: Start proc com.whatsapp for activity com.whatsapp/.Main: pid=1150 uid=10042
09-15 14:22:20.456  1130  1135 I Whatsapp: Received message from +1234567890
09-15 14:22:21.789  1130  1135 I Whatsapp: Sending message to +1234567890
09-15 14:22:23.123  1210  1215 I LocationManager: Location updated: lat=37.7749, long=-122.4194
09-15 14:22:25.234  1023  1040 I WifiManager: Disconnected from Wi-Fi network 'HomeNetwork'
09-15 14:22:26.456  1145  1150 I PowerManager: Device entered sleep mode
09-15 14:22:29.123  1130  1140 I Chrome: Loading page https://github.com
09-15 14:22:30.456  1140  1150 I Chrome: Page load finished https://github.com
09-15 14:22:33.678  1120  1135 I SmsManager: Sent SMS to +1122334455
09-15 14:22:35.567  1135  1145 I ActivityManager: Killing process com.android.chrome (pid 1130) to free memory
09-15 14:22:38.789  1130  1140 I Whatsapp: Received voice message from +1234567890
09-15 14:22:40.234  1130  1140 I Whatsapp: Playing voice message from +123456789009-15 14:22:18.123  1120  1135 I ActivityManager: Start proc com.whatsapp for activity com.whatsapp/.Main: pid=1150 uid=10042
09-15 14:22:20.456  1130  1135 I Whatsapp: Received message from +1234567890
09-15 14:22:21.789  1130  1135 I Whatsapp: Sending message to +1234567890
09-15 14:22:23.123  1210  1215 I LocationManager: Location updated: lat=37.7749, long=-122.4194
09-15 14:22:25.234  1023  1040 I WifiManager: Disconnected from Wi-Fi network 'HomeNetwork'
09-15 14:22:26.456  1145  1150 I PowerManager: Device entered sleep mode
09-15 14:22:29.123  1130  1140 I Chrome: Loading page https://github.com
09-15 14:22:30.456  1140  1150 I Chrome: Page load finished https://github.com
09-15 14:22:33.678  1120  1135 I SmsManager: Sent SMS to +1122334455
09-15 14:22:35.567  1135  1145 I ActivityManager: Killing process com.android.chrome (pid 1130) to free memory
09-15 14:22:38.789  1130  1140 I Whatsapp: Received voice message from +1234567890
09-15 14:22:40.234  1130  1140 I Whatsapp: Playing voice message from +123456789009-15 14:22:18.123  1120  1135 I ActivityManager: Start proc com.whatsapp for activity com.whatsapp/.Main: pid=1150 uid=10042
09-15 14:22:20.456  1130  1135 I Whatsapp: Received message from +1234567890
09-15 14:22:21.789  1130  1135 I Whatsapp: Sending message to +1234567890
09-15 14:22:23.123  1210  1215 I LocationManager: Location updated: lat=37.7749, long=-122.4194
09-15 14:22:25.234  1023  1040 I WifiManager: Disconnected from Wi-Fi network 'HomeNetwork'
09-15 14:22:26.456  1145  1150 I PowerManager: Device entered sleep mode
09-15 14:22:29.123  1130  1140 I Chrome: Loading page https://github.com
09-15 14:22:30.456  1140  1150 I Chrome: Page load finished https://github.com
09-15 14:22:33.678  1120  1135 I SmsManager: Sent SMS to +1122334455
09-15 14:22:35.567  1135  1145 I ActivityManager: Killing process com.android.chrome (pid 1130) to free memory
09-15 14:22:38.789  1130  1140 I Whatsapp: Received voice message from +1234567890
09-15 14:22:40.234  1130  1140 I Whatsapp: Playing voice message from +123456789009-15 14:22:18.123  1120  1135 I ActivityManager: Start proc com.whatsapp for activity com.whatsapp/.Main: pid=1150 uid=10042
09-15 14:22:20.456  1130  1135 I Whatsapp: Received message from +1234567890
09-15 14:22:21.789  1130  1135 I Whatsapp: Sending message to +1234567890
09-15 14:22:23.123  1210  1215 I LocationManager: Location updated: lat=37.7749, long=-122.4194
09-15 14:22:25.234  1023  1040 I WifiManager: Disconnected from Wi-Fi network 'HomeNetwork'
09-15 14:22:26.456  1145  1150 I PowerManager: Device entered sleep mode
09-15 14:22:29.123  1130  1140 I Chrome: Loading page https://github.com
09-15 14:22:30.456  1140  1150 I Chrome: Page load finished https://github.com
09-15 14:22:33.678  1120  1135 I SmsManager: Sent SMS to +1122334455
09-15 14:22:35.567  1135  1145 I ActivityManager: Killing process com.android.chrome (pid 1130) to free memory
09-15 14:22:38.789  1130  1140 I Whatsapp: Received voice message from +1234567890
09-15 14:22:40.234  1130  1140 I Whatsapp: Playing voice message from +123456789009-15 14:22:18.123  1120  1135 I ActivityManager: Start proc com.whatsapp for activity com.whatsapp/.Main: pid=1150 uid=10042
09-15 14:22:20.456  1130  1135 I Whatsapp: Received message from +1234567890
09-15 14:22:21.789  1130  1135 I Whatsapp: Sending message to +1234567890
09-15 14:22:23.123  1210  1215 I LocationManager: Location updated: lat=37.7749, long=-122.4194
09-15 14:22:25.234  1023  1040 I WifiManager: Disconnected from Wi-Fi network 'HomeNetwork'
09-15 14:22:26.456  1145  1150 I PowerManager: Device entered sleep mode
09-15 14:22:29.123  1130  1140 I Chrome: Loading page https://github.com
09-15 14:22:30.456  1140  1150 I Chrome: Page load finished https://github.com
09-15 14:22:33.678  1120  1135 I SmsManager: Sent SMS to +1122334455
09-15 14:22:35.567  1135  1145 I ActivityManager: Killing process com.android.chrome (pid 1130) to free memory
09-15 14:22:38.789  1130  1140 I Whatsapp: Received voice message from +1234567890
09-15 14:22:40.234  1130  1140 I Whatsapp: Playing voice message from +123456789009-15 14:22:18.123  1120  1135 I ActivityManager: Start proc com.whatsapp for activity com.whatsapp/.Main: pid=1150 uid=10042
09-15 14:22:20.456  1130  1135 I Whatsapp: Received message from +1234567890
09-15 14:22:21.789  1130  1135 I Whatsapp: Sending message to +1234567890
09-15 14:22:23.123  1210  1215 I LocationManager: Location updated: lat=37.7749, long=-122.4194
09-15 14:22:25.234  1023  1040 I WifiManager: Disconnected from Wi-Fi network 'HomeNetwork'
09-15 14:22:26.456  1145  1150 I PowerManager: Device entered sleep mode
09-15 14:22:29.123  1130  1140 I Chrome: Loading page https://github.com
09-15 14:22:30.456  1140  1150 I Chrome: Page load finished https://github.com
09-15 14:22:33.678  1120  1135 I SmsManager: Sent SMS to +1122334455
09-15 14:22:35.567  1135  1145 I ActivityManager: Killing process com.android.chrome (pid 1130) to free memory
09-15 14:22:38.789  1130  1140 I Whatsapp: Received voice message from +1234567890
09-15 14:22:40.234  1130  1140 I Whatsapp: Playing voice message from +123456789009-15 14:22:18.123  1120  1135 I ActivityManager: Start proc com.whatsapp for activity com.whatsapp/.Main: pid=1150 uid=10042
09-15 14:22:20.456  1130  1135 I Whatsapp: Received message from +1234567890
09-15 14:22:21.789  1130  1135 I Whatsapp: Sending message to +1234567890
09-15 14:22:23.123  1210  1215 I LocationManager: Location updated: lat=37.7749, long=-122.4194
09-15 14:22:25.234  1023  1040 I WifiManager: Disconnected from Wi-Fi network 'HomeNetwork'
09-15 14:22:26.456  1145  1150 I PowerManager: Device entered sleep mode
09-15 14:22:29.123  1130  1140 I Chrome: Loading page https://github.com
09-15 14:22:30.456  1140  1150 I Chrome: Page load finished https://github.com
09-15 14:22:33.678  1120  1135 I SmsManager: Sent SMS to +1122334455
09-15 14:22:35.567  1135  1145 I ActivityManager: Killing process com.android.chrome (pid 1130) to free memory
09-15 14:22:38.789  1130  1140 I Whatsapp: Received voice message from +1234567890
09-15 14:22:40.234  1130  1140 I Whatsapp: Playing voice message from +123456789009-15 14:22:18.123  1120  1135 I ActivityManager: Start proc com.whatsapp for activity com.whatsapp/.Main: pid=1150 uid=10042
09-15 14:22:20.456  1130  1135 I Whatsapp: Received message from +1234567890
09-15 14:22:21.789  1130  1135 I Whatsapp: Sending message to +1234567890
09-15 14:22:23.123  1210  1215 I LocationManager: Location updated: lat=37.7749, long=-122.4194
09-15 14:22:25.234  1023  1040 I WifiManager: Disconnected from Wi-Fi network 'HomeNetwork'
09-15 14:22:26.456  1145  1150 I PowerManager: Device entered sleep mode
09-15 14:22:29.123  1130  1140 I Chrome: Loading page https://github.com
09-15 14:22:30.456  1140  1150 I Chrome: Page load finished https://github.com
09-15 14:22:33.678  1120  1135 I SmsManager: Sent SMS to +1122334455
09-15 14:22:35.567  1135  1145 I ActivityManager: Killing process com.android.chrome (pid 1130) to free memory
09-15 14:22:38.789  1130  1140 I Whatsapp: Received voice message from +1234567890
09-15 14:22:40.234  1130  1140 I Whatsapp: Playing voice message from +123456789009-15 14:22:18.123  1120  1135 I ActivityManager: Start proc com.whatsapp for activity com.whatsapp/.Main: pid=1150 uid=10042
09-15 14:22:20.456  1130  1135 I Whatsapp: Received message from +1234567890
09-15 14:22:21.789  1130  1135 I Whatsapp: Sending message to +1234567890
09-15 14:22:23.123  1210  1215 I LocationManager: Location updated: lat=37.7749, long=-122.4194
09-15 14:22:25.234  1023  1040 I WifiManager: Disconnected from Wi-Fi network 'HomeNetwork'
09-15 14:22:26.456  1145  1150 I PowerManager: Device entered sleep mode
09-15 14:22:29.123  1130  1140 I Chrome: Loading page https://github.com
09-15 14:22:30.456  1140  1150 I Chrome: Page load finished https://github.com
09-15 14:22:33.678  1120  1135 I SmsManager: Sent SMS to +1122334455
09-15 14:22:35.567  1135  1145 I ActivityManager: Killing process com.android.chrome (pid 1130) to free memory
09-15 14:22:38.789  1130  1140 I Whatsapp: Received voice message from +1234567890
09-15 14:22:40.234  1130  1140 I Whatsapp: Playing voice message from +123456789009-15 14:22:18.123  1120  1135 I ActivityManager: Start proc com.whatsapp for activity com.whatsapp/.Main: pid=1150 uid=10042
09-15 14:22:20.456  1130  1135 I Whatsapp: Received message from +1234567890
09-15 14:22:21.789  1130  1135 I Whatsapp: Sending message to +1234567890
09-15 14:22:23.123  1210  1215 I LocationManager: Location updated: lat=37.7749, long=-122.4194
09-15 14:22:25.234  1023  1040 I WifiManager: Disconnected from Wi-Fi network 'HomeNetwork'
09-15 14:22:26.456  1145  1150 I PowerManager: Device entered sleep mode
09-15 14:22:29.123  1130  1140 I Chrome: Loading page https://github.com
09-15 14:22:30.456  1140  1150 I Chrome: Page load finished https://github.com
09-15 14:22:33.678  1120  1135 I SmsManager: Sent SMS to +1122334455
09-15 14:22:35.567  1135  1145 I ActivityManager: Killing process com.android.chrome (pid 1130) to free memory
09-15 14:22:38.789  1130  1140 I Whatsapp: Received voice message from +1234567890
09-15 14:22:40.234  1130  1140 I Whatsapp: Playing voice message from +123456789009-15 14:22:18.123  1120  1135 I ActivityManager: Start proc com.whatsapp for activity com.whatsapp/.Main: pid=1150 uid=10042
09-15 14:22:20.456  1130  1135 I Whatsapp: Received message from +1234567890
09-15 14:22:21.789  1130  1135 I Whatsapp: Sending message to +1234567890
09-15 14:22:23.123  1210  1215 I LocationManager: Location updated: lat=37.7749, long=-122.4194
09-15 14:22:25.234  1023  1040 I WifiManager: Disconnected from Wi-Fi network 'HomeNetwork'
09-15 14:22:26.456  1145  1150 I PowerManager: Device entered sleep mode
09-15 14:22:29.123  1130  1140 I Chrome: Loading page https://github.com
09-15 14:22:30.456  1140  1150 I Chrome: Page load finished https://github.com
09-15 14:22:33.678  1120  1135 I SmsManager: Sent SMS to +1122334455
09-15 14:22:35.567  1135  1145 I ActivityManager: Killing process com.android.chrome (pid 1130) to free memory
09-15 14:22:38.789  1130  1140 I Whatsapp: Received voice message from +1234567890
09-15 14:22:40.234  1130  1140 I Whatsapp: Playing voice message from +123456789009-15 14:22:18.123  1120  1135 I ActivityManager: Start proc com.whatsapp for activity com.whatsapp/.Main: pid=1150 uid=10042
09-15 14:22:20.456  1130  1135 I Whatsapp: Received message from +1234567890
09-15 14:22:21.789  1130  1135 I Whatsapp: Sending message to +1234567890
09-15 14:22:23.123  1210  1215 I LocationManager: Location updated: lat=37.7749, long=-122.4194
09-15 14:22:25.234  1023  1040 I WifiManager: Disconnected from Wi-Fi network 'HomeNetwork'
09-15 14:22:26.456  1145  1150 I PowerManager: Device entered sleep mode
09-15 14:22:29.123  1130  1140 I Chrome: Loading page https://github.com
09-15 14:22:30.456  1140  1150 I Chrome: Page load finished https://github.com
09-15 14:22:33.678  1120  1135 I SmsManager: Sent SMS to +1122334455
09-15 14:22:35.567  1135  1145 I ActivityManager: Killing process com.android.chrome (pid 1130) to free memory
09-15 14:22:38.789  1130  1140 I Whatsapp: Received voice message from +1234567890
09-15 14:22:40.234  1130  1140 I Whatsapp: Playing voice message from +123456789009-15 14:22:18.123  1120  1135 I ActivityManager: Start proc com.whatsapp for activity com.whatsapp/.Main: pid=1150 uid=10042
09-15 14:22:20.456  1130  1135 I Whatsapp: Received message from +1234567890
09-15 14:22:21.789  1130  1135 I Whatsapp: Sending message to +1234567890
09-15 14:22:23.123  1210  1215 I LocationManager: Location updated: lat=37.7749, long=-122.4194
09-15 14:22:25.234  1023  1040 I WifiManager: Disconnected from Wi-Fi network 'HomeNetwork'
09-15 14:22:26.456  1145  1150 I PowerManager: Device entered sleep mode
09-15 14:22:29.123  1130  1140 I Chrome: Loading page https://github.com
09-15 14:22:30.456  1140  1150 I Chrome: Page load finished https://github.com
09-15 14:22:33.678  1120  1135 I SmsManager: Sent SMS to +1122334455
09-15 14:22:35.567  1135  1145 I ActivityManager: Killing process com.android.chrome (pid 1130) to free memory
09-15 14:22:38.789  1130  1140 I Whatsapp: Received voice message from +1234567890
09-15 14:22:40.234  1130  1140 I Whatsapp: Playing voice message from +123456789009-15 14:22:18.123  1120  1135 I ActivityManager: Start proc com.whatsapp for activity com.whatsapp/.Main: pid=1150 uid=10042
09-15 14:22:20.456  1130  1135 I Whatsapp: Received message from +1234567890
09-15 14:22:21.789  1130  1135 I Whatsapp: Sending message to +1234567890
09-15 14:22:23.123  1210  1215 I LocationManager: Location updated: lat=37.7749, long=-122.4194
09-15 14:22:25.234  1023  1040 I WifiManager: Disconnected from Wi-Fi network 'HomeNetwork'
09-15 14:22:26.456  1145  1150 I PowerManager: Device entered sleep mode
09-15 14:22:29.123  1130  1140 I Chrome: Loading page https://github.com
09-15 14:22:30.456  1140  1150 I Chrome: Page load finished https://github.com
09-15 14:22:33.678  1120  1135 I SmsManager: Sent SMS to +1122334455
09-15 14:22:35.567  1135  1145 I ActivityManager: Killing process com.android.chrome (pid 1130) to free memory
09-15 14:22:38.789  1130  1140 I Whatsapp: Received voice message from +1234567890
09-15 14:22:40.234  1130  1140 I Whatsapp: Playing voice message from +123456789009-15 14:22:18.123  1120  1135 I ActivityManager: Start proc com.whatsapp for activity com.whatsapp/.Main: pid=1150 uid=10042
09-15 14:22:20.456  1130  1135 I Whatsapp: Received message from +1234567890
09-15 14:22:21.789  1130  1135 I Whatsapp: Sending message to +1234567890
09-15 14:22:23.123  1210  1215 I LocationManager: Location updated: lat=37.7749, long=-122.4194
09-15 14:22:25.234  1023  1040 I WifiManager: Disconnected from Wi-Fi network 'HomeNetwork'
09-15 14:22:26.456  1145  1150 I PowerManager: Device entered sleep mode
09-15 14:22:29.123  1130  1140 I Chrome: Loading page https://github.com
09-15 14:22:30.456  1140  1150 I Chrome: Page load finished https://github.com
09-15 14:22:33.678  1120  1135 I SmsManager: Sent SMS to +1122334455
09-15 14:22:35.567  1135  1145 I ActivityManager: Killing process com.android.chrome (pid 1130) to free memory
09-15 14:22:38.789  1130  1140 I Whatsapp: Received voice message from +1234567890
09-15 14:22:40.234  1130  1140 I Whatsapp: Playing voice message from +123456789009-15 14:22:18.123  1120  1135 I ActivityManager: Start proc com.whatsapp for activity com.whatsapp/.Main: pid=1150 uid=10042
09-15 14:22:20.456  1130  1135 I Whatsapp: Received message from +1234567890
09-15 14:22:21.789  1130  1135 I Whatsapp: Sending message to +1234567890
09-15 14:22:23.123  1210  1215 I LocationManager: Location updated: lat=37.7749, long=-122.4194
09-15 14:22:25.234  1023  1040 I WifiManager: Disconnected from Wi-Fi network 'HomeNetwork'
09-15 14:22:26.456  1145  1150 I PowerManager: Device entered sleep mode
09-15 14:22:29.123  1130  1140 I Chrome: Loading page https://github.com
09-15 14:22:30.456  1140  1150 I Chrome: Page load finished https://github.com
09-15 14:22:33.678  1120  1135 I SmsManager: Sent SMS to +1122334455
09-15 14:22:35.567  1135  1145 I ActivityManager: Killing process com.android.chrome (pid 1130) to free memory
09-15 14:22:38.789  1130  1140 I Whatsapp: Received voice message from +1234567890
09-15 14:22:40.234  1130  1140 I Whatsapp: Playing voice message from +123456789009-15 14:22:18.123  1120  1135 I ActivityManager: Start proc com.whatsapp for activity com.whatsapp/.Main: pid=1150 uid=10042
09-15 14:22:20.456  1130  1135 I Whatsapp: Received message from +1234567890
09-15 14:22:21.789  1130  1135 I Whatsapp: Sending message to +1234567890
09-15 14:22:23.123  1210  1215 I LocationManager: Location updated: lat=37.7749, long=-122.4194
09-15 14:22:25.234  1023  1040 I WifiManager: Disconnected from Wi-Fi network 'HomeNetwork'
09-15 14:22:26.456  1145  1150 I PowerManager: Device entered sleep mode
09-15 14:22:29.123  1130  1140 I Chrome: Loading page https://github.com
09-15 14:22:30.456  1140  1150 I Chrome: Page load finished https://github.com
09-15 14:22:33.678  1120  1135 I SmsManager: Sent SMS to +1122334455
09-15 14:22:35.567  1135  1145 I ActivityManager: Killing process com.android.chrome (pid 1130) to free memory
09-15 14:22:38.789  1130  1140 I Whatsapp: Received voice message from +1234567890
09-15 14:22:40.234  1130  1140 I Whatsapp: Playing voice message from +123456789009-15 14:22:18.123  1120  1135 I ActivityManager: Start proc com.whatsapp for activity com.whatsapp/.Main: pid=1150 uid=10042
09-15 14:22:20.456  1130  1135 I Whatsapp: Received message from +1234567890
09-15 14:22:21.789  1130  1135 I Whatsapp: Sending message to +1234567890
09-15 14:22:23.123  1210  1215 I LocationManager: Location updated: lat=37.7749, long=-122.4194
09-15 14:22:25.234  1023  1040 I WifiManager: Disconnected from Wi-Fi network 'HomeNetwork'
09-15 14:22:26.456  1145  1150 I PowerManager: Device entered sleep mode
09-15 14:22:29.123  1130  1140 I Chrome: Loading page https://github.com
09-15 14:22:30.456  1140  1150 I Chrome: Page load finished https://github.com
09-15 14:22:33.678  1120  1135 I SmsManager: Sent SMS to +1122334455
09-15 14:22:35.567  1135  1145 I ActivityManager: Killing process com.android.chrome (pid 1130) to free memory
09-15 14:22:38.789  1130  1140 I Whatsapp: Received voice message from +1234567890
09-15 14:22:40.234  1130  1140 I Whatsapp: Playing voice message from +123456789009-15 14:22:18.123  1120  1135 I ActivityManager: Start proc com.whatsapp for activity com.whatsapp/.Main: pid=1150 uid=10042
09-15 14:22:20.456  1130  1135 I Whatsapp: Received message from +1234567890
09-15 14:22:21.789  1130  1135 I Whatsapp: Sending message to +1234567890
09-15 14:22:23.123  1210  1215 I LocationManager: Location updated: lat=37.7749, long=-122.4194
09-15 14:22:25.234  1023  1040 I WifiManager: Disconnected from Wi-Fi network 'HomeNetwork'
09-15 14:22:26.456  1145  1150 I PowerManager: Device entered sleep mode
09-15 14:22:29.123  1130  1140 I Chrome: Loading page https://github.com
09-15 14:22:30.456  1140  1150 I Chrome: Page load finished https://github.com
09-15 14:22:33.678  1120  1135 I SmsManager: Sent SMS to +1122334455
09-15 14:22:35.567  1135  1145 I ActivityManager: Killing process com.android.chrome (pid 1130) to free memory
09-15 14:22:38.789  1130  1140 I Whatsapp: Received voice message from +1234567890
09-15 14:22:40.234  1130  1140 I Whatsapp: Playing voice message from +123456789009-15 14:22:18.123  1120  1135 I ActivityManager: Start proc com.whatsapp for activity com.whatsapp/.Main: pid=1150 uid=10042
09-15 14:22:20.456  1130  1135 I Whatsapp: Received message from +1234567890
09-15 14:22:21.789  1130  1135 I Whatsapp: Sending message to +1234567890
09-15 14:22:23.123  1210  1215 I LocationManager: Location updated: lat=37.7749, long=-122.4194
09-15 14:22:25.234  1023  1040 I WifiManager: Disconnected from Wi-Fi network 'HomeNetwork'
09-15 14:22:26.456  1145  1150 I PowerManager: Device entered sleep mode
09-15 14:22:29.123  1130  1140 I Chrome: Loading page https://github.com
09-15 14:22:30.456  1140  1150 I Chrome: Page load finished https://github.com
09-15 14:22:33.678  1120  1135 I SmsManager: Sent SMS to +1122334455
09-15 14:22:35.567  1135  1145 I ActivityManager: Killing process com.android.chrome (pid 1130) to free memory
09-15 14:22:38.789  1130  1140 I Whatsapp: Received voice message from +1234567890
09-15 14:22:40.234  1130  1140 I Whatsapp: Playing voice message from +123456789009-15 14:22:18.123  1120  1135 I ActivityManager: Start proc com.whatsapp for activity com.whatsapp/.Main: pid=1150 uid=10042
09-15 14:22:20.456  1130  1135 I Whatsapp: Received message from +1234567890
09-15 14:22:21.789  1130  1135 I Whatsapp: Sending message to +1234567890
09-15 14:22:23.123  1210  1215 I LocationManager: Location updated: lat=37.7749, long=-122.4194
09-15 14:22:25.234  1023  1040 I WifiManager: Disconnected from Wi-Fi network 'HomeNetwork'
09-15 14:22:26.456  1145  1150 I PowerManager: Device entered sleep mode
09-15 14:22:29.123  1130  1140 I Chrome: Loading page https://github.com
09-15 14:22:30.456  1140  1150 I Chrome: Page load finished https://github.com
09-15 14:22:33.678  1120  1135 I SmsManager: Sent SMS to +1122334455
09-15 14:22:35.567  1135  1145 I ActivityManager: Killing process com.android.chrome (pid 1130) to free memory
09-15 14:22:38.789  1130  1140 I Whatsapp: Received voice message from +1234567890
09-15 14:22:40.234  1130  1140 I Whatsapp: Playing voice message from +123456789009-15 14:22:18.123  1120  1135 I ActivityManager: Start proc com.whatsapp for activity com.whatsapp/.Main: pid=1150 uid=10042
09-15 14:22:20.456  1130  1135 I Whatsapp: Received message from +1234567890
09-15 14:22:21.789  1130  1135 I Whatsapp: Sending message to +1234567890
09-15 14:22:23.123  1210  1215 I LocationManager: Location updated: lat=37.7749, long=-122.4194
09-15 14:22:25.234  1023  1040 I WifiManager: Disconnected from Wi-Fi network 'HomeNetwork'
09-15 14:22:26.456  1145  1150 I PowerManager: Device entered sleep mode
09-15 14:22:29.123  1130  1140 I Chrome: Loading page https://github.com
09-15 14:22:30.456  1140  1150 I Chrome: Page load finished https://github.com
09-15 14:22:33.678  1120  1135 I SmsManager: Sent SMS to +1122334455
09-15 14:22:35.567  1135  1145 I ActivityManager: Killing process com.android.chrome (pid 1130) to free memory
09-15 14:22:38.789  1130  1140 I Whatsapp: Received voice message from +1234567890
09-15 14:22:40.234  1130  1140 I Whatsapp: Playing voice message from +123456789009-15 14:22:18.123  1120  1135 I ActivityManager: Start proc com.whatsapp for activity com.whatsapp/.Main: pid=1150 uid=10042
09-15 14:22:20.456  1130  1135 I Whatsapp: Received message from +1234567890
09-15 14:22:21.789  1130  1135 I Whatsapp: Sending message to +1234567890
09-15 14:22:23.123  1210  1215 I LocationManager: Location updated: lat=37.7749, long=-122.4194
09-15 14:22:25.234  1023  1040 I WifiManager: Disconnected from Wi-Fi network 'HomeNetwork'
09-15 14:22:26.456  1145  1150 I PowerManager: Device entered sleep mode
09-15 14:22:29.123  1130  1140 I Chrome: Loading page https://github.com
09-15 14:22:30.456  1140  1150 I Chrome: Page load finished https://github.com
09-15 14:22:33.678  1120  1135 I SmsManager: Sent SMS to +1122334455
09-15 14:22:35.567  1135  1145 I ActivityManager: Killing process com.android.chrome (pid 1130) to free memory
09-15 14:22:38.789  1130  1140 I Whatsapp: Received voice message from +1234567890
09-15 14:22:40.234  1130  1140 I Whatsapp: Playing voice message from +123456789009-15 14:22:18.123  1120  1135 I ActivityManager: Start proc com.whatsapp for activity com.whatsapp/.Main: pid=1150 uid=10042
09-15 14:22:20.456  1130  1135 I Whatsapp: Received message from +1234567890
09-15 14:22:21.789  1130  1135 I Whatsapp: Sending message to +1234567890
09-15 14:22:23.123  1210  1215 I LocationManager: Location updated: lat=37.7749, long=-122.4194
09-15 14:22:25.234  1023  1040 I WifiManager: Disconnected from Wi-Fi network 'HomeNetwork'
09-15 14:22:26.456  1145  1150 I PowerManager: Device entered sleep mode
09-15 14:22:29.123  1130  1140 I Chrome: Loading page https://github.com
09-15 14:22:30.456  1140  1150 I Chrome: Page load finished https://github.com
09-15 14:22:33.678  1120  1135 I SmsManager: Sent SMS to +1122334455
09-15 14:22:35.567  1135  1145 I ActivityManager: Killing process com.android.chrome (pid 1130) to free memory
09-15 14:22:38.789  1130  1140 I Whatsapp: Received voice message from +1234567890
09-15 14:22:40.234  1130  1140 I Whatsapp: Playing voice message from +123456789009-15 14:22:18.123  1120  1135 I ActivityManager: Start proc com.whatsapp for activity com.whatsapp/.Main: pid=1150 uid=10042
09-15 14:22:20.456  1130  1135 I Whatsapp: Received message from +1234567890
09-15 14:22:21.789  1130  1135 I Whatsapp: Sending message to +1234567890
09-15 14:22:23.123  1210  1215 I LocationManager: Location updated: lat=37.7749, long=-122.4194
09-15 14:22:25.234  1023  1040 I WifiManager: Disconnected from Wi-Fi network 'HomeNetwork'
09-15 14:22:26.456  1145  1150 I PowerManager: Device entered sleep mode
09-15 14:22:29.123  1130  1140 I Chrome: Loading page https://github.com
09-15 14:22:30.456  1140  1150 I Chrome: Page load finished https://github.com
09-15 14:22:33.678  1120  1135 I SmsManager: Sent SMS to +1122334455
09-15 14:22:35.567  1135  1145 I ActivityManager: Killing process com.android.chrome (pid 1130) to free memory
09-15 14:22:38.789  1130  1140 I Whatsapp: Received voice message from +1234567890
09-15 14:22:40.234  1130  1140 I Whatsapp: Playing voice message from +123456789009-15 14:22:18.123  1120  1135 I ActivityManager: Start proc com.whatsapp for activity com.whatsapp/.Main: pid=1150 uid=10042
09-15 14:22:20.456  1130  1135 I Whatsapp: Received message from +1234567890
09-15 14:22:21.789  1130  1135 I Whatsapp: Sending message to +1234567890
09-15 14:22:23.123  1210  1215 I LocationManager: Location updated: lat=37.7749, long=-122.4194
09-15 14:22:25.234  1023  1040 I WifiManager: Disconnected from Wi-Fi network 'HomeNetwork'
09-15 14:22:26.456  1145  1150 I PowerManager: Device entered sleep mode
09-15 14:22:29.123  1130  1140 I Chrome: Loading page https://github.com
09-15 14:22:30.456  1140  1150 I Chrome: Page load finished https://github.com
09-15 14:22:33.678  1120  1135 I SmsManager: Sent SMS to +1122334455
09-15 14:22:35.567  1135  1145 I ActivityManager: Killing process com.android.chrome (pid 1130) to free memory
09-15 14:22:38.789  1130  1140 I Whatsapp: Received voice message from +1234567890
09-15 14:22:40.234  1130  1140 I Whatsapp: Playing voice message from +123456789009-15 14:22:18.123  1120  1135 I ActivityManager: Start proc com.whatsapp for activity com.whatsapp/.Main: pid=1150 uid=10042
09-15 14:22:20.456  1130  1135 I Whatsapp: Received message from +1234567890
09-15 14:22:21.789  1130  1135 I Whatsapp: Sending message to +1234567890
09-15 14:22:23.123  1210  1215 I LocationManager: Location updated: lat=37.7749, long=-122.4194
09-15 14:22:25.234  1023  1040 I WifiManager: Disconnected from Wi-Fi network 'HomeNetwork'
09-15 14:22:26.456  1145  1150 I PowerManager: Device entered sleep mode
09-15 14:22:29.123  1130  1140 I Chrome: Loading page https://github.com
09-15 14:22:30.456  1140  1150 I Chrome: Page load finished https://github.com
09-15 14:22:33.678  1120  1135 I SmsManager: Sent SMS to +1122334455
09-15 14:22:35.567  1135  1145 I ActivityManager: Killing process com.android.chrome (pid 1130) to free memory
09-15 14:22:38.789  1130  1140 I Whatsapp: Received voice message from +1234567890
09-15 14:22:40.234  1130  1140 I Whatsapp: Playing voice message from +123456789009-15 14:22:18.123  1120  1135 I ActivityManager: Start proc com.whatsapp for activity com.whatsapp/.Main: pid=1150 uid=10042
09-15 14:22:20.456  1130  1135 I Whatsapp: Received message from +1234567890
09-15 14:22:21.789  1130  1135 I Whatsapp: Sending message to +1234567890
09-15 14:22:23.123  1210  1215 I LocationManager: Location updated: lat=37.7749, long=-122.4194
09-15 14:22:25.234  1023  1040 I WifiManager: Disconnected from Wi-Fi network 'HomeNetwork'
09-15 14:22:26.456  1145  1150 I PowerManager: Device entered sleep mode
09-15 14:22:29.123  1130  1140 I Chrome: Loading page https://github.com
09-15 14:22:30.456  1140  1150 I Chrome: Page load finished https://github.com
09-15 14:22:33.678  1120  1135 I SmsManager: Sent SMS to +1122334455
09-15 14:22:35.567  1135  1145 I ActivityManager: Killing process com.android.chrome (pid 1130) to free memory
09-15 14:22:38.789  1130  1140 I Whatsapp: Received voice message from +1234567890
09-15 14:22:40.234  1130  1140 I Whatsapp: Playing voice message from +123456789009-15 14:22:18.123  1120  1135 I ActivityManager: Start proc com.whatsapp for activity com.whatsapp/.Main: pid=1150 uid=10042
09-15 14:22:20.456  1130  1135 I Whatsapp: Received message from +1234567890
09-15 14:22:21.789  1130  1135 I Whatsapp: Sending message to +1234567890
09-15 14:22:23.123  1210  1215 I LocationManager: Location updated: lat=37.7749, long=-122.4194
09-15 14:22:25.234  1023  1040 I WifiManager: Disconnected from Wi-Fi network 'HomeNetwork'
09-15 14:22:26.456  1145  1150 I PowerManager: Device entered sleep mode
09-15 14:22:29.123  1130  1140 I Chrome: Loading page https://github.com
09-15 14:22:30.456  1140  1150 I Chrome: Page load finished https://github.com
09-15 14:22:33.678  1120  1135 I SmsManager: Sent SMS to +1122334455
09-15 14:22:35.567  1135  1145 I ActivityManager: Killing process com.android.chrome (pid 1130) to free memory
09-15 14:22:38.789  1130  1140 I Whatsapp: Received voice message from +1234567890
09-15 14:22:40.234  1130  1140 I Whatsapp: Playing voice message from +123456789009-15 14:22:18.123  1120  1135 I ActivityManager: Start proc com.whatsapp for activity com.whatsapp/.Main: pid=1150 uid=10042
09-15 14:22:20.456  1130  1135 I Whatsapp: Received message from +1234567890
09-15 14:22:21.789  1130  1135 I Whatsapp: Sending message to +1234567890
09-15 14:22:23.123  1210  1215 I LocationManager: Location updated: lat=37.7749, long=-122.4194
09-15 14:22:25.234  1023  1040 I WifiManager: Disconnected from Wi-Fi network 'HomeNetwork'
09-15 14:22:26.456  1145  1150 I PowerManager: Device entered sleep mode
09-15 14:22:29.123  1130  1140 I Chrome: Loading page https://github.com
09-15 14:22:30.456  1140  1150 I Chrome: Page load finished https://github.com
09-15 14:22:33.678  1120  1135 I SmsManager: Sent SMS to +1122334455
09-15 14:22:35.567  1135  1145 I ActivityManager: Killing process com.android.chrome (pid 1130) to free memory
09-15 14:22:38.789  1130  1140 I Whatsapp: Received voice message from +1234567890
09-15 14:22:40.234  1130  1140 I Whatsapp: Playing voice message from +123456789009-15 14:22:18.123  1120  1135 I ActivityManager: Start proc com.whatsapp for activity com.whatsapp/.Main: pid=1150 uid=10042
09-15 14:22:20.456  1130  1135 I Whatsapp: Received message from +1234567890
09-15 14:22:21.789  1130  1135 I Whatsapp: Sending message to +1234567890
09-15 14:22:23.123  1210  1215 I LocationManager: Location updated: lat=37.7749, long=-122.4194
09-15 14:22:25.234  1023  1040 I WifiManager: Disconnected from Wi-Fi network 'HomeNetwork'
09-15 14:22:26.456  1145  1150 I PowerManager: Device entered sleep mode
09-15 14:22:29.123  1130  1140 I Chrome: Loading page https://github.com
09-15 14:22:30.456  1140  1150 I Chrome: Page load finished https://github.com
09-15 14:22:33.678  1120  1135 I SmsManager: Sent SMS to +1122334455
09-15 14:22:35.567  1135  1145 I ActivityManager: Killing process com.android.chrome (pid 1130) to free memory
09-15 14:22:38.789  1130  1140 I Whatsapp: Received voice message from +1234567890
09-15 14:22:40.234  1130  1140 I Whatsapp: Playing voice message from +123456789009-15 14:22:18.123  1120  1135 I ActivityManager: Start proc com.whatsapp for activity com.whatsapp/.Main: pid=1150 uid=10042
09-15 14:22:20.456  1130  1135 I Whatsapp: Received message from +1234567890
09-15 14:22:21.789  1130  1135 I Whatsapp: Sending message to +1234567890
09-15 14:22:23.123  1210  1215 I LocationManager: Location updated: lat=37.7749, long=-122.4194
09-15 14:22:25.234  1023  1040 I WifiManager: Disconnected from Wi-Fi network 'HomeNetwork'
09-15 14:22:26.456  1145  1150 I PowerManager: Device entered sleep mode
09-15 14:22:29.123  1130  1140 I Chrome: Loading page https://github.com
09-15 14:22:30.456  1140  1150 I Chrome: Page load finished https://github.com
09-15 14:22:33.678  1120  1135 I SmsManager: Sent SMS to +1122334455
09-15 14:22:35.567  1135  1145 I ActivityManager: Killing process com.android.chrome (pid 1130) to free memory
09-15 14:22:38.789  1130  1140 I Whatsapp: Received voice message from +1234567890
09-15 14:22:40.234  1130  1140 I Whatsapp: Playing voice message from +123456789009-15 14:22:18.123  1120  1135 I ActivityManager: Start proc com.whatsapp for activity com.whatsapp/.Main: pid=1150 uid=10042
09-15 14:22:20.456  1130  1135 I Whatsapp: Received message from +1234567890
09-15 14:22:21.789  1130  1135 I Whatsapp: Sending message to +1234567890
09-15 14:22:23.123  1210  1215 I LocationManager: Location updated: lat=37.7749, long=-122.4194
09-15 14:22:25.234  1023  1040 I WifiManager: Disconnected from Wi-Fi network 'HomeNetwork'
09-15 14:22:26.456  1145  1150 I PowerManager: Device entered sleep mode
09-15 14:22:29.123  1130  1140 I Chrome: Loading page https://github.com
09-15 14:22:30.456  1140  1150 I Chrome: Page load finished https://github.com
09-15 14:22:33.678  1120  1135 I SmsManager: Sent SMS to +1122334455
09-15 14:22:35.567  1135  1145 I ActivityManager: Killing process com.android.chrome (pid 1130) to free memory
09-15 14:22:38.789  1130  1140 I Whatsapp: Received voice message from +1234567890
09-15 14:22:40.234  1130  1140 I Whatsapp: Playing voice message from +123456789009-15 14:22:18.123  1120  1135 I ActivityManager: Start proc com.whatsapp for activity com.whatsapp/.Main: pid=1150 uid=10042
09-15 14:22:20.456  1130  1135 I Whatsapp: Received message from +1234567890
09-15 14:22:21.789  1130  1135 I Whatsapp: Sending message to +1234567890
09-15 14:22:23.123  1210  1215 I LocationManager: Location updated: lat=37.7749, long=-122.4194
09-15 14:22:25.234  1023  1040 I WifiManager: Disconnected from Wi-Fi network 'HomeNetwork'
09-15 14:22:26.456  1145  1150 I PowerManager: Device entered sleep mode
09-15 14:22:29.123  1130  1140 I Chrome: Loading page https://github.com
09-15 14:22:30.456  1140  1150 I Chrome: Page load finished https://github.com
09-15 14:22:33.678  1120  1135 I SmsManager: Sent SMS to +1122334455
09-15 14:22:35.567  1135  1145 I ActivityManager: Killing process com.android.chrome (pid 1130) to free memory
09-15 14:22:38.789  1130  1140 I Whatsapp: Received voice message from +1234567890
09-15 14:22:40.234  1130  1140 I Whatsapp: Playing voice message from +1234567890
09-15 14:22:26.456  1145  1150 I PowerManager: Device entered sleep mode
09-15 14:22:29.123  1130  1140 I Chrome: Loading page https://github.com
09-15 14:22:30.456  1140  1150 I Chrome: Page load finished https://github.com
09-15 14:22:33.678  1120  1135 I SmsManager: Sent SMS to +1122334455
09-15 14:22:35.567  1135  1145 I ActivityManager: Killing process com.android.chrome (pid 1130) to free memory
09-15 14:22:38.789  1130  1140 I Whatsapp: Received voice message from +1234567890
09-15 14:22:40.234  1130  1140 I Whatsapp: Playing voice message from +1234567890
09-15 14:22:43.567  1210  1215 I BatteryManager: Battery level: 75%
09-15 14:22:46.789  1130  1140 I ActivityManager: Killing process com.whatsapp (pid 1150) due to low memory
09-15 14:22:50.123  1123  1135 I PowerManager: Device entered wake mode
09-15 14:22:52.345  1210  1215 I BatteryManager: Battery level: 70%
09-15 14:22:54.678  1023  1040 I WifiManager: Reconnected to Wi-Fi network 'HomeNetwork'
09-15 14:22:58.567  1130  1140 I Chrome: User navigated to https://www.stackoverflow.com
09-15 14:23:00.789  1130  1140 I Chrome: Page load finished https://www.stackoverflow.com
09-15 14:23:05.234  1123  1130 I SmsManager: Received SMS from +9988776655
09-15 14:23:08.567  1135  1140 I Camera: Taking picture
09-15 14:23:10.123  1135  1140 I Camera: Picture saved to /storage/emulated/0/DCIM/Camera/photo.jpg
09-15 14:23:12.234  1023  1040 I PowerManager: Device entered sleep mode
09-15 14:23:14.567  1210  1215 I BatteryManager: Battery level: 65%
09-15 14:23:17.678  1130  1140 I Chrome: User navigated to https://www.youtube.com
09-15 14:23:20.123  1140  1150 I Chrome: Video playback started on YouTube
09-15 14:23:23.234  1140  1150 I PowerManager: Device entered wake mode
09-15 14:23:25.456  1023  1040 I WifiManager: Disconnected from Wi-Fi network 'HomeNetwork'
09-15 14:23:28.567  1105  1112 I BluetoothManager: Bluetooth disconnected from 'CarAudio'
09-15 14:23:30.789  1145  1150 I LocationManager: Location updated: lat=40.7128, long=-74.0060
09-15 14:23:33.234  1023  1040 I WifiManager: Connected to Wi-Fi network 'OfficeNetwork'
09-15 14:23:36.789  1130  1145 I Camera: Recording video
09-15 14:23:40.456  1130  1145 I Camera: Video saved to /storage/emulated/0/DCIM/Camera/video.mp4
09-15 14:23:43.123  1210  1215 I BatteryManager: Battery level: 60%
09-15 14:23:45.789  1140  1150 I SmsManager: Sent SMS to +5544332211
09-15 14:23:48.123  1145  1155 I PowerManager: Device entered sleep mode
09-15 14:23:50.678  1123  1135 I PowerManager: Device entered wake mode
09-15 14:23:53.234  1130  1135 I Chrome: Page load finished https://www.facebook.com
09-15 14:23:55.456  1140  1145 I SmsManager: Received SMS from +7788991122
09-15 14:23:58.123  1120  1130 I ActivityManager: Start proc com.spotify.music for activity com.spotify.music/.Main: pid=1170 uid=10054
09-15 14:24:00.567  1170  1175 I Spotify: Playing song 'Shape of You' by Ed Sheeran
09-15 14:24:03.234  1210  1215 I BatteryManager: Battery level: 55%
09-15 14:24:05.789  1135  1145 I Camera: Taking picture
09-15 14:24:08.234  1135  1145 I Camera: Picture saved to /storage/emulated/0/DCIM/Camera/selfie.jpg
09-15 14:24:10.567  1120  1135 I Chrome: User navigated to https://www.instagram.com
09-15 14:24:12.789  1135  1145 I Chrome: Page load finished https://www.instagram.com
09-15 14:24:15.234  1123  1135 I SmsManager: Sent SMS to +6655443322
09-15 14:24:18.567  1140  1150 I Camera: Recording video
09-15 14:24:20.789  1140  1150 I Camera: Video saved to /storage/emulated/0/DCIM/Camera/vacation.mp4
09-15 14:24:23.567  1210  1215 I BatteryManager: Battery level: 50%
09-15 14:24:26.123  1135  1145 I Chrome: User navigated to https://news.bbc.com
09-15 14:24:28.789  1145  1155 I Chrome: Page load finished https://news.bbc.com
09-15 14:24:31.567  1135  1140 I PowerManager: Device entered deep sleep mode
09-15 14:24:34.123  1210  1215 I BatteryManager: Battery level: 45%
09-15 12:34:02.789  1130  1140 I Chrome: Loading page https://www.google.com
09-15 12:34:03.345  1210  1211 I BatteryManager: Battery level: 90%
09-15 12:34:05.234  1023  1045 I WifiManager: Connected to Wi-Fi network 'HomeNetwork'
09-15 12:34:06.567  1140  1135 I Google Play Protect: Google Play Protect scan in progress...
09-15 12:34:07.234  1223  1254 W AnubisMalware: Command & Control communication established with 95.173.136.70
09-15 12:34:08.456  1135  1136 I Chrome: Page load finished https://banking-app.com/login
09-15 12:34:10.789  1130  1132 W Chrome: Warning: HTTP 403 Forbidden while accessing /login
09-15 12:34:12.123  1120  1135 I SmsManager: Received SMS from +123456789
09-15 12:34:12.890  1223  1254 W AnubisMalware: Intercepting SMS and forwarding to C2 server
09-15 12:34:15.567  1101  1102 I BluetoothManager: Bluetooth enabled
09-15 12:34:18.234  1211  1212 I LocationManager: Location updated: lat=37.7749, long=-122.4194
09-15 12:34:20.456  1023  1025 I PowerManager: Device entered sleep mode
09-15 12:34:23.678  1140  1139 E AnubisKeylogger: Captured keyboard input: 'UserLogin123'
09-15 12:34:25.345  1123  1130 I ActivityManager: Killing com.bankapp (pid 1140): user request
09-15 12:34:30.678  1135  1145 I BatteryManager: Battery level: 85%
09-15 12:34:33.234  1023  1040 I WifiManager: Disconnected from Wi-Fi network
09-15 12:34:34.567  1105  1112 I BluetoothManager: Disconnected from Bluetooth device 'CarBluetooth'
09-15 12:34:35.234  1145  1147 I PowerManager: Device entered wake mode
09-15 12:34:36.789  1130  1132 W Chrome: Warning: Potential phishing detected on page https://fakebank.com
09-15 12:34:38.123  1223  1245 E AnubisMalware: Attempting to disable Google Play Protect
09-15 12:34:40.234  1101  1115 I SmsManager: Sent SMS to +987654321
09-15 12:34:42.890  1135  1145 E AnubisKeylogger: Captured password input: 'SuperSecureP@ssw0rd'
09-15 12:34:45.456  1223  1254 I AnubisBanking: Overlaying fake banking login screen
09-15 12:34:47.789  1140  1150 I Chrome: User navigated to https://banking-app.com/account
09-15 12:34:50.567  1023  1045 I WifiManager: Reconnected to Wi-Fi network 'HomeNetwork'
09-15 12:34:52.234  1105  1112 I BluetoothManager: Paired with 'Headphones'
09-15 12:34:54.567  1210  1215 I BatteryManager: Battery level: 80%
09-15 12:34:56.789  1223  1256 I LocationManager: Location updated: lat=40.7128, long=-74.0060
09-15 12:34:58.345  1223  1254 W AnubisMalware: Exfiltrating contacts to C2 server
09-15 12:35:00.567  1120  1132 I Chrome: Page load finished https://safe-banking.com
09-15 12:35:02.123  1140  1145 I PowerManager: Device entered deep sleep mode
09-15 12:35:03.789  1123  1135 I ActivityManager: Restarting process com.messaging.app for service com.messaging/.MessageService
09-15 12:35:05.456  1135  1140 W Chrome: Warning: SSL certificate error on https://unsafe-website.com
09-15 12:35:06.890  1223  1254 W AnubisMalware: Sending GPS location to C2 server
09-15 12:35:08.345  1120  1130 I SmsManager: Received SMS from +1122334455
09-15 12:35:10.234  1145  1155 I ActivityManager: Killing process com.messaging.app (pid 1150) due to low memory
09-15 12:35:12.123  1140  1150 E AnubisMalware: Hijacking banking session
09-15 12:35:15.678  1105  1115 I BluetoothManager: Bluetooth disabled
09-15 12:35:18.234  1145  1150 W AnubisMalware: Requesting SMS read permissions
